Archive member included to satisfy reference by file (symbol)

/Users/litianyi/Desktop/MounRiver Studio 2.app/Contents/Resources/app/resources/darwin/components/WCH/Toolchain/RISC-V Embedded GCC12/bin/../lib/gcc/riscv-wch-elf/12.2.0/rv32imac_zba_zbb_zbc_zbs_xw/ilp32/libgcc.a(_divdi3.o)
                              ./Peripheral/src/ch32h417_usart.o (__divdi3)
/Users/litianyi/Desktop/MounRiver Studio 2.app/Contents/Resources/app/resources/darwin/components/WCH/Toolchain/RISC-V Embedded GCC12/bin/../lib/gcc/riscv-wch-elf/12.2.0/rv32imac_zba_zbb_zbc_zbs_xw/ilp32/libgcc.a(_udivdi3.o)
                              ./Peripheral/src/ch32h417_usart.o (__udivdi3)
/Users/litianyi/Desktop/MounRiver Studio 2.app/Contents/Resources/app/resources/darwin/components/WCH/Toolchain/RISC-V Embedded GCC12/bin/../lib/gcc/riscv-wch-elf/12.2.0/rv32imac_zba_zbb_zbc_zbs_xw/ilp32/libgcc.a(addsf3.o)
                              ./modules/control/mixer.o (__addsf3)
/Users/litianyi/Desktop/MounRiver Studio 2.app/Contents/Resources/app/resources/darwin/components/WCH/Toolchain/RISC-V Embedded GCC12/bin/../lib/gcc/riscv-wch-elf/12.2.0/rv32imac_zba_zbb_zbc_zbs_xw/ilp32/libgcc.a(divsf3.o)
                              ./modules/estimator/attitude_estimator.o (__divsf3)
/Users/litianyi/Desktop/MounRiver Studio 2.app/Contents/Resources/app/resources/darwin/components/WCH/Toolchain/RISC-V Embedded GCC12/bin/../lib/gcc/riscv-wch-elf/12.2.0/rv32imac_zba_zbb_zbc_zbs_xw/ilp32/libgcc.a(gesf2.o)
                              ./modules/estimator/attitude_estimator.o (__gtsf2)
/Users/litianyi/Desktop/MounRiver Studio 2.app/Contents/Resources/app/resources/darwin/components/WCH/Toolchain/RISC-V Embedded GCC12/bin/../lib/gcc/riscv-wch-elf/12.2.0/rv32imac_zba_zbb_zbc_zbs_xw/ilp32/libgcc.a(lesf2.o)
                              ./modules/control/pid.o (__lesf2)
/Users/litianyi/Desktop/MounRiver Studio 2.app/Contents/Resources/app/resources/darwin/components/WCH/Toolchain/RISC-V Embedded GCC12/bin/../lib/gcc/riscv-wch-elf/12.2.0/rv32imac_zba_zbb_zbc_zbs_xw/ilp32/libgcc.a(mulsf3.o)
                              ./modules/control/flight_controller.o (__mulsf3)
/Users/litianyi/Desktop/MounRiver Studio 2.app/Contents/Resources/app/resources/darwin/components/WCH/Toolchain/RISC-V Embedded GCC12/bin/../lib/gcc/riscv-wch-elf/12.2.0/rv32imac_zba_zbb_zbc_zbs_xw/ilp32/libgcc.a(subsf3.o)
                              ./modules/estimator/attitude_estimator.o (__subsf3)
/Users/litianyi/Desktop/MounRiver Studio 2.app/Contents/Resources/app/resources/darwin/components/WCH/Toolchain/RISC-V Embedded GCC12/bin/../lib/gcc/riscv-wch-elf/12.2.0/rv32imac_zba_zbb_zbc_zbs_xw/ilp32/libgcc.a(fixsfsi.o)
                              ./modules/comm/logger.o (__fixsfsi)
/Users/litianyi/Desktop/MounRiver Studio 2.app/Contents/Resources/app/resources/darwin/components/WCH/Toolchain/RISC-V Embedded GCC12/bin/../lib/gcc/riscv-wch-elf/12.2.0/rv32imac_zba_zbb_zbc_zbs_xw/ilp32/libgcc.a(fixunssfsi.o)
                              ./modules/control/mixer.o (__fixunssfsi)
/Users/litianyi/Desktop/MounRiver Studio 2.app/Contents/Resources/app/resources/darwin/components/WCH/Toolchain/RISC-V Embedded GCC12/bin/../lib/gcc/riscv-wch-elf/12.2.0/rv32imac_zba_zbb_zbc_zbs_xw/ilp32/libgcc.a(floatsisf.o)
                              ./modules/control/flight_controller.o (__floatsisf)
/Users/litianyi/Desktop/MounRiver Studio 2.app/Contents/Resources/app/resources/darwin/components/WCH/Toolchain/RISC-V Embedded GCC12/bin/../lib/gcc/riscv-wch-elf/12.2.0/rv32imac_zba_zbb_zbc_zbs_xw/ilp32/libgcc.a(floatunsisf.o)
                              ./modules/control/flight_controller.o (__floatunsisf)
/Users/litianyi/Desktop/MounRiver Studio 2.app/Contents/Resources/app/resources/darwin/components/WCH/Toolchain/RISC-V Embedded GCC12/bin/../lib/gcc/riscv-wch-elf/12.2.0/rv32imac_zba_zbb_zbc_zbs_xw/ilp32/libgcc.a(save-restore.o)
                              ./drivers/sensors/imu.o (__riscv_save_11)
/Users/litianyi/Desktop/MounRiver Studio 2.app/Contents/Resources/app/resources/darwin/components/WCH/Toolchain/RISC-V Embedded GCC12/bin/../lib/gcc/riscv-wch-elf/12.2.0/rv32imac_zba_zbb_zbc_zbs_xw/ilp32/libgcc.a(_clz.o)
                              /Users/litianyi/Desktop/MounRiver Studio 2.app/Contents/Resources/app/resources/darwin/components/WCH/Toolchain/RISC-V Embedded GCC12/bin/../lib/gcc/riscv-wch-elf/12.2.0/rv32imac_zba_zbb_zbc_zbs_xw/ilp32/libgcc.a(_divdi3.o) (__clz_tab)
/Users/litianyi/Desktop/MounRiver Studio 2.app/Contents/Resources/app/resources/darwin/components/WCH/Toolchain/RISC-V Embedded GCC12/bin/../lib/gcc/riscv-wch-elf/12.2.0/../../../../riscv-wch-elf/lib/rv32imac_zba_zbb_zbc_zbs_xw/ilp32/libg_nano.a(lib_a-memcpy-asm.o)
                              ./modules/estimator/attitude_estimator.o (memcpy)
[...]
Memory Configuration

Name             Origin             Length             Attributes
FLASH            0x0000000000000000 0x0000000000020000 xr
RAM_CODE         0x00000000200a0000 0x0000000000020000 xrw
RAM              0x00000000200c0300 0x000000000003fd00 xrw
RAM_LOAD         0x00000000200c0200 0x0000000000000100 xrw
RAM_SHARED       0x0000000020178000 0x0000000000008000 xrw
*default*        0x0000000000000000 0xffffffffffffffff

Linker script and memory map

LOAD ./tasks/Src/commander_task.o
LOAD ./tasks/Src/control_task.o
LOAD ./tasks/Src/initial_task.o
LOAD ./tasks/Src/logger_task.o
LOAD ./tasks/Src/sensor_task.o
LOAD ./modules/safety/safety.o
LOAD ./modules/navigation/mission.o
LOAD ./modules/estimator/attitude_estimator.o
LOAD ./modules/control/flight_controller.o
LOAD ./modules/control/mixer.o
LOAD ./modules/control/pid.o
LOAD ./modules/comm/logger.o
LOAD ./drivers/sensors/barometer.o
LOAD ./drivers/sensors/gps.o
LOAD ./drivers/sensors/imu.o
LOAD ./drivers/sensors/rc_input.o
LOAD ./bsp/bsp_adc.o
LOAD ./bsp/bsp_board.o
LOAD ./bsp/bsp_i2c.o
LOAD ./bsp/bsp_pwm.o
LOAD ./bsp/bsp_spi.o
LOAD ./bsp/bsp_uart.o
LOAD ./app/app.o
LOAD ./User/ch32h417_it.o
LOAD ./User/main.o
LOAD ./User/system_ch32h417.o
LOAD ./Startup/startup_ch32h417_v5f.o
LOAD ./Peripheral/src/ch32h417_adc.o
LOAD ./Peripheral/src/ch32h417_can.o
LOAD ./Peripheral/src/ch32h417_crc.o
LOAD ./Peripheral/src/ch32h417_dac.o
LOAD ./Peripheral/src/ch32h417_dbgmcu.o
LOAD ./Peripheral/src/ch32h417_dfsdm.o
LOAD ./Peripheral/src/ch32h417_dma.o
LOAD ./Peripheral/src/ch32h417_dvp.o
LOAD ./Peripheral/src/ch32h417_ecdc.o
LOAD ./Peripheral/src/ch32h417_eth.o
LOAD ./Peripheral/src/ch32h417_exti.o
LOAD ./Peripheral/src/ch32h417_flash.o
LOAD ./Peripheral/src/ch32h417_fmc.o
LOAD ./Peripheral/src/ch32h417_gpha.o
LOAD ./Peripheral/src/ch32h417_gpio.o
LOAD ./Peripheral/src/ch32h417_hsadc.o
LOAD ./Peripheral/src/ch32h417_hsem.o
LOAD ./Peripheral/src/ch32h417_i2c.o
LOAD ./Peripheral/src/ch32h417_i3c.o
LOAD ./Peripheral/src/ch32h417_ipc.o
LOAD ./Peripheral/src/ch32h417_iwdg.o
LOAD ./Peripheral/src/ch32h417_lptim.o
LOAD ./Peripheral/src/ch32h417_ltdc.o
LOAD ./Peripheral/src/ch32h417_opa.o
LOAD ./Peripheral/src/ch32h417_pwr.o
LOAD ./Peripheral/src/ch32h417_qspi.o
LOAD ./Peripheral/src/ch32h417_rcc.o
LOAD ./Peripheral/src/ch32h417_rng.o
LOAD ./Peripheral/src/ch32h417_rtc.o
LOAD ./Peripheral/src/ch32h417_sai.o
LOAD ./Peripheral/src/ch32h417_sdio.o
LOAD ./Peripheral/src/ch32h417_sdmmc.o
LOAD ./Peripheral/src/ch32h417_serdes.o
LOAD ./Peripheral/src/ch32h417_spi.o
LOAD ./Peripheral/src/ch32h417_swpmi.o
LOAD ./Peripheral/src/ch32h417_tim.o
LOAD ./Peripheral/src/ch32h417_usart.o
LOAD ./Peripheral/src/ch32h417_wwdg.o
LOAD ./FreeRTOS/portable/MemMang/heap_4.o
LOAD ./FreeRTOS/portable/GCC/RISC-V/port.o
LOAD ./FreeRTOS/portable/GCC/RISC-V/portASM.o
LOAD ./FreeRTOS/croutine.o
LOAD ./FreeRTOS/event_groups.o
LOAD ./FreeRTOS/list.o
LOAD ./FreeRTOS/queue.o
LOAD ./FreeRTOS/stream_buffer.o
LOAD ./FreeRTOS/tasks.o
LOAD ./FreeRTOS/timers.o
LOAD ./Debug/debug.o
LOAD ./Core/core_riscv.o
LOAD /Users/litianyi/Desktop/MounRiver Studio 2.app/Contents/Resources/app/resources/darwin/components/WCH/Toolchain/RISC-V Embedded GCC12/bin/../lib/gcc/riscv-wch-elf/12.2.0/../../../../riscv-wch-elf/lib/rv32imac_zba_zbb_zbc_zbs_xw/ilp32/libm_nano.a
LOAD /Users/litianyi/Desktop/MounRiver Studio 2.app/Contents/Resources/app/resources/darwin/components/WCH/Toolchain/RISC-V Embedded GCC12/bin/../lib/gcc/riscv-wch-elf/12.2.0/rv32imac_zba_zbb_zbc_zbs_xw/ilp32/libgcc.a
LOAD /Users/litianyi/Desktop/MounRiver Studio 2.app/Contents/Resources/app/resources/darwin/components/WCH/Toolchain/RISC-V Embedded GCC12/bin/../lib/gcc/riscv-wch-elf/12.2.0/../../../../riscv-wch-elf/lib/rv32imac_zba_zbb_zbc_zbs_xw/ilp32/libg_nano.a
LOAD /Users/litianyi/Desktop/MounRiver Studio 2.app/Contents/Resources/app/resources/darwin/components/WCH/Toolchain/RISC-V Embedded GCC12/bin/../lib/gcc/riscv-wch-elf/12.2.0/../../../../riscv-wch-elf/lib/rv32imac_zba_zbb_zbc_zbs_xw/ilp32/libc_nano.a
LOAD /Users/litianyi/Desktop/MounRiver Studio 2.app/Contents/Resources/app/resources/darwin/components/WCH/Toolchain/RISC-V Embedded GCC12/bin/../lib/gcc/riscv-wch-elf/12.2.0/rv32imac_zba_zbb_zbc_zbs_xw/ilp32/libgcc.a
START GROUP
LOAD /Users/litianyi/Desktop/MounRiver Studio 2.app/Contents/Resources/app/resources/darwin/components/WCH/Toolchain/RISC-V Embedded GCC12/bin/../lib/gcc/riscv-wch-elf/12.2.0/rv32imac_zba_zbb_zbc_zbs_xw/ilp32/libgcc.a
LOAD /Users/litianyi/Desktop/MounRiver Studio 2.app/Contents/Resources/app/resources/darwin/components/WCH/Toolchain/RISC-V Embedded GCC12/bin/../lib/gcc/riscv-wch-elf/12.2.0/../../../../riscv-wch-elf/lib/rv32imac_zba_zbb_zbc_zbs_xw/ilp32/libc_nano.a
LOAD /Users/litianyi/Desktop/MounRiver Studio 2.app/Contents/Resources/app/resources/darwin/components/WCH/Toolchain/RISC-V Embedded GCC12/bin/../lib/gcc/riscv-wch-elf/12.2.0/../../../../riscv-wch-elf/lib/rv32imac_zba_zbb_zbc_zbs_xw/ilp32/libnosys.a
END GROUP
START GROUP
LOAD /Users/litianyi/Desktop/MounRiver Studio 2.app/Contents/Resources/app/resources/darwin/components/WCH/Toolchain/RISC-V Embedded GCC12/bin/../lib/gcc/riscv-wch-elf/12.2.0/rv32imac_zba_zbb_zbc_zbs_xw/ilp32/libgcc.a
LOAD /Users/litianyi/Desktop/MounRiver Studio 2.app/Contents/Resources/app/resources/darwin/components/WCH/Toolchain/RISC-V Embedded GCC12/bin/../lib/gcc/riscv-wch-elf/12.2.0/../../../../riscv-wch-elf/lib/rv32imac_zba_zbb_zbc_zbs_xw/ilp32/libc_nano.a
LOAD /Users/litianyi/Desktop/MounRiver Studio 2.app/Contents/Resources/app/resources/darwin/components/WCH/Toolchain/RISC-V Embedded GCC12/bin/../lib/gcc/riscv-wch-elf/12.2.0/../../../../riscv-wch-elf/lib/rv32imac_zba_zbb_zbc_zbs_xw/ilp32/libnosys.a
END GROUP
                0x0000000000001000                __stack_size = 0x1000
                [!provide]                        PROVIDE (_stack_size = __stack_size)

.init           0x0000000000000000        0x8
                0x0000000000000000                _sinit = .
                0x0000000000000000                . = ALIGN (0x4)
 *(SORT_NONE(.init))
 .init          0x0000000000000000        0x6 ./Startup/startup_ch32h417_v5f.o
                0x0000000000000000                _start
                0x0000000000000008                . = ALIGN (0x4)
 *fill*         0x0000000000000006        0x2 
                0x0000000000000008                _einit = .

.loadcodelalign
                0x0000000000000008        0x0
                0x0000000000000008                . = ALIGN (0x4)
                0x0000000000000008                PROVIDE (_loadcode_lma = .)

.loadcode       0x00000000200c0200       0xdc load address 0x0000000000000008
                0x00000000200c0200                . = ALIGN (0x4)
                0x00000000200c0200                PROVIDE (_loadcode_vma_start = .)
 *(.load)
 .load          0x00000000200c0200       0xdc ./Startup/startup_ch32h417_v5f.o
                0x00000000200c02dc                . = ALIGN (0x4)
                0x00000000200c02dc                PROVIDE (_loadcode_vma_end = .)

.highcodelalign
                0x00000000000000e4        0x0
                0x00000000000000e4                . = ALIGN (0x4)
                0x00000000000000e4                PROVIDE (_highcode_lma = .)

.highcode       0x00000000200a0000     0x62e4 load address 0x00000000000000e4
                0x00000000200a0000                . = ALIGN (0x4)
                0x00000000200a0000                PROVIDE (_highcode_vma_start = .)
 *(.vector)
 .vector        0x00000000200a0000      0x254 ./Startup/startup_ch32h417_v5f.o
 *(SORT_NONE(.vector_handler))
 *(.text)
 *fill*         0x00000000200a0254       0xac 
 .text          0x00000000200a0300      0x2e6 ./FreeRTOS/portable/GCC/RISC-V/portASM.o
                0x00000000200a0300                SW_Handler
                0x00000000200a0400                xPortStartFirstTask
                0x00000000200a0500                pxPortInitialiseStack
 .text          0x00000000200a05e6       0x60 /Users/litianyi/Desktop/MounRiver Studio 2.app/Contents/Resources/app/resources/darwin/components/WCH/Toolchain/RISC-V Embedded GCC12/bin/../lib/gcc/riscv-wch-elf/12.2.0/rv32imac_zba_zbb_zbc_zbs_xw/ilp32/libgcc.a(save-restore.o)
                0x00000000200a05e6                __riscv_save_12
                0x00000000200a05ee                __riscv_save_10
                0x00000000200a05ee                __riscv_save_8
                0x00000000200a05ee                __riscv_save_11
                0x00000000200a05ee                __riscv_save_9
                0x00000000200a05fc                __riscv_save_4
                0x00000000200a05fc                __riscv_save_7
                0x00000000200a05fc                __riscv_save_6
                0x00000000200a05fc                __riscv_save_5
                0x00000000200a0616                __riscv_save_3
                0x00000000200a0616                __riscv_save_2
                0x00000000200a0616                __riscv_save_0
                0x00000000200a0616                __riscv_save_1
                0x00000000200a0622                __riscv_restore_12
                0x00000000200a0626                __riscv_restore_8
                0x00000000200a0626                __riscv_restore_10
                0x00000000200a0626                __riscv_restore_9
                0x00000000200a0626                __riscv_restore_11
                0x00000000200a0630                __riscv_restore_5
                0x00000000200a0630                __riscv_restore_7
                0x00000000200a0630                __riscv_restore_4
                0x00000000200a0630                __riscv_restore_6
                0x00000000200a063a                __riscv_restore_3
                0x00000000200a063a                __riscv_restore_1
                0x00000000200a063a                __riscv_restore_0
                0x00000000200a063a                __riscv_restore_2
 .text          0x00000000200a0646       0x16 /Users/litianyi/Desktop/MounRiver Studio 2.app/Contents/Resources/app/resources/darwin/components/WCH/Toolchain/RISC-V Embedded GCC12/bin/../lib/gcc/riscv-wch-elf/12.2.0/../../../../riscv-wch-elf/lib/rv32imac_zba_zbb_zbc_zbs_xw/ilp32/libg_nano.a(lib_a-memcpy-asm.o)
                0x00000000200a0646                memcpy
 .text          0x00000000200a065c       0x10 /Users/litianyi/Desktop/MounRiver Studio 2.app/Contents/Resources/app/resources/darwin/components/WCH/Toolchain/RISC-V Embedded GCC12/bin/../lib/gcc/riscv-wch-elf/12.2.0/../../../../riscv-wch-elf/lib/rv32imac_zba_zbb_zbc_zbs_xw/ilp32/libg_nano.a(lib_a-memset.o)
                0x00000000200a065c                memset
 *(.text.*)
 .text.CommanderTask
                0x00000000200a066c       0x58 ./tasks/Src/commander_task.o
                0x00000000200a066c                CommanderTask
 .text.ControlTask
                0x00000000200a06c4       0x6a ./tasks/Src/control_task.o
                0x00000000200a06c4                ControlTask
 .text.task_period_ticks
                0x00000000200a072e       0x1e ./tasks/Src/initial_task.o
                0x00000000200a072e                task_period_ticks
 .text.task_record_heartbeat
                0x00000000200a074c       0xaa ./tasks/Src/initial_task.o
                0x00000000200a074c                task_record_heartbeat
 .text.tasks_create_all
                0x00000000200a07f6      0x14a ./tasks/Src/initial_task.o
                0x00000000200a07f6                tasks_create_all
 .text.LoggerTask
                0x00000000200a0940       0x3e ./tasks/Src/logger_task.o
                0x00000000200a0940                LoggerTask
 .text.SensorTask
                0x00000000200a097e       0x6c ./tasks/Src/sensor_task.o
                0x00000000200a097e                SensorTask
 .text.safety_init
                0x00000000200a09ea        0x2 ./modules/safety/safety.o
                0x00000000200a09ea                safety_init
 .text.safety_update
                0x00000000200a09ec       0x38 ./modules/safety/safety.o
                0x00000000200a09ec                safety_update
 .text.mission_init
                0x00000000200a0a24        0x2 ./modules/navigation/mission.o
                0x00000000200a0a24                mission_init
 .text.mission_update
                0x00000000200a0a26       0x1a ./modules/navigation/mission.o
                0x00000000200a0a26                mission_update
 .text.attitude_estimator_init
                0x00000000200a0a40       0x16 ./modules/estimator/attitude_estimator.o
                0x00000000200a0a40                attitude_estimator_init
 .text.attitude_estimator_update
                0x00000000200a0a56       0x60 ./modules/estimator/attitude_estimator.o
                0x00000000200a0a56                attitude_estimator_update
 .text.flight_controller_init
                0x00000000200a0ab6       0x54 ./modules/control/flight_controller.o
                0x00000000200a0ab6                flight_controller_init
 .text.flight_controller_update
                0x00000000200a0b0a      0x126 ./modules/control/flight_controller.o
                0x00000000200a0b0a                flight_controller_update
 .text.norm_to_pwm
                0x00000000200a0c30       0x44 ./modules/control/mixer.o
 .text.mixer_init
                0x00000000200a0c74        0x2 ./modules/control/mixer.o
                0x00000000200a0c74                mixer_init
 .text.mixer_mix_x_quad
                0x00000000200a0c76       0xa2 ./modules/control/mixer.o
                0x00000000200a0c76                mixer_mix_x_quad
 .text.pid_init
                0x00000000200a0d18       0x1a ./modules/control/pid.o
                0x00000000200a0d18                pid_init
 .text.pid_reset
                0x00000000200a0d32        0xc ./modules/control/pid.o
                0x00000000200a0d32                pid_reset
 .text.pid_update
                0x00000000200a0d3e       0xb2 ./modules/control/pid.o
                0x00000000200a0d3e                pid_update
 .text.logger_init
                0x00000000200a0df0        0x2 ./modules/comm/logger.o
                0x00000000200a0df0                logger_init
 .text.barometer_init
                0x00000000200a0df2        0x4 ./drivers/sensors/barometer.o
                0x00000000200a0df2                barometer_init
 .text.barometer_read
                0x00000000200a0df6        0x2 ./drivers/sensors/barometer.o
                0x00000000200a0df6                barometer_read
 .text.gps_init
                0x00000000200a0df8        0x4 ./drivers/sensors/gps.o
                0x00000000200a0df8                gps_init
 .text.gps_poll
                0x00000000200a0dfc       0x4c ./drivers/sensors/gps.o
                0x00000000200a0dfc                gps_poll
 .text.imu_decode_f32_le
                0x00000000200a0e48        0x4 ./drivers/sensors/imu.o
 .text.imu_uart_process
                0x00000000200a0e4c      0x23c ./drivers/sensors/imu.o
 .text.imu_uart_send_command.constprop.0.isra.0
                0x00000000200a1088       0x48 ./drivers/sensors/imu.o
 .text.imu_retry_init
                0x00000000200a10d0       0x9e ./drivers/sensors/imu.o
 .text.imu_init
                0x00000000200a116e       0x74 ./drivers/sensors/imu.o
                0x00000000200a116e                imu_init
 .text.imu_read
                0x00000000200a11e2       0x94 ./drivers/sensors/imu.o
                0x00000000200a11e2                imu_read
 .text.imu_read_barometer
                0x00000000200a1276       0x5e ./drivers/sensors/imu.o
                0x00000000200a1276                imu_read_barometer
 .text.rc_input_init
                0x00000000200a12d4        0x4 ./drivers/sensors/rc_input.o
                0x00000000200a12d4                rc_input_init
 .text.rc_input_poll
                0x00000000200a12d8       0x48 ./drivers/sensors/rc_input.o
                0x00000000200a12d8                rc_input_poll
 .text.bsp_adc_init
                0x00000000200a1320       0xde ./bsp/bsp_adc.o
                0x00000000200a1320                bsp_adc_init
 .text.bsp_board_led_set
                0x00000000200a13fe       0x26 ./bsp/bsp_board.o
                0x00000000200a13fe                bsp_board_led_set
 .text.bsp_board_init
                0x00000000200a1424       0xc0 ./bsp/bsp_board.o
                0x00000000200a1424                bsp_board_init
 .text.bsp_board_millis
                0x00000000200a14e4        0xa ./bsp/bsp_board.o
                0x00000000200a14e4                bsp_board_millis
 .text.vApplicationTickHook
                0x00000000200a14ee       0x1e ./bsp/bsp_board.o
                0x00000000200a14ee                vApplicationTickHook
 .text.bsp_pwm_motor_set_us
                0x00000000200a150c       0x62 ./bsp/bsp_pwm.o
                0x00000000200a150c                bsp_pwm_motor_set_us
 .text.bsp_pwm_motors_set_all_us
                0x00000000200a156e       0x1e ./bsp/bsp_pwm.o
                0x00000000200a156e                bsp_pwm_motors_set_all_us
 .text.bsp_pwm_motors_init
                0x00000000200a158c      0x130 ./bsp/bsp_pwm.o
                0x00000000200a158c                bsp_pwm_motors_init
 .text.bsp_pwm_motors_write
                0x00000000200a16bc       0x22 ./bsp/bsp_pwm.o
                0x00000000200a16bc                bsp_pwm_motors_write
 .text.init_usart_common
                0x00000000200a16de       0x28 ./bsp/bsp_uart.o
 .text.imu_uart_clear_rx_status
                0x00000000200a1706       0x76 ./bsp/bsp_uart.o
 .text.uart_wait_txe
                0x00000000200a177c       0x34 ./bsp/bsp_uart.o
 .text.bsp_uart_gps_init
                0x00000000200a17b0       0x7e ./bsp/bsp_uart.o
                0x00000000200a17b0                bsp_uart_gps_init
 .text.bsp_uart_rc_init
                0x00000000200a182e       0x7c ./bsp/bsp_uart.o
                0x00000000200a182e                bsp_uart_rc_init
 .text.bsp_uart_imu_init
                0x00000000200a18aa       0xe4 ./bsp/bsp_uart.o
                0x00000000200a18aa                bsp_uart_imu_init
 .text.bsp_uart_imu_start_rx_irq
                0x00000000200a198e       0x66 ./bsp/bsp_uart.o
                0x00000000200a198e                bsp_uart_imu_start_rx_irq
 .text.bsp_uart_debug_sample_imu_rx
                0x00000000200a19f4       0xdc ./bsp/bsp_uart.o
                0x00000000200a19f4                bsp_uart_debug_sample_imu_rx
 .text.bsp_uart_gps_read_byte
                0x00000000200a1ad0       0x32 ./bsp/bsp_uart.o
                0x00000000200a1ad0                bsp_uart_gps_read_byte
 .text.bsp_uart_rc_read_byte
                0x00000000200a1b02       0x32 ./bsp/bsp_uart.o
                0x00000000200a1b02                bsp_uart_rc_read_byte
 .text.bsp_uart_imu_read_byte
                0x00000000200a1b34       0x88 ./bsp/bsp_uart.o
                0x00000000200a1b34                bsp_uart_imu_read_byte
 .text.bsp_uart_imu_write_byte
                0x00000000200a1bbc       0x26 ./bsp/bsp_uart.o
                0x00000000200a1bbc                bsp_uart_imu_write_byte
 .text.bsp_uart_imu_write
                0x00000000200a1be2       0x1e ./bsp/bsp_uart.o
                0x00000000200a1be2                bsp_uart_imu_write
 .text.USART4_IRQHandler
                0x00000000200a1c00      0x11e ./bsp/bsp_uart.o
                0x00000000200a1c00                USART4_IRQHandler
 .text.app_state
                0x00000000200a1d1e        0x6 ./app/app.o
                0x00000000200a1d1e                app_state
 .text.app_start
                0x00000000200a1d24       0xac ./app/app.o
                0x00000000200a1d24                app_start
 .text.vApplicationMallocFailedHook
                0x00000000200a1dd0       0x32 ./app/app.o
                0x00000000200a1dd0                vApplicationMallocFailedHook
 .text.vApplicationStackOverflowHook
                0x00000000200a1e02       0x3a ./app/app.o
                0x00000000200a1e02                vApplicationStackOverflowHook
 .text.vApplicationAssertFailed
                0x00000000200a1e3c       0x76 ./app/app.o
                0x00000000200a1e3c                vApplicationAssertFailed
 .text.NMI_Handler
                0x00000000200a1eb2       0x18 ./User/ch32h417_it.o
                0x00000000200a1eb2                NMI_Handler
 .text.HardFault_Handler
                0x00000000200a1eca       0x3e ./User/ch32h417_it.o
                0x00000000200a1eca                HardFault_Handler
 .text.startup.main
                0x00000000200a1f08       0x36 ./User/main.o
                0x00000000200a1f08                main
 .text.SystemAndCoreClockUpdate
                0x00000000200a1f3e      0x15a ./User/system_ch32h417.o
                0x00000000200a1f3e                SystemAndCoreClockUpdate
 .text.vector_handler
                0x00000000200a2098        0x2 ./Startup/startup_ch32h417_v5f.o
                0x00000000200a2098                DMA2_Channel3_IRQHandler
                0x00000000200a2098                TIM8_CC_IRQHandler
                0x00000000200a2098                USART_WKUP_IRQHandler
                0x00000000200a2098                SPI4_IRQHandler
                0x00000000200a2098                DFSDM0_IRQHandler
                0x00000000200a2098                TIM1_CC_IRQHandler
                0x00000000200a2098                TIM10_IRQHandler
                0x00000000200a2098                IPC_CH2_Handler
                0x00000000200a2098                USBPD_IRQHandler
                0x00000000200a2098                TIM6_IRQHandler
                0x00000000200a2098                CAN3_RX1_IRQHandler
                0x00000000200a2098                I3C_ER_IRQHandler
                0x00000000200a2098                SDIO_IRQHandler
                0x00000000200a2098                DMA2_Channel8_IRQHandler
                0x00000000200a2098                CAN2_RX1_IRQHandler
                0x00000000200a2098                HSEM_Handler
                0x00000000200a2098                USBHS_IRQHandler
                0x00000000200a2098                LPTIM2_IRQHandler
                0x00000000200a2098                USBFSWakeup_IRQHandler
                0x00000000200a2098                I2C3_ER_IRQHandler
                0x00000000200a2098                USBFS_IRQHandler
                0x00000000200a2098                USART8_IRQHandler
                0x00000000200a2098                I2C2_EV_IRQHandler
                0x00000000200a2098                CAN1_RX0_IRQHandler
                0x00000000200a2098                CAN3_SCE_IRQHandler
                0x00000000200a2098                CAN2_SCE_IRQHandler
                0x00000000200a2098                ADC1_2_IRQHandler
                0x00000000200a2098                Break_Point_Handler
                0x00000000200a2098                IPC_CH0_Handler
                0x00000000200a2098                SPI1_IRQHandler
                0x00000000200a2098                USART5_IRQHandler
                0x00000000200a2098                SysTick0_Handler
                0x00000000200a2098                EXTI7_0_IRQHandler
                0x00000000200a2098                CAN2_RX0_IRQHandler
                0x00000000200a2098                TIM8_UP_IRQHandler
                0x00000000200a2098                Ecall_M_Mode_Handler
                0x00000000200a2098                ECDC_IRQHandler
                0x00000000200a2098                SDMMC_IRQHandler
                0x00000000200a2098                USART7_IRQHandler
                0x00000000200a2098                DMA2_Channel2_IRQHandler
                0x00000000200a2098                DMA1_Channel4_IRQHandler
                0x00000000200a2098                USART6_IRQHandler
                0x00000000200a2098                CAN3_RX0_IRQHandler
                0x00000000200a2098                HSADC_IRQHandler
                0x00000000200a2098                USART3_IRQHandler
                0x00000000200a2098                RTC_IRQHandler
                0x00000000200a2098                DMA1_Channel7_IRQHandler
                0x00000000200a2098                CAN1_RX1_IRQHandler
                0x00000000200a2098                DVP_IRQHandler
                0x00000000200a2098                USBSS_IRQHandler
                0x00000000200a2098                SWPMI_IRQHandler
                0x00000000200a2098                USBPDWakeUp_IRQHandler
                0x00000000200a2098                EXTI15_8_IRQHandler
                0x00000000200a2098                TIM4_IRQHandler
                0x00000000200a2098                DMA2_Channel1_IRQHandler
                0x00000000200a2098                SWPMI_WKUP_IRQHandler
                0x00000000200a2098                I2C1_EV_IRQHandler
                0x00000000200a2098                USBSSWakeup_IRQHandler
                0x00000000200a2098                DMA1_Channel6_IRQHandler
                0x00000000200a2098                DMA2_Channel4_IRQHandler
                0x00000000200a2098                TIM3_IRQHandler
                0x00000000200a2098                RCC_IRQHandler
                0x00000000200a2098                TIM1_TRG_COM_IRQHandler
                0x00000000200a2098                DMA1_Channel1_IRQHandler
                0x00000000200a2098                DMA2_Channel7_IRQHandler
                0x00000000200a2098                QSPI1_IRQHandler
                0x00000000200a2098                DMA1_Channel8_IRQHandler
                0x00000000200a2098                IPC_CH3_Handler
                0x00000000200a2098                I3C_EV_IRQHandler
                0x00000000200a2098                I3C_WKUP_IRQHandler
                0x00000000200a2098                TIM12_IRQHandler
                0x00000000200a2098                TIM7_IRQHandler
                0x00000000200a2098                CAN2_TX_IRQHandler
                0x00000000200a2098                TIM5_IRQHandler
                0x00000000200a2098                I2C3_EV_IRQHandler
                0x00000000200a2098                PIOC_IRQHandler
                0x00000000200a2098                TIM9_IRQHandler
                0x00000000200a2098                LTDC_IRQHandler
                0x00000000200a2098                SAI_IRQHandler
                0x00000000200a2098                ETH_WKUP_IRQHandler
                0x00000000200a2098                SPI2_IRQHandler
                0x00000000200a2098                IPC_CH1_Handler
                0x00000000200a2098                LPTIM1_WKUP_IRQHandler
                0x00000000200a2098                CAN1_TX_IRQHandler
                0x00000000200a2098                DMA2_Channel5_IRQHandler
                0x00000000200a2098                DMA1_Channel5_IRQHandler
                0x00000000200a2098                QSPI2_IRQHandler
                0x00000000200a2098                RNG_IRQHandler
                0x00000000200a2098                DMA1_Channel3_IRQHandler
                0x00000000200a2098                ETH_IRQHandler
                0x00000000200a2098                TIM1_UP_IRQHandler
                0x00000000200a2098                WWDG_IRQHandler
                0x00000000200a2098                USBHSWakeup_IRQHandler
                0x00000000200a2098                Ecall_U_Mode_Handler
                0x00000000200a2098                I2C4_EV_IRQHandler
                0x00000000200a2098                CAN3_TX_IRQHandler
                0x00000000200a2098                DMA2_Channel6_IRQHandler
                0x00000000200a2098                TIM2_IRQHandler
                0x00000000200a2098                TIM1_BRK_IRQHandler
                0x00000000200a2098                GPHA_IRQHandler
                0x00000000200a2098                LPTIM2_WKUP_IRQHandler
                0x00000000200a2098                RTCAlarm_IRQHandler
                0x00000000200a2098                TIM11_IRQHandler
                0x00000000200a2098                USART2_IRQHandler
                0x00000000200a2098                UHSIF_IRQHandler
                0x00000000200a2098                I2C2_ER_IRQHandler
                0x00000000200a2098                DMA1_Channel2_IRQHandler
                0x00000000200a2098                TIM8_BRK_IRQHandler
                0x00000000200a2098                CAN1_SCE_IRQHandler
                0x00000000200a2098                FLASH_IRQHandler
                0x00000000200a2098                USART1_IRQHandler
                0x00000000200a2098                SPI3_IRQHandler
                0x00000000200a2098                I2C1_ER_IRQHandler
                0x00000000200a2098                FMC_IRQHandler
                0x00000000200a2098                LPTIM1_IRQHandler
                0x00000000200a2098                DFSDM1_IRQHandler
                0x00000000200a2098                I2C4_ER_IRQHandler
                0x00000000200a2098                SERDES_IRQHandler
                0x00000000200a2098                USBSS_LINK_IRQHandler
                0x00000000200a2098                TIM8_TRG_COM_IRQHandler
 .text.ADC_DeInit
                0x00000000200a209a       0x40 ./Peripheral/src/ch32h417_adc.o
                0x00000000200a209a                ADC_DeInit
 .text.ADC_Init
                0x00000000200a20da       0x56 ./Peripheral/src/ch32h417_adc.o
                0x00000000200a20da                ADC_Init
 .text.ADC_Cmd  0x00000000200a2130       0x10 ./Peripheral/src/ch32h417_adc.o
                0x00000000200a2130                ADC_Cmd
 .text.ADC_ResetCalibration
                0x00000000200a2140        0xa ./Peripheral/src/ch32h417_adc.o
                0x00000000200a2140                ADC_ResetCalibration
 .text.ADC_GetResetCalibrationStatus
                0x00000000200a214a        0x8 ./Peripheral/src/ch32h417_adc.o
                0x00000000200a214a                ADC_GetResetCalibrationStatus
 .text.ADC_StartCalibration
                0x00000000200a2152       0x14 ./Peripheral/src/ch32h417_adc.o
                0x00000000200a2152                ADC_StartCalibration
 .text.ADC_GetCalibrationStatus
                0x00000000200a2166        0x8 ./Peripheral/src/ch32h417_adc.o
                0x00000000200a2166                ADC_GetCalibrationStatus
 .text.GPIO_Init
                0x00000000200a216e       0xe0 ./Peripheral/src/ch32h417_gpio.o
                0x00000000200a216e                GPIO_Init
 .text.GPIO_ReadInputData
                0x00000000200a224e        0x8 ./Peripheral/src/ch32h417_gpio.o
                0x00000000200a224e                GPIO_ReadInputData
 .text.GPIO_SetBits
                0x00000000200a2256        0x4 ./Peripheral/src/ch32h417_gpio.o
                0x00000000200a2256                GPIO_SetBits
 .text.GPIO_ResetBits
                0x00000000200a225a        0x4 ./Peripheral/src/ch32h417_gpio.o
                0x00000000200a225a                GPIO_ResetBits
 .text.GPIO_PinAFConfig
                0x00000000200a225e      0x1e8 ./Peripheral/src/ch32h417_gpio.o
                0x00000000200a225e                GPIO_PinAFConfig
 .text.RCC_ADCHCLKCLKAsSourceConfig
                0x00000000200a2446       0x1a ./Peripheral/src/ch32h417_rcc.o
                0x00000000200a2446                RCC_ADCHCLKCLKAsSourceConfig
 .text.RCC_GetClocksFreq
                0x00000000200a2460      0x1aa ./Peripheral/src/ch32h417_rcc.o
                0x00000000200a2460                RCC_GetClocksFreq
 .text.RCC_HB2PeriphClockCmd
                0x00000000200a260a       0x1c ./Peripheral/src/ch32h417_rcc.o
                0x00000000200a260a                RCC_HB2PeriphClockCmd
 .text.RCC_HB1PeriphClockCmd
                0x00000000200a2626       0x1c ./Peripheral/src/ch32h417_rcc.o
                0x00000000200a2626                RCC_HB1PeriphClockCmd
 .text.RCC_HB2PeriphResetCmd
                0x00000000200a2642       0x1c ./Peripheral/src/ch32h417_rcc.o
                0x00000000200a2642                RCC_HB2PeriphResetCmd
 .text.RCC_ADCCLKConfig
                0x00000000200a265e       0x16 ./Peripheral/src/ch32h417_rcc.o
                0x00000000200a265e                RCC_ADCCLKConfig
 .text.TIM_TimeBaseInit
                0x00000000200a2674       0x7c ./Peripheral/src/ch32h417_tim.o
                0x00000000200a2674                TIM_TimeBaseInit
 .text.TIM_OC1Init
                0x00000000200a26f0       0x72 ./Peripheral/src/ch32h417_tim.o
                0x00000000200a26f0                TIM_OC1Init
 .text.TIM_OC2Init
                0x00000000200a2762       0x9a ./Peripheral/src/ch32h417_tim.o
                0x00000000200a2762                TIM_OC2Init
 .text.TIM_OC3Init
                0x00000000200a27fc       0x98 ./Peripheral/src/ch32h417_tim.o
                0x00000000200a27fc                TIM_OC3Init
 .text.TIM_OC4Init
                0x00000000200a2894       0x70 ./Peripheral/src/ch32h417_tim.o
                0x00000000200a2894                TIM_OC4Init
 .text.TIM_Cmd  0x00000000200a2904       0x18 ./Peripheral/src/ch32h417_tim.o
                0x00000000200a2904                TIM_Cmd
 .text.TIM_CtrlPWMOutputs
                0x00000000200a291c       0x16 ./Peripheral/src/ch32h417_tim.o
                0x00000000200a291c                TIM_CtrlPWMOutputs
 .text.TIM_ARRPreloadConfig
                0x00000000200a2932       0x1a ./Peripheral/src/ch32h417_tim.o
                0x00000000200a2932                TIM_ARRPreloadConfig
 .text.TIM_OC1PreloadConfig
                0x00000000200a294c        0xe ./Peripheral/src/ch32h417_tim.o
                0x00000000200a294c                TIM_OC1PreloadConfig
 .text.TIM_OC2PreloadConfig
                0x00000000200a295a       0x16 ./Peripheral/src/ch32h417_tim.o
                0x00000000200a295a                TIM_OC2PreloadConfig
 .text.TIM_OC3PreloadConfig
                0x00000000200a2970        0xe ./Peripheral/src/ch32h417_tim.o
                0x00000000200a2970                TIM_OC3PreloadConfig
 .text.TIM_OC4PreloadConfig
                0x00000000200a297e       0x16 ./Peripheral/src/ch32h417_tim.o
                0x00000000200a297e                TIM_OC4PreloadConfig
 .text.TIM_SetCompare1
                0x00000000200a2994        0x4 ./Peripheral/src/ch32h417_tim.o
                0x00000000200a2994                TIM_SetCompare1
 .text.TIM_SetCompare2
                0x00000000200a2998        0x4 ./Peripheral/src/ch32h417_tim.o
                0x00000000200a2998                TIM_SetCompare2
 .text.TIM_SetCompare3
                0x00000000200a299c        0x4 ./Peripheral/src/ch32h417_tim.o
                0x00000000200a299c                TIM_SetCompare3
 .text.TIM_SetCompare4
                0x00000000200a29a0        0x6 ./Peripheral/src/ch32h417_tim.o
                0x00000000200a29a0                TIM_SetCompare4
 .text.USART_Init
                0x00000000200a29a6       0xb0 ./Peripheral/src/ch32h417_usart.o
                0x00000000200a29a6                USART_Init
 .text.USART_Cmd
                0x00000000200a2a56       0x14 ./Peripheral/src/ch32h417_usart.o
                0x00000000200a2a56                USART_Cmd
 .text.USART_ITConfig
                0x00000000200a2a6a       0x42 ./Peripheral/src/ch32h417_usart.o
                0x00000000200a2a6a                USART_ITConfig
 .text.USART_SendData
                0x00000000200a2aac        0x8 ./Peripheral/src/ch32h417_usart.o
                0x00000000200a2aac                USART_SendData
 .text.USART_ReceiveData
                0x00000000200a2ab4        0x8 ./Peripheral/src/ch32h417_usart.o
                0x00000000200a2ab4                USART_ReceiveData
 .text.USART_GetFlagStatus
                0x00000000200a2abc        0xa ./Peripheral/src/ch32h417_usart.o
                0x00000000200a2abc                USART_GetFlagStatus
 .text.pvPortMalloc
                0x00000000200a2ac6      0x1e8 ./FreeRTOS/portable/MemMang/heap_4.o
                0x00000000200a2ac6                pvPortMalloc
 .text.vPortFree
                0x00000000200a2cae      0x120 ./FreeRTOS/portable/MemMang/heap_4.o
                0x00000000200a2cae                vPortFree
 .text.xPortGetFreeHeapSize
                0x00000000200a2dce        0x6 ./FreeRTOS/portable/MemMang/heap_4.o
                0x00000000200a2dce                xPortGetFreeHeapSize
 .text.xPortGetMinimumEverFreeHeapSize
                0x00000000200a2dd4        0x6 ./FreeRTOS/portable/MemMang/heap_4.o
                0x00000000200a2dd4                xPortGetMinimumEverFreeHeapSize
 .text.vPortSetupTimerInterrupt
                0x00000000200a2dda       0x4e ./FreeRTOS/portable/GCC/RISC-V/port.o
                0x00000000200a2dda                vPortSetupTimerInterrupt
 .text.xPortStartScheduler
                0x00000000200a2e28       0x68 ./FreeRTOS/portable/GCC/RISC-V/port.o
                0x00000000200a2e28                xPortStartScheduler
 .text.SysTick1_Handler
                0x00000000200a2e90       0xa6 ./FreeRTOS/portable/GCC/RISC-V/port.o
                0x00000000200a2e90                SysTick1_Handler
 .text.vPortEnterCritical
                0x00000000200a2f36       0x16 ./FreeRTOS/portable/GCC/RISC-V/port.o
                0x00000000200a2f36                vPortEnterCritical
 .text.vPortExitCritical
                0x00000000200a2f4c       0x34 ./FreeRTOS/portable/GCC/RISC-V/port.o
                0x00000000200a2f4c                vPortExitCritical
 .text.vListInitialise
                0x00000000200a2f80       0x14 ./FreeRTOS/list.o
                0x00000000200a2f80                vListInitialise
 .text.vListInitialiseItem
                0x00000000200a2f94        0x6 ./FreeRTOS/list.o
                0x00000000200a2f94                vListInitialiseItem
 .text.vListInsert
                0x00000000200a2f9a       0x2e ./FreeRTOS/list.o
                0x00000000200a2f9a                vListInsert
 .text.uxListRemove
                0x00000000200a2fc8       0x1e ./FreeRTOS/list.o
                0x00000000200a2fc8                uxListRemove
 .text.prvAddCurrentTaskToDelayedList
                0x00000000200a2fe6       0x96 ./FreeRTOS/tasks.o
 .text.prvResetNextTaskUnblockTime
                0x00000000200a307c       0x1a ./FreeRTOS/tasks.o
 .text.prvCheckTasksWaitingTermination
                0x00000000200a3096       0x50 ./FreeRTOS/tasks.o
 .text.prvIdleTask
                0x00000000200a30e6        0xa ./FreeRTOS/tasks.o
 .text.xTaskCreate
                0x00000000200a30f0      0x1ce ./FreeRTOS/tasks.o
                0x00000000200a30f0                xTaskCreate
 .text.vTaskStartScheduler
                0x00000000200a32be       0x84 ./FreeRTOS/tasks.o
                0x00000000200a32be                vTaskStartScheduler
 .text.vTaskSuspendAll
                0x00000000200a3342        0xc ./FreeRTOS/tasks.o
                0x00000000200a3342                vTaskSuspendAll
 .text.xTaskGetTickCount
                0x00000000200a334e        0x6 ./FreeRTOS/tasks.o
                0x00000000200a334e                xTaskGetTickCount
 .text.xTaskIncrementTick
                0x00000000200a3354      0x166 ./FreeRTOS/tasks.o
                0x00000000200a3354                xTaskIncrementTick
 .text.xTaskResumeAll
                0x00000000200a34ba      0x11e ./FreeRTOS/tasks.o
                0x00000000200a34ba                xTaskResumeAll
 .text.xTaskDelayUntil
                0x00000000200a35d8       0x94 ./FreeRTOS/tasks.o
                0x00000000200a35d8                xTaskDelayUntil
 .text.vTaskDelay
                0x00000000200a366c       0x50 ./FreeRTOS/tasks.o
                0x00000000200a366c                vTaskDelay
 .text.vTaskSwitchContext
                0x00000000200a36bc      0x114 ./FreeRTOS/tasks.o
                0x00000000200a36bc                vTaskSwitchContext
 .text.uxTaskGetStackHighWaterMark
                0x00000000200a37d0       0x40 ./FreeRTOS/tasks.o
                0x00000000200a37d0                uxTaskGetStackHighWaterMark
 .text.xTaskGetCurrentTaskHandle
                0x00000000200a3810        0x6 ./FreeRTOS/tasks.o
                0x00000000200a3810                xTaskGetCurrentTaskHandle
 .text.xTaskGetSchedulerState
                0x00000000200a3816       0x14 ./FreeRTOS/tasks.o
                0x00000000200a3816                xTaskGetSchedulerState
 .text.delay_systick_cycles.part.0
                0x00000000200a382a       0x5c ./Debug/debug.o
 .text.Delay_Init
                0x00000000200a3886       0x22 ./Debug/debug.o
                0x00000000200a3886                Delay_Init
 .text.Delay_Ms
                0x00000000200a38a8       0x2a ./Debug/debug.o
                0x00000000200a38a8                Delay_Ms
 .text.USART_Printf_Init
                0x00000000200a38d2       0x76 ./Debug/debug.o
                0x00000000200a38d2                USART_Printf_Init
 .text._write   0x00000000200a3948       0x54 ./Debug/debug.o
                0x00000000200a3948                _write
 .text._sbrk    0x00000000200a399c       0x2a ./Debug/debug.o
                0x00000000200a399c                _sbrk
 .text.__udivdi3
                0x00000000200a39c6      0x39a /Users/litianyi/Desktop/MounRiver Studio 2.app/Contents/Resources/app/resources/darwin/components/WCH/Toolchain/RISC-V Embedded GCC12/bin/../lib/gcc/riscv-wch-elf/12.2.0/rv32imac_zba_zbb_zbc_zbs_xw/ilp32/libgcc.a(_udivdi3.o)
                0x00000000200a39c6                __udivdi3
 .text.__addsf3
                0x00000000200a3d60      0x358 /Users/litianyi/Desktop/MounRiver Studio 2.app/Contents/Resources/app/resources/darwin/components/WCH/Toolchain/RISC-V Embedded GCC12/bin/../lib/gcc/riscv-wch-elf/12.2.0/rv32imac_zba_zbb_zbc_zbs_xw/ilp32/libgcc.a(addsf3.o)
                0x00000000200a3d60                __addsf3
 .text.__divsf3
                0x00000000200a40b8      0x2be /Users/litianyi/Desktop/MounRiver Studio 2.app/Contents/Resources/app/resources/darwin/components/WCH/Toolchain/RISC-V Embedded GCC12/bin/../lib/gcc/riscv-wch-elf/12.2.0/rv32imac_zba_zbb_zbc_zbs_xw/ilp32/libgcc.a(divsf3.o)
                0x00000000200a40b8                __divsf3
 .text.__gesf2  0x00000000200a4376       0x96 /Users/litianyi/Desktop/MounRiver Studio 2.app/Contents/Resources/app/resources/darwin/components/WCH/Toolchain/RISC-V Embedded GCC12/bin/../lib/gcc/riscv-wch-elf/12.2.0/rv32imac_zba_zbb_zbc_zbs_xw/ilp32/libgcc.a(gesf2.o)
                0x00000000200a4376                __gtsf2
                0x00000000200a4376                __gesf2
 .text.__lesf2  0x00000000200a440c       0x98 /Users/litianyi/Desktop/MounRiver Studio 2.app/Contents/Resources/app/resources/darwin/components/WCH/Toolchain/RISC-V Embedded GCC12/bin/../lib/gcc/riscv-wch-elf/12.2.0/rv32imac_zba_zbb_zbc_zbs_xw/ilp32/libgcc.a(lesf2.o)
                0x00000000200a440c                __lesf2
                0x00000000200a440c                __ltsf2
 .text.__mulsf3
                0x00000000200a44a4      0x2c6 /Users/litianyi/Desktop/MounRiver Studio 2.app/Contents/Resources/app/resources/darwin/components/WCH/Toolchain/RISC-V Embedded GCC12/bin/../lib/gcc/riscv-wch-elf/12.2.0/rv32imac_zba_zbb_zbc_zbs_xw/ilp32/libgcc.a(mulsf3.o)
                0x00000000200a44a4                __mulsf3
 .text.__subsf3
                0x00000000200a476a      0x378 /Users/litianyi/Desktop/MounRiver Studio 2.app/Contents/Resources/app/resources/darwin/components/WCH/Toolchain/RISC-V Embedded GCC12/bin/../lib/gcc/riscv-wch-elf/12.2.0/rv32imac_zba_zbb_zbc_zbs_xw/ilp32/libgcc.a(subsf3.o)
                0x00000000200a476a                __subsf3
 .text.__fixunssfsi
                0x00000000200a4ae2       0x4e /Users/litianyi/Desktop/MounRiver Studio 2.app/Contents/Resources/app/resources/darwin/components/WCH/Toolchain/RISC-V Embedded GCC12/bin/../lib/gcc/riscv-wch-elf/12.2.0/rv32imac_zba_zbb_zbc_zbs_xw/ilp32/libgcc.a(fixunssfsi.o)
                0x00000000200a4ae2                __fixunssfsi
 .text.__floatsisf
                0x00000000200a4b30       0xc0 /Users/litianyi/Desktop/MounRiver Studio 2.app/Contents/Resources/app/resources/darwin/components/WCH/Toolchain/RISC-V Embedded GCC12/bin/../lib/gcc/riscv-wch-elf/12.2.0/rv32imac_zba_zbb_zbc_zbs_xw/ilp32/libgcc.a(floatsisf.o)
                0x00000000200a4b30                __floatsisf
 .text.__floatunsisf
                0x00000000200a4bf0       0xa8 /Users/litianyi/Desktop/MounRiver Studio 2.app/Contents/Resources/app/resources/darwin/components/WCH/Toolchain/RISC-V Embedded GCC12/bin/../lib/gcc/riscv-wch-elf/12.2.0/rv32imac_zba_zbb_zbc_zbs_xw/ilp32/libgcc.a(floatunsisf.o)
                0x00000000200a4bf0                __floatunsisf
 .text.printf   0x00000000200a4c98       0x38 /Users/litianyi/Desktop/MounRiver Studio 2.app/Contents/Resources/app/resources/darwin/components/WCH/Toolchain/RISC-V Embedded GCC12/bin/../lib/gcc/riscv-wch-elf/12.2.0/../../../../riscv-wch-elf/lib/rv32imac_zba_zbb_zbc_zbs_xw/ilp32/libg_nano.a(lib_a-printf.o)
                0x00000000200a4c98                printf
                0x00000000200a4c98                iprintf
 .text.std      0x00000000200a4cd0       0x66 /Users/litianyi/Desktop/MounRiver Studio 2.app/Contents/Resources/app/resources/darwin/components/WCH/Toolchain/RISC-V Embedded GCC12/bin/../lib/gcc/riscv-wch-elf/12.2.0/../../../../riscv-wch-elf/lib/rv32imac_zba_zbb_zbc_zbs_xw/ilp32/libg_nano.a(lib_a-findfp.o)
 .text._cleanup_r
                0x00000000200a4d36        0xa /Users/litianyi/Desktop/MounRiver Studio 2.app/Contents/Resources/app/resources/darwin/components/WCH/Toolchain/RISC-V Embedded GCC12/bin/../lib/gcc/riscv-wch-elf/12.2.0/../../../../riscv-wch-elf/lib/rv32imac_zba_zbb_zbc_zbs_xw/ilp32/libg_nano.a(lib_a-findfp.o)
                0x00000000200a4d36                _cleanup_r
 .text.__sfmoreglue
                0x00000000200a4d40       0x46 /Users/litianyi/Desktop/MounRiver Studio 2.app/Contents/Resources/app/resources/darwin/components/WCH/Toolchain/RISC-V Embedded GCC12/bin/../lib/gcc/riscv-wch-elf/12.2.0/../../../../riscv-wch-elf/lib/rv32imac_zba_zbb_zbc_zbs_xw/ilp32/libg_nano.a(lib_a-findfp.o)
                0x00000000200a4d40                __sfmoreglue
 .text.__sfp_lock_acquire
                0x00000000200a4d86        0x6 /Users/litianyi/Desktop/MounRiver Studio 2.app/Contents/Resources/app/resources/darwin/components/WCH/Toolchain/RISC-V Embedded GCC12/bin/../lib/gcc/riscv-wch-elf/12.2.0/../../../../riscv-wch-elf/lib/rv32imac_zba_zbb_zbc_zbs_xw/ilp32/libg_nano.a(lib_a-findfp.o)
                0x00000000200a4d86                __sfp_lock_acquire
 .text.__sfp_lock_release
                0x00000000200a4d8c        0x6 /Users/litianyi/Desktop/MounRiver Studio 2.app/Contents/Resources/app/resources/darwin/components/WCH/Toolchain/RISC-V Embedded GCC12/bin/../lib/gcc/riscv-wch-elf/12.2.0/../../../../riscv-wch-elf/lib/rv32imac_zba_zbb_zbc_zbs_xw/ilp32/libg_nano.a(lib_a-findfp.o)
                0x00000000200a4d8c                __sfp_lock_release
 .text.__sinit_lock_acquire
                0x00000000200a4d92        0x6 /Users/litianyi/Desktop/MounRiver Studio 2.app/Contents/Resources/app/resources/darwin/components/WCH/Toolchain/RISC-V Embedded GCC12/bin/../lib/gcc/riscv-wch-elf/12.2.0/../../../../riscv-wch-elf/lib/rv32imac_zba_zbb_zbc_zbs_xw/ilp32/libg_nano.a(lib_a-findfp.o)
                0x00000000200a4d92                __sinit_lock_acquire
 .text.__sinit_lock_release
                0x00000000200a4d98        0x6 /Users/litianyi/Desktop/MounRiver Studio 2.app/Contents/Resources/app/resources/darwin/components/WCH/Toolchain/RISC-V Embedded GCC12/bin/../lib/gcc/riscv-wch-elf/12.2.0/../../../../riscv-wch-elf/lib/rv32imac_zba_zbb_zbc_zbs_xw/ilp32/libg_nano.a(lib_a-findfp.o)
                0x00000000200a4d98                __sinit_lock_release
 .text.__sinit  0x00000000200a4d9e       0x72 /Users/litianyi/Desktop/MounRiver Studio 2.app/Contents/Resources/app/resources/darwin/components/WCH/Toolchain/RISC-V Embedded GCC12/bin/../lib/gcc/riscv-wch-elf/12.2.0/../../../../riscv-wch-elf/lib/rv32imac_zba_zbb_zbc_zbs_xw/ilp32/libg_nano.a(lib_a-findfp.o)
                0x00000000200a4d9e                __sinit
 .text.__sfp    0x00000000200a4e10       0xb0 /Users/litianyi/Desktop/MounRiver Studio 2.app/Contents/Resources/app/resources/darwin/components/WCH/Toolchain/RISC-V Embedded GCC12/bin/../lib/gcc/riscv-wch-elf/12.2.0/../../../../riscv-wch-elf/lib/rv32imac_zba_zbb_zbc_zbs_xw/ilp32/libg_nano.a(lib_a-findfp.o)
                0x00000000200a4e10                __sfp
 .text._fwalk_reent
                0x00000000200a4ec0       0x68 /Users/litianyi/Desktop/MounRiver Studio 2.app/Contents/Resources/app/resources/darwin/components/WCH/Toolchain/RISC-V Embedded GCC12/bin/../lib/gcc/riscv-wch-elf/12.2.0/../../../../riscv-wch-elf/lib/rv32imac_zba_zbb_zbc_zbs_xw/ilp32/libg_nano.a(lib_a-fwalk.o)
                0x00000000200a4ec0                _fwalk_reent
 .text.__retarget_lock_init_recursive
                0x00000000200a4f28        0x2 /Users/litianyi/Desktop/MounRiver Studio 2.app/Contents/Resources/app/resources/darwin/components/WCH/Toolchain/RISC-V Embedded GCC12/bin/../lib/gcc/riscv-wch-elf/12.2.0/../../../../riscv-wch-elf/lib/rv32imac_zba_zbb_zbc_zbs_xw/ilp32/libg_nano.a(lib_a-lock.o)
                0x00000000200a4f28                __retarget_lock_init_recursive
 .text.__retarget_lock_acquire_recursive
                0x00000000200a4f2a        0x2 /Users/litianyi/Desktop/MounRiver Studio 2.app/Contents/Resources/app/resources/darwin/components/WCH/Toolchain/RISC-V Embedded GCC12/bin/../lib/gcc/riscv-wch-elf/12.2.0/../../../../riscv-wch-elf/lib/rv32imac_zba_zbb_zbc_zbs_xw/ilp32/libg_nano.a(lib_a-lock.o)
                0x00000000200a4f2a                __retarget_lock_acquire_recursive
 .text.__retarget_lock_release_recursive
                0x00000000200a4f2c        0x2 /Users/litianyi/Desktop/MounRiver Studio 2.app/Contents/Resources/app/resources/darwin/components/WCH/Toolchain/RISC-V Embedded GCC12/bin/../lib/gcc/riscv-wch-elf/12.2.0/../../../../riscv-wch-elf/lib/rv32imac_zba_zbb_zbc_zbs_xw/ilp32/libg_nano.a(lib_a-lock.o)
                0x00000000200a4f2c                __retarget_lock_release_recursive
 .text.sbrk_aligned
                0x00000000200a4f2e       0x54 /Users/litianyi/Desktop/MounRiver Studio 2.app/Contents/Resources/app/resources/darwin/components/WCH/Toolchain/RISC-V Embedded GCC12/bin/../lib/gcc/riscv-wch-elf/12.2.0/../../../../riscv-wch-elf/lib/rv32imac_zba_zbb_zbc_zbs_xw/ilp32/libg_nano.a(lib_a-nano-mallocr.o)
 .text._malloc_r
                0x00000000200a4f82      0x10c /Users/litianyi/Desktop/MounRiver Studio 2.app/Contents/Resources/app/resources/darwin/components/WCH/Toolchain/RISC-V Embedded GCC12/bin/../lib/gcc/riscv-wch-elf/12.2.0/../../../../riscv-wch-elf/lib/rv32imac_zba_zbb_zbc_zbs_xw/ilp32/libg_nano.a(lib_a-nano-mallocr.o)
                0x00000000200a4f82                _malloc_r
 .text.__sfputc_r
                0x00000000200a508e       0x26 /Users/litianyi/Desktop/MounRiver Studio 2.app/Contents/Resources/app/resources/darwin/components/WCH/Toolchain/RISC-V Embedded GCC12/bin/../lib/gcc/riscv-wch-elf/12.2.0/../../../../riscv-wch-elf/lib/rv32imac_zba_zbb_zbc_zbs_xw/ilp32/libg_nano.a(lib_a-nano-vfprintf.o)
 .text.__sfputs_r
                0x00000000200a50b4       0x42 /Users/litianyi/Desktop/MounRiver Studio 2.app/Contents/Resources/app/resources/darwin/components/WCH/Toolchain/RISC-V Embedded GCC12/bin/../lib/gcc/riscv-wch-elf/12.2.0/../../../../riscv-wch-elf/lib/rv32imac_zba_zbb_zbc_zbs_xw/ilp32/libg_nano.a(lib_a-nano-vfprintf.o)
                0x00000000200a50b4                __sfputs_r
 .text._vfprintf_r
                0x00000000200a50f6      0x2be /Users/litianyi/Desktop/MounRiver Studio 2.app/Contents/Resources/app/resources/darwin/components/WCH/Toolchain/RISC-V Embedded GCC12/bin/../lib/gcc/riscv-wch-elf/12.2.0/../../../../riscv-wch-elf/lib/rv32imac_zba_zbb_zbc_zbs_xw/ilp32/libg_nano.a(lib_a-nano-vfprintf.o)
                0x00000000200a50f6                _vfiprintf_r
                0x00000000200a50f6                _vfprintf_r
 .text._sbrk_r  0x00000000200a53b4       0x28 /Users/litianyi/Desktop/MounRiver Studio 2.app/Contents/Resources/app/resources/darwin/components/WCH/Toolchain/RISC-V Embedded GCC12/bin/../lib/gcc/riscv-wch-elf/12.2.0/../../../../riscv-wch-elf/lib/rv32imac_zba_zbb_zbc_zbs_xw/ilp32/libg_nano.a(lib_a-sbrkr.o)
                0x00000000200a53b4                _sbrk_r
 .text.__sread  0x00000000200a53dc       0x2c /Users/litianyi/Desktop/MounRiver Studio 2.app/Contents/Resources/app/resources/darwin/components/WCH/Toolchain/RISC-V Embedded GCC12/bin/../lib/gcc/riscv-wch-elf/12.2.0/../../../../riscv-wch-elf/lib/rv32imac_zba_zbb_zbc_zbs_xw/ilp32/libg_nano.a(lib_a-stdio.o)
                0x00000000200a53dc                __sread
 .text.__swrite
                0x00000000200a5408       0x46 /Users/litianyi/Desktop/MounRiver Studio 2.app/Contents/Resources/app/resources/darwin/components/WCH/Toolchain/RISC-V Embedded GCC12/bin/../lib/gcc/riscv-wch-elf/12.2.0/../../../../riscv-wch-elf/lib/rv32imac_zba_zbb_zbc_zbs_xw/ilp32/libg_nano.a(lib_a-stdio.o)
                0x00000000200a5408                __swrite
 .text.__sseek  0x00000000200a544e       0x2e /Users/litianyi/Desktop/MounRiver Studio 2.app/Contents/Resources/app/resources/darwin/components/WCH/Toolchain/RISC-V Embedded GCC12/bin/../lib/gcc/riscv-wch-elf/12.2.0/../../../../riscv-wch-elf/lib/rv32imac_zba_zbb_zbc_zbs_xw/ilp32/libg_nano.a(lib_a-stdio.o)
                0x00000000200a544e                __sseek
 .text.__sclose
                0x00000000200a547c        0x6 /Users/litianyi/Desktop/MounRiver Studio 2.app/Contents/Resources/app/resources/darwin/components/WCH/Toolchain/RISC-V Embedded GCC12/bin/../lib/gcc/riscv-wch-elf/12.2.0/../../../../riscv-wch-elf/lib/rv32imac_zba_zbb_zbc_zbs_xw/ilp32/libg_nano.a(lib_a-stdio.o)
                0x00000000200a547c                __sclose
 .text.__swbuf_r
                0x00000000200a5482       0xbe /Users/litianyi/Desktop/MounRiver Studio 2.app/Contents/Resources/app/resources/darwin/components/WCH/Toolchain/RISC-V Embedded GCC12/bin/../lib/gcc/riscv-wch-elf/12.2.0/../../../../riscv-wch-elf/lib/rv32imac_zba_zbb_zbc_zbs_xw/ilp32/libg_nano.a(lib_a-wbuf.o)
                0x00000000200a5482                __swbuf_r
 .text._write_r
                0x00000000200a5540       0x2c /Users/litianyi/Desktop/MounRiver Studio 2.app/Contents/Resources/app/resources/darwin/components/WCH/Toolchain/RISC-V Embedded GCC12/bin/../lib/gcc/riscv-wch-elf/12.2.0/../../../../riscv-wch-elf/lib/rv32imac_zba_zbb_zbc_zbs_xw/ilp32/libg_nano.a(lib_a-writer.o)
                0x00000000200a5540                _write_r
 .text.__swsetup_r
                0x00000000200a556c       0xf0 /Users/litianyi/Desktop/MounRiver Studio 2.app/Contents/Resources/app/resources/darwin/components/WCH/Toolchain/RISC-V Embedded GCC12/bin/../lib/gcc/riscv-wch-elf/12.2.0/../../../../riscv-wch-elf/lib/rv32imac_zba_zbb_zbc_zbs_xw/ilp32/libg_nano.a(lib_a-wsetup.o)
                0x00000000200a556c                __swsetup_r
 .text._close_r
                0x00000000200a565c       0x28 /Users/litianyi/Desktop/MounRiver Studio 2.app/Contents/Resources/app/resources/darwin/components/WCH/Toolchain/RISC-V Embedded GCC12/bin/../lib/gcc/riscv-wch-elf/12.2.0/../../../../riscv-wch-elf/lib/rv32imac_zba_zbb_zbc_zbs_xw/ilp32/libg_nano.a(lib_a-closer.o)
                0x00000000200a565c                _close_r
 .text.__sflush_r
                0x00000000200a5684      0x132 /Users/litianyi/Desktop/MounRiver Studio 2.app/Contents/Resources/app/resources/darwin/components/WCH/Toolchain/RISC-V Embedded GCC12/bin/../lib/gcc/riscv-wch-elf/12.2.0/../../../../riscv-wch-elf/lib/rv32imac_zba_zbb_zbc_zbs_xw/ilp32/libg_nano.a(lib_a-fflush.o)
                0x00000000200a5684                __sflush_r
 .text._fflush_r
                0x00000000200a57b6       0x8e /Users/litianyi/Desktop/MounRiver Studio 2.app/Contents/Resources/app/resources/darwin/components/WCH/Toolchain/RISC-V Embedded GCC12/bin/../lib/gcc/riscv-wch-elf/12.2.0/../../../../riscv-wch-elf/lib/rv32imac_zba_zbb_zbc_zbs_xw/ilp32/libg_nano.a(lib_a-fflush.o)
                0x00000000200a57b6                _fflush_r
 .text._lseek_r
                0x00000000200a5844       0x2a /Users/litianyi/Desktop/MounRiver Studio 2.app/Contents/Resources/app/resources/darwin/components/WCH/Toolchain/RISC-V Embedded GCC12/bin/../lib/gcc/riscv-wch-elf/12.2.0/../../../../riscv-wch-elf/lib/rv32imac_zba_zbb_zbc_zbs_xw/ilp32/libg_nano.a(lib_a-lseekr.o)
                0x00000000200a5844                _lseek_r
 .text.__swhatbuf_r
                0x00000000200a586e       0x58 /Users/litianyi/Desktop/MounRiver Studio 2.app/Contents/Resources/app/resources/darwin/components/WCH/Toolchain/RISC-V Embedded GCC12/bin/../lib/gcc/riscv-wch-elf/12.2.0/../../../../riscv-wch-elf/lib/rv32imac_zba_zbb_zbc_zbs_xw/ilp32/libg_nano.a(lib_a-makebuf.o)
                0x00000000200a586e                __swhatbuf_r
 .text.__smakebuf_r
                0x00000000200a58c6       0x96 /Users/litianyi/Desktop/MounRiver Studio 2.app/Contents/Resources/app/resources/darwin/components/WCH/Toolchain/RISC-V Embedded GCC12/bin/../lib/gcc/riscv-wch-elf/12.2.0/../../../../riscv-wch-elf/lib/rv32imac_zba_zbb_zbc_zbs_xw/ilp32/libg_nano.a(lib_a-makebuf.o)
                0x00000000200a58c6                __smakebuf_r
 .text.memchr   0x00000000200a595c       0x18 /Users/litianyi/Desktop/MounRiver Studio 2.app/Contents/Resources/app/resources/darwin/components/WCH/Toolchain/RISC-V Embedded GCC12/bin/../lib/gcc/riscv-wch-elf/12.2.0/../../../../riscv-wch-elf/lib/rv32imac_zba_zbb_zbc_zbs_xw/ilp32/libg_nano.a(lib_a-memchr.o)
                0x00000000200a595c                memchr
 .text.__malloc_lock
                0x00000000200a5974        0x8 /Users/litianyi/Desktop/MounRiver Studio 2.app/Contents/Resources/app/resources/darwin/components/WCH/Toolchain/RISC-V Embedded GCC12/bin/../lib/gcc/riscv-wch-elf/12.2.0/../../../../riscv-wch-elf/lib/rv32imac_zba_zbb_zbc_zbs_xw/ilp32/libg_nano.a(lib_a-mlock.o)
                0x00000000200a5974                __malloc_lock
 .text.__malloc_unlock
                0x00000000200a597c        0x8 /Users/litianyi/Desktop/MounRiver Studio 2.app/Contents/Resources/app/resources/darwin/components/WCH/Toolchain/RISC-V Embedded GCC12/bin/../lib/gcc/riscv-wch-elf/12.2.0/../../../../riscv-wch-elf/lib/rv32imac_zba_zbb_zbc_zbs_xw/ilp32/libg_nano.a(lib_a-mlock.o)
                0x00000000200a597c                __malloc_unlock
 .text._free_r  0x00000000200a5984       0xa2 /Users/litianyi/Desktop/MounRiver Studio 2.app/Contents/Resources/app/resources/darwin/components/WCH/Toolchain/RISC-V Embedded GCC12/bin/../lib/gcc/riscv-wch-elf/12.2.0/../../../../riscv-wch-elf/lib/rv32imac_zba_zbb_zbc_zbs_xw/ilp32/libg_nano.a(lib_a-nano-freer.o)
                0x00000000200a5984                _free_r
 .text._printf_common
                0x00000000200a5a26      0x10a /Users/litianyi/Desktop/MounRiver Studio 2.app/Contents/Resources/app/resources/darwin/components/WCH/Toolchain/RISC-V Embedded GCC12/bin/../lib/gcc/riscv-wch-elf/12.2.0/../../../../riscv-wch-elf/lib/rv32imac_zba_zbb_zbc_zbs_xw/ilp32/libg_nano.a(lib_a-nano-vfprintf_i.o)
                0x00000000200a5a26                _printf_common
 .text._printf_i
                0x00000000200a5b30      0x27c /Users/litianyi/Desktop/MounRiver Studio 2.app/Contents/Resources/app/resources/darwin/components/WCH/Toolchain/RISC-V Embedded GCC12/bin/../lib/gcc/riscv-wch-elf/12.2.0/../../../../riscv-wch-elf/lib/rv32imac_zba_zbb_zbc_zbs_xw/ilp32/libg_nano.a(lib_a-nano-vfprintf_i.o)
                0x00000000200a5b30                _printf_i
 .text._read_r  0x00000000200a5dac       0x2a /Users/litianyi/Desktop/MounRiver Studio 2.app/Contents/Resources/app/resources/darwin/components/WCH/Toolchain/RISC-V Embedded GCC12/bin/../lib/gcc/riscv-wch-elf/12.2.0/../../../../riscv-wch-elf/lib/rv32imac_zba_zbb_zbc_zbs_xw/ilp32/libg_nano.a(lib_a-readr.o)
                0x00000000200a5dac                _read_r
 .text._fstat_r
                0x00000000200a5dd6       0x28 /Users/litianyi/Desktop/MounRiver Studio 2.app/Contents/Resources/app/resources/darwin/components/WCH/Toolchain/RISC-V Embedded GCC12/bin/../lib/gcc/riscv-wch-elf/12.2.0/../../../../riscv-wch-elf/lib/rv32imac_zba_zbb_zbc_zbs_xw/ilp32/libg_nano.a(lib_a-fstatr.o)
                0x00000000200a5dd6                _fstat_r
 .text._isatty_r
                0x00000000200a5dfe       0x26 /Users/litianyi/Desktop/MounRiver Studio 2.app/Contents/Resources/app/resources/darwin/components/WCH/Toolchain/RISC-V Embedded GCC12/bin/../lib/gcc/riscv-wch-elf/12.2.0/../../../../riscv-wch-elf/lib/rv32imac_zba_zbb_zbc_zbs_xw/ilp32/libg_nano.a(lib_a-isattyr.o)
                0x00000000200a5dfe                _isatty_r
 .text._close   0x00000000200a5e24        0xc /Users/litianyi/Desktop/MounRiver Studio 2.app/Contents/Resources/app/resources/darwin/components/WCH/Toolchain/RISC-V Embedded GCC12/bin/../lib/gcc/riscv-wch-elf/12.2.0/../../../../riscv-wch-elf/lib/rv32imac_zba_zbb_zbc_zbs_xw/ilp32/libnosys.a(close.o)
                0x00000000200a5e24                _close
 .text._fstat   0x00000000200a5e30        0xc /Users/litianyi/Desktop/MounRiver Studio 2.app/Contents/Resources/app/resources/darwin/components/WCH/Toolchain/RISC-V Embedded GCC12/bin/../lib/gcc/riscv-wch-elf/12.2.0/../../../../riscv-wch-elf/lib/rv32imac_zba_zbb_zbc_zbs_xw/ilp32/libnosys.a(fstat.o)
                0x00000000200a5e30                _fstat
 .text._isatty  0x00000000200a5e3c        0xc /Users/litianyi/Desktop/MounRiver Studio 2.app/Contents/Resources/app/resources/darwin/components/WCH/Toolchain/RISC-V Embedded GCC12/bin/../lib/gcc/riscv-wch-elf/12.2.0/../../../../riscv-wch-elf/lib/rv32imac_zba_zbb_zbc_zbs_xw/ilp32/libnosys.a(isatty.o)
                0x00000000200a5e3c                _isatty
 .text._lseek   0x00000000200a5e48        0xc /Users/litianyi/Desktop/MounRiver Studio 2.app/Contents/Resources/app/resources/darwin/components/WCH/Toolchain/RISC-V Embedded GCC12/bin/../lib/gcc/riscv-wch-elf/12.2.0/../../../../riscv-wch-elf/lib/rv32imac_zba_zbb_zbc_zbs_xw/ilp32/libnosys.a(lseek.o)
                0x00000000200a5e48                _lseek
 .text._read    0x00000000200a5e54        0xc /Users/litianyi/Desktop/MounRiver Studio 2.app/Contents/Resources/app/resources/darwin/components/WCH/Toolchain/RISC-V Embedded GCC12/bin/../lib/gcc/riscv-wch-elf/12.2.0/../../../../riscv-wch-elf/lib/rv32imac_zba_zbb_zbc_zbs_xw/ilp32/libnosys.a(read.o)
                0x00000000200a5e54                _read
 *(.rodata)
 *(.rodata*)
 *fill*         0x00000000200a5e60        0x0 
 .rodata.tasks_create_all.str1.4
                0x00000000200a5e60       0x3f ./tasks/Src/initial_task.o
 *fill*         0x00000000200a5e9f        0x1 
 .rodata.imu_uart_process
                0x00000000200a5ea0       0x14 ./drivers/sensors/imu.o
 .rodata.imu_retry_init.str1.4
                0x00000000200a5eb4       0x2a ./drivers/sensors/imu.o
 *fill*         0x00000000200a5ede        0x2 
 .rodata.imu_init.str1.4
                0x00000000200a5ee0       0x2c ./drivers/sensors/imu.o
 .rodata.str1.4
                0x00000000200a5f0c       0x35 ./drivers/sensors/imu.o
 *fill*         0x00000000200a5f41        0x3 
 .rodata.CSWTCH.30
                0x00000000200a5f44       0x10 ./drivers/sensors/imu.o
 .rodata.bsp_board_init.str1.4
                0x00000000200a5f54       0x88 ./bsp/bsp_board.o
 .rodata.pvPortMalloc.str1.4
                0x00000000200a5fdc       0x26 ./FreeRTOS/portable/MemMang/heap_4.o
 *fill*         0x00000000200a6002        0x2 
 .rodata.xPortStartScheduler.str1.4
                0x00000000200a6004       0x27 ./FreeRTOS/portable/GCC/RISC-V/port.o
 *fill*         0x00000000200a602b        0x1 
 .rodata.prvTaskIsTaskSuspended.str1.4
                0x00000000200a602c       0x14 ./FreeRTOS/tasks.o
 .rodata.vTaskStartScheduler.str1.4
                0x00000000200a6040        0x5 ./FreeRTOS/tasks.o
 *fill*         0x00000000200a6045        0x3 
 .rodata.__divsf3
                0x00000000200a6048       0xa8 /Users/litianyi/Desktop/MounRiver Studio 2.app/Contents/Resources/app/resources/darwin/components/WCH/Toolchain/RISC-V Embedded GCC12/bin/../lib/gcc/riscv-wch-elf/12.2.0/rv32imac_zba_zbb_zbc_zbs_xw/ilp32/libgcc.a(divsf3.o)
 .rodata.__clz_tab
                0x00000000200a60f0      0x100 /Users/litianyi/Desktop/MounRiver Studio 2.app/Contents/Resources/app/resources/darwin/components/WCH/Toolchain/RISC-V Embedded GCC12/bin/../lib/gcc/riscv-wch-elf/12.2.0/rv32imac_zba_zbb_zbc_zbs_xw/ilp32/libgcc.a(_clz.o)
                0x00000000200a60f0                __clz_tab
 .rodata.__sf_fake_stderr
                0x00000000200a61f0       0x20 /Users/litianyi/Desktop/MounRiver Studio 2.app/Contents/Resources/app/resources/darwin/components/WCH/Toolchain/RISC-V Embedded GCC12/bin/../lib/gcc/riscv-wch-elf/12.2.0/../../../../riscv-wch-elf/lib/rv32imac_zba_zbb_zbc_zbs_xw/ilp32/libg_nano.a(lib_a-findfp.o)
                0x00000000200a61f0                __sf_fake_stderr
 .rodata.__sf_fake_stdout
                0x00000000200a6210       0x20 /Users/litianyi/Desktop/MounRiver Studio 2.app/Contents/Resources/app/resources/darwin/components/WCH/Toolchain/RISC-V Embedded GCC12/bin/../lib/gcc/riscv-wch-elf/12.2.0/../../../../riscv-wch-elf/lib/rv32imac_zba_zbb_zbc_zbs_xw/ilp32/libg_nano.a(lib_a-findfp.o)
                0x00000000200a6210                __sf_fake_stdout
 .rodata.__sf_fake_stdin
                0x00000000200a6230       0x20 /Users/litianyi/Desktop/MounRiver Studio 2.app/Contents/Resources/app/resources/darwin/components/WCH/Toolchain/RISC-V Embedded GCC12/bin/../lib/gcc/riscv-wch-elf/12.2.0/../../../../riscv-wch-elf/lib/rv32imac_zba_zbb_zbc_zbs_xw/ilp32/libg_nano.a(lib_a-findfp.o)
                0x00000000200a6230                __sf_fake_stdin
 .rodata._vfprintf_r.str1.4
                0x00000000200a6250       0x13 /Users/litianyi/Desktop/MounRiver Studio 2.app/Contents/Resources/app/resources/darwin/components/WCH/Toolchain/RISC-V Embedded GCC12/bin/../lib/gcc/riscv-wch-elf/12.2.0/../../../../riscv-wch-elf/lib/rv32imac_zba_zbb_zbc_zbs_xw/ilp32/libg_nano.a(lib_a-nano-vfprintf.o)
 *fill*         0x00000000200a6263        0x1 
 .rodata._printf_i.str1.4
                0x00000000200a6264       0x25 /Users/litianyi/Desktop/MounRiver Studio 2.app/Contents/Resources/app/resources/darwin/components/WCH/Toolchain/RISC-V Embedded GCC12/bin/../lib/gcc/riscv-wch-elf/12.2.0/../../../../riscv-wch-elf/lib/rv32imac_zba_zbb_zbc_zbs_xw/ilp32/libg_nano.a(lib_a-nano-vfprintf_i.o)
 *fill*         0x00000000200a6289        0x3 
 .rodata._printf_i
                0x00000000200a628c       0x58 /Users/litianyi/Desktop/MounRiver Studio 2.app/Contents/Resources/app/resources/darwin/components/WCH/Toolchain/RISC-V Embedded GCC12/bin/../lib/gcc/riscv-wch-elf/12.2.0/../../../../riscv-wch-elf/lib/rv32imac_zba_zbb_zbc_zbs_xw/ilp32/libg_nano.a(lib_a-nano-vfprintf_i.o)
 *(.sdata2.*)
 *(.glue_7)
 *(.glue_7t)
 *(.gnu.linkonce.t.*)
                0x00000000200a62e4                . = ALIGN (0x4)
                0x00000000200a62e4                PROVIDE (_highcode_vma_end = .)

.text           0x00000000000063c8       0x50
                0x00000000000063c8                . = ALIGN (0x4)
 *(SORT_NONE(.handle_reset))
 .handle_reset  0x00000000000063c8       0x4e ./Startup/startup_ch32h417_v5f.o
                0x00000000000063c8                handle_reset
                0x0000000000006418                . = ALIGN (0x4)
 *fill*         0x0000000000006416        0x2 

.rela.dyn       0x0000000000006418        0x0
 .rela.init     0x0000000000006418        0x0 ./tasks/Src/commander_task.o
 .rela.vector   0x0000000000006418        0x0 ./tasks/Src/commander_task.o
 .rela.load     0x0000000000006418        0x0 ./tasks/Src/commander_task.o
 .rela.handle_reset
                0x0000000000006418        0x0 ./tasks/Src/commander_task.o
 .rela.text.xPortStartScheduler
                0x0000000000006418        0x0 ./tasks/Src/commander_task.o
 .rela.srodata.xISRStackTop
                0x0000000000006418        0x0 ./tasks/Src/commander_task.o
 .rela.text._sbrk
                0x0000000000006418        0x0 ./tasks/Src/commander_task.o
 .rela.sdata.curbrk.0
                0x0000000000006418        0x0 ./tasks/Src/commander_task.o
 .rela.text._vfprintf_r
                0x0000000000006418        0x0 ./tasks/Src/commander_task.o

.shared         0x0000000020178000        0x0
                0x0000000020178000                . = ALIGN (0x4)
 *(SORT_NONE(.shared_data))
                0x0000000020178000                . = ALIGN (0x4)

.highcodelalign1
                0x0000000000006418        0x0
                0x0000000000006418                . = ALIGN (0x4)
                0x0000000000006418                PROVIDE (_highcode_lma1 = .)

.fini           0x00000000200a62e4        0x0 load address 0x0000000000006418
                0x00000000200a62e4                . = ALIGN (0x4)
                0x00000000200a62e4                PROVIDE (_highcode_vma_start1 = .)
 *(SORT_NONE(.fini))
                0x00000000200a62e4                . = ALIGN (0x4)
                [!provide]                        PROVIDE (_etext = .)
                [!provide]                        PROVIDE (_eitcm = .)

.preinit_array  0x00000000200a62e4        0x0 load address 0x0000000000006418
                [!provide]                        PROVIDE (__preinit_array_start = .)
 *(.preinit_array)
                [!provide]                        PROVIDE (__preinit_array_end = .)

.init_array     0x00000000200a62e4        0x0 load address 0x0000000000006418
                [!provide]                        PROVIDE (__init_array_start = .)
 *(SORT_BY_INIT_PRIORITY(.init_array.*) SORT_BY_INIT_PRIORITY(.ctors.*))
 *(.init_array EXCLUDE_FILE(*crtend?.o *crtend.o *crtbegin?.o *crtbegin.o) .ctors)
                [!provide]                        PROVIDE (__init_array_end = .)

.fini_array     0x00000000200a62e4        0x0 load address 0x0000000000006418
                [!provide]                        PROVIDE (__fini_array_start = .)
 *(SORT_BY_INIT_PRIORITY(.fini_array.*) SORT_BY_INIT_PRIORITY(.dtors.*))
 *(.fini_array EXCLUDE_FILE(*crtend?.o *crtend.o *crtbegin?.o *crtbegin.o) .dtors)
                [!provide]                        PROVIDE (__fini_array_end = .)

.ctors
 *crtbegin.o(.ctors)
 *crtbegin?.o(.ctors)
 *(EXCLUDE_FILE(*crtend?.o *crtend.o) .ctors)
 *(SORT_BY_NAME(.ctors.*))
 *(.ctors)

.dtors          0x00000000200a62e4        0x0 load address 0x0000000000006418
 *crtbegin.o(.dtors)
 *crtbegin?.o(.dtors)
 *(EXCLUDE_FILE(*crtend?.o *crtend.o) .dtors)
 *(SORT_BY_NAME(.dtors.*))
 *(.dtors)
                0x00000000200a62e4                . = ALIGN (0x4)
                0x00000000200a62e4                PROVIDE (_highcode_vma_end1 = .)

.dalign         0x00000000200c0300        0x0 load address 0x0000000000006418
                0x00000000200c0300                . = ALIGN (0x4)
                0x00000000200c0300                PROVIDE (_data_vma = .)

.dlalign        0x0000000000006418        0x0
                0x0000000000006418                . = ALIGN (0x4)
                0x0000000000006418                PROVIDE (_data_lma = .)

.data           0x00000000200c0300      0x158 load address 0x0000000000006418
                0x00000000200c0300                . = ALIGN (0x4)
 *(.gnu.linkonce.r.*)
 *(.data .data.*)
 .data.SERDESPLLMULTB
                0x00000000200c0300       0x10 ./User/system_ch32h417.o
 .data.HBPrescTB
                0x00000000200c0310       0x10 ./User/system_ch32h417.o
 .data.PLLMULTB
                0x00000000200c0320       0x20 ./User/system_ch32h417.o
 .data.SERDESPLLMULTable
                0x00000000200c0340       0x10 ./Peripheral/src/ch32h417_rcc.o
 .data.HBPrescTable
                0x00000000200c0350       0x10 ./Peripheral/src/ch32h417_rcc.o
 .data.PLLMULTable
                0x00000000200c0360       0x20 ./Peripheral/src/ch32h417_rcc.o
 .data.impure_data
                0x00000000200c0380       0x60 /Users/litianyi/Desktop/MounRiver Studio 2.app/Contents/Resources/app/resources/darwin/components/WCH/Toolchain/RISC-V Embedded GCC12/bin/../lib/gcc/riscv-wch-elf/12.2.0/../../../../riscv-wch-elf/lib/rv32imac_zba_zbb_zbc_zbs_xw/ilp32/libg_nano.a(lib_a-impure.o)
 *(.gnu.linkonce.d.*)
                0x00000000200c03e0                . = ALIGN (0x8)
                0x00000000200c0be0                PROVIDE (__global_pointer$ = (. + 0x800))
 *(.sdata .sdata.*)
 .sdata.FPRETB  0x00000000200c03e0        0x4 ./User/system_ch32h417.o
 .sdata.ADCPRETable
                0x00000000200c03e4        0x4 ./Peripheral/src/ch32h417_rcc.o
 .sdata.PPRE2Table
                0x00000000200c03e8        0x8 ./Peripheral/src/ch32h417_rcc.o
 .sdata.FPRETable
                0x00000000200c03f0        0x4 ./Peripheral/src/ch32h417_rcc.o
 .sdata.uxCriticalNesting
                0x00000000200c03f4        0x4 ./FreeRTOS/portable/GCC/RISC-V/port.o
 .sdata.uxTopUsedPriority
                0x00000000200c03f8        0x4 ./FreeRTOS/tasks.o
 .sdata.curbrk.0
                0x00000000200c03fc        0x4 ./Debug/debug.o
 .sdata._impure_ptr
                0x00000000200c0400        0x4 /Users/litianyi/Desktop/MounRiver Studio 2.app/Contents/Resources/app/resources/darwin/components/WCH/Toolchain/RISC-V Embedded GCC12/bin/../lib/gcc/riscv-wch-elf/12.2.0/../../../../riscv-wch-elf/lib/rv32imac_zba_zbb_zbc_zbs_xw/ilp32/libg_nano.a(lib_a-impure.o)
                0x00000000200c0400                _impure_ptr
 *(.sdata2.*)
 *(.gnu.linkonce.s.*)
                0x00000000200c0408                . = ALIGN (0x8)
 *fill*         0x00000000200c0404        0x4 
 *(.srodata.cst16)
 *(.srodata.cst8)
 *(.srodata.cst4)
 .srodata.cst4  0x00000000200c0408        0x4 ./tasks/Src/control_task.o
 .srodata.cst4  0x00000000200c040c       0x28 ./modules/control/flight_controller.o
                                         0x2c (size before relaxing)
 .srodata.cst4  0x00000000200c0434        0xc ./modules/control/mixer.o
                                         0x10 (size before relaxing)
 .srodata.cst4  0x00000000200c0440       0x10 ./drivers/sensors/imu.o
 *(.srodata.cst2)
 *(.srodata .srodata.*)
 .srodata.xISRStackTop
                0x00000000200c0450        0x4 ./FreeRTOS/portable/GCC/RISC-V/port.o
                0x00000000200c0450                xISRStackTop
 .srodata._global_impure_ptr
                0x00000000200c0454        0x4 /Users/litianyi/Desktop/MounRiver Studio 2.app/Contents/Resources/app/resources/darwin/components/WCH/Toolchain/RISC-V Embedded GCC12/bin/../lib/gcc/riscv-wch-elf/12.2.0/../../../../riscv-wch-elf/lib/rv32imac_zba_zbb_zbc_zbs_xw/ilp32/libg_nano.a(lib_a-impure.o)
                0x00000000200c0454                _global_impure_ptr
                0x00000000200c0458                . = ALIGN (0x4)
                0x00000000200c0458                PROVIDE (_edata = .)

.bss            0x00000000200c0458    0x1879c load address 0x0000000000006570
                0x00000000200c0458                . = ALIGN (0x4)
                0x00000000200c0458                PROVIDE (_sbss = .)
 *(.sbss*)
 .sbss.g_dbg_runtime_heap_min_free
                0x00000000200c0458        0x4 ./tasks/Src/initial_task.o
                0x00000000200c0458                g_dbg_runtime_heap_min_free
 .sbss.g_dbg_runtime_heap_free
                0x00000000200c045c        0x4 ./tasks/Src/initial_task.o
                0x00000000200c045c                g_dbg_runtime_heap_free
 .sbss.g_dbg_heap_before_task_create
                0x00000000200c0460        0x4 ./tasks/Src/initial_task.o
                0x00000000200c0460                g_dbg_heap_before_task_create
 .sbss.loggerTaskHandle
                0x00000000200c0464        0x4 ./tasks/Src/initial_task.o
                0x00000000200c0464                loggerTaskHandle
 .sbss.commanderTaskHandle
                0x00000000200c0468        0x4 ./tasks/Src/initial_task.o
                0x00000000200c0468                commanderTaskHandle
 .sbss.controlTaskHandle
                0x00000000200c046c        0x4 ./tasks/Src/initial_task.o
                0x00000000200c046c                controlTaskHandle
 .sbss.sensorTaskHandle
                0x00000000200c0470        0x4 ./tasks/Src/initial_task.o
                0x00000000200c0470                sensorTaskHandle
 .sbss.frame_index.1
                0x00000000200c0474        0x1 ./drivers/sensors/imu.o
 .sbss.frame_function.2
                0x00000000200c0475        0x1 ./drivers/sensors/imu.o
 .sbss.frame_len.3
                0x00000000200c0476        0x1 ./drivers/sensors/imu.o
 .sbss.rx_state.4
                0x00000000200c0477        0x1 ./drivers/sensors/imu.o
 .sbss.g_dbg_adc_timeout_count
                0x00000000200c0478        0x4 ./bsp/bsp_adc.o
                0x00000000200c0478                g_dbg_adc_timeout_count
 .sbss.g_dbg_tick_hook_count
                0x00000000200c047c        0x4 ./bsp/bsp_board.o
                0x00000000200c047c                g_dbg_tick_hook_count
 .sbss.g_board_millis
                0x00000000200c0480        0x4 ./bsp/bsp_board.o
 .sbss.g_dbg_uart_tx_timeout_count
                0x00000000200c0484        0x4 ./bsp/bsp_uart.o
                0x00000000200c0484                g_dbg_uart_tx_timeout_count
 .sbss.g_dbg_usart4_rx_irq_start_count
                0x00000000200c0488        0x4 ./bsp/bsp_uart.o
                0x00000000200c0488                g_dbg_usart4_rx_irq_start_count
 .sbss.g_dbg_usart4_nvic_own_core
                0x00000000200c048c        0x4 ./bsp/bsp_uart.o
                0x00000000200c048c                g_dbg_usart4_nvic_own_core
 .sbss.g_dbg_usart4_nvic_active
                0x00000000200c0490        0x4 ./bsp/bsp_uart.o
                0x00000000200c0490                g_dbg_usart4_nvic_active
 .sbss.g_dbg_usart4_nvic_pending
                0x00000000200c0494        0x4 ./bsp/bsp_uart.o
                0x00000000200c0494                g_dbg_usart4_nvic_pending
 .sbss.g_dbg_usart4_nvic_enabled
                0x00000000200c0498        0x4 ./bsp/bsp_uart.o
                0x00000000200c0498                g_dbg_usart4_nvic_enabled
 .sbss.g_dbg_usart4_brr
                0x00000000200c049c        0x4 ./bsp/bsp_uart.o
                0x00000000200c049c                g_dbg_usart4_brr
 .sbss.g_dbg_usart4_ctlr3
                0x00000000200c04a0        0x4 ./bsp/bsp_uart.o
                0x00000000200c04a0                g_dbg_usart4_ctlr3
 .sbss.g_dbg_usart4_ctlr2
                0x00000000200c04a4        0x4 ./bsp/bsp_uart.o
                0x00000000200c04a4                g_dbg_usart4_ctlr2
 .sbss.g_dbg_usart4_ctlr1
                0x00000000200c04a8        0x4 ./bsp/bsp_uart.o
                0x00000000200c04a8                g_dbg_usart4_ctlr1
 .sbss.g_dbg_afio_pcfr1
                0x00000000200c04ac        0x4 ./bsp/bsp_uart.o
                0x00000000200c04ac                g_dbg_afio_pcfr1
 .sbss.g_dbg_gpiof_pf3_af
                0x00000000200c04b0        0x1 ./bsp/bsp_uart.o
                0x00000000200c04b0                g_dbg_gpiof_pf3_af
 *fill*         0x00000000200c04b1        0x1 
 .sbss.g_dbg_gpiof_indr
                0x00000000200c04b2        0x2 ./bsp/bsp_uart.o
                0x00000000200c04b2                g_dbg_gpiof_indr
 .sbss.g_dbg_pf3_level
                0x00000000200c04b4        0x1 ./bsp/bsp_uart.o
                0x00000000200c04b4                g_dbg_pf3_level
 .sbss.g_dbg_usart4_last_byte
                0x00000000200c04b5        0x1 ./bsp/bsp_uart.o
                0x00000000200c04b5                g_dbg_usart4_last_byte
 *fill*         0x00000000200c04b6        0x2 
 .sbss.g_dbg_usart4_statr
                0x00000000200c04b8        0x4 ./bsp/bsp_uart.o
                0x00000000200c04b8                g_dbg_usart4_statr
 .sbss.g_dbg_usart4_error_flags
                0x00000000200c04bc        0x4 ./bsp/bsp_uart.o
                0x00000000200c04bc                g_dbg_usart4_error_flags
 .sbss.g_dbg_usart4_spurious_count
                0x00000000200c04c0        0x4 ./bsp/bsp_uart.o
                0x00000000200c04c0                g_dbg_usart4_spurious_count
 .sbss.g_dbg_usart4_pe_count
                0x00000000200c04c4        0x4 ./bsp/bsp_uart.o
                0x00000000200c04c4                g_dbg_usart4_pe_count
 .sbss.g_dbg_usart4_ne_count
                0x00000000200c04c8        0x4 ./bsp/bsp_uart.o
                0x00000000200c04c8                g_dbg_usart4_ne_count
 .sbss.g_dbg_usart4_fe_count
                0x00000000200c04cc        0x4 ./bsp/bsp_uart.o
                0x00000000200c04cc                g_dbg_usart4_fe_count
 .sbss.g_dbg_usart4_ore_count
                0x00000000200c04d0        0x4 ./bsp/bsp_uart.o
                0x00000000200c04d0                g_dbg_usart4_ore_count
 .sbss.g_dbg_usart4_rx_count
                0x00000000200c04d4        0x4 ./bsp/bsp_uart.o
                0x00000000200c04d4                g_dbg_usart4_rx_count
 .sbss.g_dbg_usart4_irq_count
                0x00000000200c04d8        0x4 ./bsp/bsp_uart.o
                0x00000000200c04d8                g_dbg_usart4_irq_count
 .sbss.g_imu_uart_rx_started
                0x00000000200c04dc        0x1 ./bsp/bsp_uart.o
 *fill*         0x00000000200c04dd        0x1 
 .sbss.g_imu_uart_rx_read
                0x00000000200c04de        0x2 ./bsp/bsp_uart.o
 .sbss.g_imu_uart_rx_write
                0x00000000200c04e0        0x2 ./bsp/bsp_uart.o
 *fill*         0x00000000200c04e2        0x2 
 .sbss.g_dbg_heap_before_scheduler
                0x00000000200c04e4        0x4 ./app/app.o
                0x00000000200c04e4                g_dbg_heap_before_scheduler
 .sbss.g_dbg_fault_task_name
                0x00000000200c04e8        0x4 ./app/app.o
                0x00000000200c04e8                g_dbg_fault_task_name
 .sbss.g_dbg_fault_task
                0x00000000200c04ec        0x4 ./app/app.o
                0x00000000200c04ec                g_dbg_fault_task
 .sbss.g_dbg_fault_reason
                0x00000000200c04f0        0x4 ./app/app.o
                0x00000000200c04f0                g_dbg_fault_reason
 .sbss.g_dbg_assert_current_task
                0x00000000200c04f4        0x4 ./app/app.o
                0x00000000200c04f4                g_dbg_assert_current_task
 .sbss.g_dbg_assert_tick
                0x00000000200c04f8        0x4 ./app/app.o
                0x00000000200c04f8                g_dbg_assert_tick
 .sbss.g_dbg_assert_scheduler_state
                0x00000000200c04fc        0x4 ./app/app.o
                0x00000000200c04fc                g_dbg_assert_scheduler_state
 .sbss.g_dbg_assert_return_address
                0x00000000200c0500        0x4 ./app/app.o
                0x00000000200c0500                g_dbg_assert_return_address
 .sbss.g_dbg_assert_heap_min_free
                0x00000000200c0504        0x4 ./app/app.o
                0x00000000200c0504                g_dbg_assert_heap_min_free
 .sbss.g_dbg_assert_heap_free
                0x00000000200c0508        0x4 ./app/app.o
                0x00000000200c0508                g_dbg_assert_heap_free
 .sbss.g_dbg_assert_count
                0x00000000200c050c        0x4 ./app/app.o
                0x00000000200c050c                g_dbg_assert_count
 .sbss.g_dbg_assert_line
                0x00000000200c0510        0x4 ./app/app.o
                0x00000000200c0510                g_dbg_assert_line
 .sbss.g_dbg_assert_file
                0x00000000200c0514        0x4 ./app/app.o
                0x00000000200c0514                g_dbg_assert_file
 .sbss.g_dbg_hardfault_sp
                0x00000000200c0518        0x4 ./User/ch32h417_it.o
                0x00000000200c0518                g_dbg_hardfault_sp
 .sbss.g_dbg_hardfault_mstatus
                0x00000000200c051c        0x4 ./User/ch32h417_it.o
                0x00000000200c051c                g_dbg_hardfault_mstatus
 .sbss.g_dbg_hardfault_mtval
                0x00000000200c0520        0x4 ./User/ch32h417_it.o
                0x00000000200c0520                g_dbg_hardfault_mtval
 .sbss.g_dbg_hardfault_mepc
                0x00000000200c0524        0x4 ./User/ch32h417_it.o
                0x00000000200c0524                g_dbg_hardfault_mepc
 .sbss.g_dbg_hardfault_mcause
                0x00000000200c0528        0x4 ./User/ch32h417_it.o
                0x00000000200c0528                g_dbg_hardfault_mcause
 .sbss.g_dbg_hardfault_count
                0x00000000200c052c        0x4 ./User/ch32h417_it.o
                0x00000000200c052c                g_dbg_hardfault_count
 .sbss.g_dbg_nmi_count
                0x00000000200c0530        0x4 ./User/ch32h417_it.o
                0x00000000200c0530                g_dbg_nmi_count
 .sbss.g_dbg_task_entry_mask
                0x00000000200c0534        0x4 ./User/main.o
                0x00000000200c0534                g_dbg_task_entry_mask
 .sbss.g_dbg_startup_phase
                0x00000000200c0538        0x4 ./User/main.o
                0x00000000200c0538                g_dbg_startup_phase
 .sbss.SystemCoreClock
                0x00000000200c053c        0x4 ./User/system_ch32h417.o
                0x00000000200c053c                SystemCoreClock
 .sbss.SystemClock
                0x00000000200c0540        0x4 ./User/system_ch32h417.o
                0x00000000200c0540                SystemClock
 .sbss.HCLKClock
                0x00000000200c0544        0x4 ./User/system_ch32h417.o
                0x00000000200c0544                HCLKClock
 .sbss.xNumberOfSuccessfulFrees
                0x00000000200c0548        0x4 ./FreeRTOS/portable/MemMang/heap_4.o
 .sbss.xNumberOfSuccessfulAllocations
                0x00000000200c054c        0x4 ./FreeRTOS/portable/MemMang/heap_4.o
 .sbss.xMinimumEverFreeBytesRemaining
                0x00000000200c0550        0x4 ./FreeRTOS/portable/MemMang/heap_4.o
 .sbss.xFreeBytesRemaining
                0x00000000200c0554        0x4 ./FreeRTOS/portable/MemMang/heap_4.o
 .sbss.pxEnd    0x00000000200c0558        0x4 ./FreeRTOS/portable/MemMang/heap_4.o
 .sbss.xStart   0x00000000200c055c        0x8 ./FreeRTOS/portable/MemMang/heap_4.o
 .sbss.g_dbg_systick_pended_switch_count
                0x00000000200c0564        0x4 ./FreeRTOS/portable/GCC/RISC-V/port.o
                0x00000000200c0564                g_dbg_systick_pended_switch_count
 .sbss.g_dbg_systick_last_cnt
                0x00000000200c0568        0x4 ./FreeRTOS/portable/GCC/RISC-V/port.o
                0x00000000200c0568                g_dbg_systick_last_cnt
 .sbss.g_dbg_systick_last_isr
                0x00000000200c056c        0x4 ./FreeRTOS/portable/GCC/RISC-V/port.o
                0x00000000200c056c                g_dbg_systick_last_isr
 .sbss.g_dbg_systick_last_cmp
                0x00000000200c0570        0x4 ./FreeRTOS/portable/GCC/RISC-V/port.o
                0x00000000200c0570                g_dbg_systick_last_cmp
 .sbss.g_dbg_systick_last_ctlr
                0x00000000200c0574        0x4 ./FreeRTOS/portable/GCC/RISC-V/port.o
                0x00000000200c0574                g_dbg_systick_last_ctlr
 .sbss.g_dbg_systick_yield_count
                0x00000000200c0578        0x4 ./FreeRTOS/portable/GCC/RISC-V/port.o
                0x00000000200c0578                g_dbg_systick_yield_count
 .sbss.g_dbg_systick_isr_count
                0x00000000200c057c        0x4 ./FreeRTOS/portable/GCC/RISC-V/port.o
                0x00000000200c057c                g_dbg_systick_isr_count
 .sbss.g_dbg_systick_setup_count
                0x00000000200c0580        0x4 ./FreeRTOS/portable/GCC/RISC-V/port.o
                0x00000000200c0580                g_dbg_systick_setup_count
 .sbss.g_dbg_switch_current_tcb
                0x00000000200c0584        0x4 ./FreeRTOS/tasks.o
                0x00000000200c0584                g_dbg_switch_current_tcb
 .sbss.g_dbg_switch_scheduler_suspended
                0x00000000200c0588        0x4 ./FreeRTOS/tasks.o
                0x00000000200c0588                g_dbg_switch_scheduler_suspended
 .sbss.g_dbg_switch_current_priority
                0x00000000200c058c        0x4 ./FreeRTOS/tasks.o
                0x00000000200c058c                g_dbg_switch_current_priority
 .sbss.g_dbg_switch_top_ready_priority
                0x00000000200c0590        0x4 ./FreeRTOS/tasks.o
                0x00000000200c0590                g_dbg_switch_top_ready_priority
 .sbss.g_dbg_switch_count
                0x00000000200c0594        0x4 ./FreeRTOS/tasks.o
                0x00000000200c0594                g_dbg_switch_count
 .sbss.uxSchedulerSuspended
                0x00000000200c0598        0x4 ./FreeRTOS/tasks.o
 .sbss.xIdleTaskHandles
                0x00000000200c059c        0x4 ./FreeRTOS/tasks.o
 .sbss.xNextTaskUnblockTime
                0x00000000200c05a0        0x4 ./FreeRTOS/tasks.o
 .sbss.uxTaskNumber
                0x00000000200c05a4        0x4 ./FreeRTOS/tasks.o
 .sbss.xNumOfOverflows
                0x00000000200c05a8        0x4 ./FreeRTOS/tasks.o
 .sbss.xYieldPendings
                0x00000000200c05ac        0x4 ./FreeRTOS/tasks.o
 .sbss.xPendedTicks
                0x00000000200c05b0        0x4 ./FreeRTOS/tasks.o
 .sbss.xSchedulerRunning
                0x00000000200c05b4        0x4 ./FreeRTOS/tasks.o
 .sbss.uxTopReadyPriority
                0x00000000200c05b8        0x4 ./FreeRTOS/tasks.o
 .sbss.xTickCount
                0x00000000200c05bc        0x4 ./FreeRTOS/tasks.o
 .sbss.uxCurrentNumberOfTasks
                0x00000000200c05c0        0x4 ./FreeRTOS/tasks.o
 .sbss.uxDeletedTasksWaitingCleanUp
                0x00000000200c05c4        0x4 ./FreeRTOS/tasks.o
 .sbss.pxOverflowDelayedTaskList
                0x00000000200c05c8        0x4 ./FreeRTOS/tasks.o
 .sbss.pxDelayedTaskList
                0x00000000200c05cc        0x4 ./FreeRTOS/tasks.o
 .sbss.pxCurrentTCB
                0x00000000200c05d0        0x4 ./FreeRTOS/tasks.o
                0x00000000200c05d0                pxCurrentTCB
 .sbss.g_dbg_printf_timeout_count
                0x00000000200c05d4        0x4 ./Debug/debug.o
                0x00000000200c05d4                g_dbg_printf_timeout_count
 .sbss.g_dbg_delay_timeout_count
                0x00000000200c05d8        0x4 ./Debug/debug.o
                0x00000000200c05d8                g_dbg_delay_timeout_count
 .sbss.p_ms     0x00000000200c05dc        0x4 ./Debug/debug.o
 .sbss.p_us     0x00000000200c05e0        0x2 ./Debug/debug.o
 *fill*         0x00000000200c05e2        0x2 
 .sbss.__lock___malloc_recursive_mutex
                0x00000000200c05e4        0x1 /Users/litianyi/Desktop/MounRiver Studio 2.app/Contents/Resources/app/resources/darwin/components/WCH/Toolchain/RISC-V Embedded GCC12/bin/../lib/gcc/riscv-wch-elf/12.2.0/../../../../riscv-wch-elf/lib/rv32imac_zba_zbb_zbc_zbs_xw/ilp32/libg_nano.a(lib_a-lock.o)
                0x00000000200c05e4                __lock___malloc_recursive_mutex
 *fill*         0x00000000200c05e5        0x3 
 .sbss.__lock___sfp_recursive_mutex
                0x00000000200c05e8        0x1 /Users/litianyi/Desktop/MounRiver Studio 2.app/Contents/Resources/app/resources/darwin/components/WCH/Toolchain/RISC-V Embedded GCC12/bin/../lib/gcc/riscv-wch-elf/12.2.0/../../../../riscv-wch-elf/lib/rv32imac_zba_zbb_zbc_zbs_xw/ilp32/libg_nano.a(lib_a-lock.o)
                0x00000000200c05e8                __lock___sfp_recursive_mutex
 *fill*         0x00000000200c05e9        0x3 
 .sbss.__lock___sinit_recursive_mutex
                0x00000000200c05ec        0x1 /Users/litianyi/Desktop/MounRiver Studio 2.app/Contents/Resources/app/resources/darwin/components/WCH/Toolchain/RISC-V Embedded GCC12/bin/../lib/gcc/riscv-wch-elf/12.2.0/../../../../riscv-wch-elf/lib/rv32imac_zba_zbb_zbc_zbs_xw/ilp32/libg_nano.a(lib_a-lock.o)
                0x00000000200c05ec                __lock___sinit_recursive_mutex
 *fill*         0x00000000200c05ed        0x3 
 .sbss.__malloc_sbrk_start
                0x00000000200c05f0        0x4 /Users/litianyi/Desktop/MounRiver Studio 2.app/Contents/Resources/app/resources/darwin/components/WCH/Toolchain/RISC-V Embedded GCC12/bin/../lib/gcc/riscv-wch-elf/12.2.0/../../../../riscv-wch-elf/lib/rv32imac_zba_zbb_zbc_zbs_xw/ilp32/libg_nano.a(lib_a-nano-mallocr.o)
                0x00000000200c05f0                __malloc_sbrk_start
 .sbss.__malloc_free_list
                0x00000000200c05f4        0x4 /Users/litianyi/Desktop/MounRiver Studio 2.app/Contents/Resources/app/resources/darwin/components/WCH/Toolchain/RISC-V Embedded GCC12/bin/../lib/gcc/riscv-wch-elf/12.2.0/../../../../riscv-wch-elf/lib/rv32imac_zba_zbb_zbc_zbs_xw/ilp32/libg_nano.a(lib_a-nano-mallocr.o)
                0x00000000200c05f4                __malloc_free_list
 .sbss.errno    0x00000000200c05f8        0x4 /Users/litianyi/Desktop/MounRiver Studio 2.app/Contents/Resources/app/resources/darwin/components/WCH/Toolchain/RISC-V Embedded GCC12/bin/../lib/gcc/riscv-wch-elf/12.2.0/../../../../riscv-wch-elf/lib/rv32imac_zba_zbb_zbc_zbs_xw/ilp32/libg_nano.a(lib_a-reent.o)
                0x00000000200c05f8                errno
 *(.gnu.linkonce.sb.*)
 *(.bss*)
 .bss.g_dbg_task_period_ticks
                0x00000000200c05fc       0x10 ./tasks/Src/initial_task.o
                0x00000000200c05fc                g_dbg_task_period_ticks
 .bss.g_dbg_task_stack_free_words
                0x00000000200c060c       0x10 ./tasks/Src/initial_task.o
                0x00000000200c060c                g_dbg_task_stack_free_words
 .bss.g_dbg_task_max_exec_ticks
                0x00000000200c061c       0x10 ./tasks/Src/initial_task.o
                0x00000000200c061c                g_dbg_task_max_exec_ticks
 .bss.g_dbg_task_last_tick
                0x00000000200c062c       0x10 ./tasks/Src/initial_task.o
                0x00000000200c062c                g_dbg_task_last_tick
 .bss.g_dbg_task_loop_count
                0x00000000200c063c       0x10 ./tasks/Src/initial_task.o
                0x00000000200c063c                g_dbg_task_loop_count
 .bss.g_dbg_task_create_result
                0x00000000200c064c       0x10 ./tasks/Src/initial_task.o
                0x00000000200c064c                g_dbg_task_create_result
 .bss.g_dbg_heap_after_task_create
                0x00000000200c065c       0x10 ./tasks/Src/initial_task.o
                0x00000000200c065c                g_dbg_heap_after_task_create
 .bss.g_yaw_rate_pid
                0x00000000200c066c       0x24 ./modules/control/flight_controller.o