Archive member included to satisfy reference by file (symbol)

/Users/litianyi/Desktop/MounRiver Studio 2.app/Contents/Resources/app/resources/darwin/components/WCH/Toolchain/RISC-V Embedded GCC12/bin/../lib/gcc/riscv-wch-elf/12.2.0/../../../../riscv-wch-elf/lib/rv32imac_zba_zbb_zbc_zbs_xw/ilp32/libm_nano.a(lib_a-sf_cos.o)
                              ./modules/control/flight_controller.o (cosf)
/Users/litianyi/Desktop/MounRiver Studio 2.app/Contents/Resources/app/resources/darwin/components/WCH/Toolchain/RISC-V Embedded GCC12/bin/../lib/gcc/riscv-wch-elf/12.2.0/../../../../riscv-wch-elf/lib/rv32imac_zba_zbb_zbc_zbs_xw/ilp32/libm_nano.a(lib_a-ef_rem_pio2.o)
                              /Users/litianyi/Desktop/MounRiver Studio 2.app/Contents/Resources/app/resources/darwin/components/WCH/Toolchain/RISC-V Embedded GCC12/bin/../lib/gcc/riscv-wch-elf/12.2.0/../../../../riscv-wch-elf/lib/rv32imac_zba_zbb_zbc_zbs_xw/ilp32/libm_nano.a(lib_a-sf_cos.o) (__ieee754_rem_pio2f)
/Users/litianyi/Desktop/MounRiver Studio 2.app/Contents/Resources/app/resources/darwin/components/WCH/Toolchain/RISC-V Embedded GCC12/bin/../lib/gcc/riscv-wch-elf/12.2.0/../../../../riscv-wch-elf/lib/rv32imac_zba_zbb_zbc_zbs_xw/ilp32/libm_nano.a(lib_a-kf_cos.o)
                              /Users/litianyi/Desktop/MounRiver Studio 2.app/Contents/Resources/app/resources/darwin/components/WCH/Toolchain/RISC-V Embedded GCC12/bin/../lib/gcc/riscv-wch-elf/12.2.0/../../../../riscv-wch-elf/lib/rv32imac_zba_zbb_zbc_zbs_xw/ilp32/libm_nano.a(lib_a-sf_cos.o) (__kernel_cosf)
/Users/litianyi/Desktop/MounRiver Studio 2.app/Contents/Resources/app/resources/darwin/components/WCH/Toolchain/RISC-V Embedded GCC12/bin/../lib/gcc/riscv-wch-elf/12.2.0/../../../../riscv-wch-elf/lib/rv32imac_zba_zbb_zbc_zbs_xw/ilp32/libm_nano.a(lib_a-kf_rem_pio2.o)
                              /Users/litianyi/Desktop/MounRiver Studio 2.app/Contents/Resources/app/resources/darwin/components/WCH/Toolchain/RISC-V Embedded GCC12/bin/../lib/gcc/riscv-wch-elf/12.2.0/../../../../riscv-wch-elf/lib/rv32imac_zba_zbb_zbc_zbs_xw/ilp32/libm_nano.a(lib_a-ef_rem_pio2.o) (__kernel_rem_pio2f)
/Users/litianyi/Desktop/MounRiver Studio 2.app/Contents/Resources/app/resources/darwin/components/WCH/Toolchain/RISC-V Embedded GCC12/bin/../lib/gcc/riscv-wch-elf/12.2.0/../../../../riscv-wch-elf/lib/rv32imac_zba_zbb_zbc_zbs_xw/ilp32/libm_nano.a(lib_a-kf_sin.o)
                              /Users/litianyi/Desktop/MounRiver Studio 2.app/Contents/Resources/app/resources/darwin/components/WCH/Toolchain/RISC-V Embedded GCC12/bin/../lib/gcc/riscv-wch-elf/12.2.0/../../../../riscv-wch-elf/lib/rv32imac_zba_zbb_zbc_zbs_xw/ilp32/libm_nano.a(lib_a-sf_cos.o) (__kernel_sinf)
/Users/litianyi/Desktop/MounRiver Studio 2.app/Contents/Resources/app/resources/darwin/components/WCH/Toolchain/RISC-V Embedded GCC12/bin/../lib/gcc/riscv-wch-elf/12.2.0/../../../../riscv-wch-elf/lib/rv32imac_zba_zbb_zbc_zbs_xw/ilp32/libm_nano.a(lib_a-sf_fabs.o)
                              /Users/litianyi/Desktop/MounRiver Studio 2.app/Contents/Resources/app/resources/darwin/components/WCH/Toolchain/RISC-V Embedded GCC12/bin/../lib/gcc/riscv-wch-elf/12.2.0/../../../../riscv-wch-elf/lib/rv32imac_zba_zbb_zbc_zbs_xw/ilp32/libm_nano.a(lib_a-ef_rem_pio2.o) (fabsf)
/Users/litianyi/Desktop/MounRiver Studio 2.app/Contents/Resources/app/resources/darwin/components/WCH/Toolchain/RISC-V Embedded GCC12/bin/../lib/gcc/riscv-wch-elf/12.2.0/../../../../riscv-wch-elf/lib/rv32imac_zba_zbb_zbc_zbs_xw/ilp32/libm_nano.a(lib_a-sf_floor.o)
                              /Users/litianyi/Desktop/MounRiver Studio 2.app/Contents/Resources/app/resources/darwin/components/WCH/Toolchain/RISC-V Embedded GCC12/bin/../lib/gcc/riscv-wch-elf/12.2.0/../../../../riscv-wch-elf/lib/rv32imac_zba_zbb_zbc_zbs_xw/ilp32/libm_nano.a(lib_a-kf_rem_pio2.o) (floorf)
/Users/litianyi/Desktop/MounRiver Studio 2.app/Contents/Resources/app/resources/darwin/components/WCH/Toolchain/RISC-V Embedded GCC12/bin/../lib/gcc/riscv-wch-elf/12.2.0/../../../../riscv-wch-elf/lib/rv32imac_zba_zbb_zbc_zbs_xw/ilp32/libm_nano.a(lib_a-sf_scalbn.o)
                              /Users/litianyi/Desktop/MounRiver Studio 2.app/Contents/Resources/app/resources/darwin/components/WCH/Toolchain/RISC-V Embedded GCC12/bin/../lib/gcc/riscv-wch-elf/12.2.0/../../../../riscv-wch-elf/lib/rv32imac_zba_zbb_zbc_zbs_xw/ilp32/libm_nano.a(lib_a-kf_rem_pio2.o) (scalbnf)
/Users/litianyi/Desktop/MounRiver Studio 2.app/Contents/Resources/app/resources/darwin/components/WCH/Toolchain/RISC-V Embedded GCC12/bin/../lib/gcc/riscv-wch-elf/12.2.0/rv32imac_zba_zbb_zbc_zbs_xw/ilp32/libgcc.a(_divdi3.o)
                              ./Peripheral/src/ch32h417_usart.o (__divdi3)
/Users/litianyi/Desktop/MounRiver Studio 2.app/Contents/Resources/app/resources/darwin/components/WCH/Toolchain/RISC-V Embedded GCC12/bin/../lib/gcc/riscv-wch-elf/12.2.0/rv32imac_zba_zbb_zbc_zbs_xw/ilp32/libgcc.a(_udivdi3.o)
[...]
Memory Configuration

Name             Origin             Length             Attributes
FLASH            0x0000000000000000 0x0000000000020000 xr
RAM_CODE         0x00000000200a0000 0x0000000000020000 xrw
RAM              0x00000000200c0300 0x000000000003fd00 xrw
RAM_LOAD         0x00000000200c0200 0x0000000000000100 xrw
RAM_SHARED       0x0000000020178000 0x0000000000008000 xrw
*default*        0x0000000000000000 0xffffffffffffffff

Linker script and memory map

LOAD ./tasks/Src/commander_task.o
LOAD ./tasks/Src/control_task.o
LOAD ./tasks/Src/decision_task.o
LOAD ./tasks/Src/initial_task.o
LOAD ./tasks/Src/logger_task.o
LOAD ./tasks/Src/sensor_task.o
LOAD ./modules/safety/safety.o
LOAD ./modules/navigation/mission.o
LOAD ./modules/estimator/attitude_estimator.o
LOAD ./modules/control/flight_controller.o
LOAD ./modules/control/mixer.o
LOAD ./modules/control/pid.o
LOAD ./modules/comm/logger.o
LOAD ./drivers/sensors/barometer.o
LOAD ./drivers/sensors/gps.o
LOAD ./drivers/sensors/imu.o
LOAD ./drivers/sensors/rc_input.o
LOAD ./bsp/bsp_adc.o
LOAD ./bsp/bsp_board.o
LOAD ./bsp/bsp_i2c.o
LOAD ./bsp/bsp_pwm.o
LOAD ./bsp/bsp_spi.o
LOAD ./bsp/bsp_uart.o
LOAD ./app/app.o
LOAD ./User/ch32h417_it.o
LOAD ./User/main.o
LOAD ./User/system_ch32h417.o
LOAD ./Startup/startup_ch32h417_v5f.o
LOAD ./Peripheral/src/ch32h417_adc.o
LOAD ./Peripheral/src/ch32h417_can.o
LOAD ./Peripheral/src/ch32h417_crc.o
LOAD ./Peripheral/src/ch32h417_dac.o
LOAD ./Peripheral/src/ch32h417_dbgmcu.o
LOAD ./Peripheral/src/ch32h417_dfsdm.o
LOAD ./Peripheral/src/ch32h417_dma.o
LOAD ./Peripheral/src/ch32h417_dvp.o
LOAD ./Peripheral/src/ch32h417_ecdc.o
LOAD ./Peripheral/src/ch32h417_eth.o
LOAD ./Peripheral/src/ch32h417_exti.o
LOAD ./Peripheral/src/ch32h417_flash.o
LOAD ./Peripheral/src/ch32h417_fmc.o
LOAD ./Peripheral/src/ch32h417_gpha.o
LOAD ./Peripheral/src/ch32h417_gpio.o
LOAD ./Peripheral/src/ch32h417_hsadc.o
LOAD ./Peripheral/src/ch32h417_hsem.o
LOAD ./Peripheral/src/ch32h417_i2c.o
LOAD ./Peripheral/src/ch32h417_i3c.o
LOAD ./Peripheral/src/ch32h417_ipc.o
LOAD ./Peripheral/src/ch32h417_iwdg.o
LOAD ./Peripheral/src/ch32h417_lptim.o
LOAD ./Peripheral/src/ch32h417_ltdc.o
LOAD ./Peripheral/src/ch32h417_opa.o
LOAD ./Peripheral/src/ch32h417_pwr.o
LOAD ./Peripheral/src/ch32h417_qspi.o
LOAD ./Peripheral/src/ch32h417_rcc.o
LOAD ./Peripheral/src/ch32h417_rng.o
LOAD ./Peripheral/src/ch32h417_rtc.o
LOAD ./Peripheral/src/ch32h417_sai.o
LOAD ./Peripheral/src/ch32h417_sdio.o
LOAD ./Peripheral/src/ch32h417_sdmmc.o
LOAD ./Peripheral/src/ch32h417_serdes.o
LOAD ./Peripheral/src/ch32h417_spi.o
LOAD ./Peripheral/src/ch32h417_swpmi.o
LOAD ./Peripheral/src/ch32h417_tim.o
LOAD ./Peripheral/src/ch32h417_usart.o
LOAD ./Peripheral/src/ch32h417_wwdg.o
LOAD ./FreeRTOS/portable/MemMang/heap_4.o
LOAD ./FreeRTOS/portable/GCC/RISC-V/port.o
LOAD ./FreeRTOS/portable/GCC/RISC-V/portASM.o
LOAD ./FreeRTOS/croutine.o
LOAD ./FreeRTOS/event_groups.o
LOAD ./FreeRTOS/list.o
LOAD ./FreeRTOS/queue.o
LOAD ./FreeRTOS/stream_buffer.o
LOAD ./FreeRTOS/tasks.o
LOAD ./FreeRTOS/timers.o
LOAD ./Debug/debug.o
LOAD ./Core/core_riscv.o
LOAD /Users/litianyi/Desktop/MounRiver Studio 2.app/Contents/Resources/app/resources/darwin/components/WCH/Toolchain/RISC-V Embedded GCC12/bin/../lib/gcc/riscv-wch-elf/12.2.0/../../../../riscv-wch-elf/lib/rv32imac_zba_zbb_zbc_zbs_xw/ilp32/libm_nano.a
LOAD /Users/litianyi/Desktop/MounRiver Studio 2.app/Contents/Resources/app/resources/darwin/components/WCH/Toolchain/RISC-V Embedded GCC12/bin/../lib/gcc/riscv-wch-elf/12.2.0/rv32imac_zba_zbb_zbc_zbs_xw/ilp32/libgcc.a
LOAD /Users/litianyi/Desktop/MounRiver Studio 2.app/Contents/Resources/app/resources/darwin/components/WCH/Toolchain/RISC-V Embedded GCC12/bin/../lib/gcc/riscv-wch-elf/12.2.0/../../../../riscv-wch-elf/lib/rv32imac_zba_zbb_zbc_zbs_xw/ilp32/libg_nano.a
LOAD /Users/litianyi/Desktop/MounRiver Studio 2.app/Contents/Resources/app/resources/darwin/components/WCH/Toolchain/RISC-V Embedded GCC12/bin/../lib/gcc/riscv-wch-elf/12.2.0/../../../../riscv-wch-elf/lib/rv32imac_zba_zbb_zbc_zbs_xw/ilp32/libc_nano.a
LOAD /Users/litianyi/Desktop/MounRiver Studio 2.app/Contents/Resources/app/resources/darwin/components/WCH/Toolchain/RISC-V Embedded GCC12/bin/../lib/gcc/riscv-wch-elf/12.2.0/rv32imac_zba_zbb_zbc_zbs_xw/ilp32/libgcc.a
START GROUP
LOAD /Users/litianyi/Desktop/MounRiver Studio 2.app/Contents/Resources/app/resources/darwin/components/WCH/Toolchain/RISC-V Embedded GCC12/bin/../lib/gcc/riscv-wch-elf/12.2.0/rv32imac_zba_zbb_zbc_zbs_xw/ilp32/libgcc.a
LOAD /Users/litianyi/Desktop/MounRiver Studio 2.app/Contents/Resources/app/resources/darwin/components/WCH/Toolchain/RISC-V Embedded GCC12/bin/../lib/gcc/riscv-wch-elf/12.2.0/../../../../riscv-wch-elf/lib/rv32imac_zba_zbb_zbc_zbs_xw/ilp32/libc_nano.a
LOAD /Users/litianyi/Desktop/MounRiver Studio 2.app/Contents/Resources/app/resources/darwin/components/WCH/Toolchain/RISC-V Embedded GCC12/bin/../lib/gcc/riscv-wch-elf/12.2.0/../../../../riscv-wch-elf/lib/rv32imac_zba_zbb_zbc_zbs_xw/ilp32/libnosys.a
END GROUP
START GROUP
LOAD /Users/litianyi/Desktop/MounRiver Studio 2.app/Contents/Resources/app/resources/darwin/components/WCH/Toolchain/RISC-V Embedded GCC12/bin/../lib/gcc/riscv-wch-elf/12.2.0/rv32imac_zba_zbb_zbc_zbs_xw/ilp32/libgcc.a
LOAD /Users/litianyi/Desktop/MounRiver Studio 2.app/Contents/Resources/app/resources/darwin/components/WCH/Toolchain/RISC-V Embedded GCC12/bin/../lib/gcc/riscv-wch-elf/12.2.0/../../../../riscv-wch-elf/lib/rv32imac_zba_zbb_zbc_zbs_xw/ilp32/libc_nano.a
LOAD /Users/litianyi/Desktop/MounRiver Studio 2.app/Contents/Resources/app/resources/darwin/components/WCH/Toolchain/RISC-V Embedded GCC12/bin/../lib/gcc/riscv-wch-elf/12.2.0/../../../../riscv-wch-elf/lib/rv32imac_zba_zbb_zbc_zbs_xw/ilp32/libnosys.a
END GROUP
                0x0000000000001000                __stack_size = 0x1000
                [!provide]                        PROVIDE (_stack_size = __stack_size)

.init           0x0000000000000000        0x8
                0x0000000000000000                _sinit = .
                0x0000000000000000                . = ALIGN (0x4)
 *(SORT_NONE(.init))
 .init          0x0000000000000000        0x6 ./Startup/startup_ch32h417_v5f.o
                0x0000000000000000                _start
                0x0000000000000008                . = ALIGN (0x4)
 *fill*         0x0000000000000006        0x2 
                0x0000000000000008                _einit = .

.loadcodelalign
                0x0000000000000008        0x0
                0x0000000000000008                . = ALIGN (0x4)
                0x0000000000000008                PROVIDE (_loadcode_lma = .)

.loadcode       0x00000000200c0200       0xd8 load address 0x0000000000000008
                0x00000000200c0200                . = ALIGN (0x4)
                0x00000000200c0200                PROVIDE (_loadcode_vma_start = .)
 *(.load)
 .load          0x00000000200c0200       0xd8 ./Startup/startup_ch32h417_v5f.o
                0x00000000200c02d8                . = ALIGN (0x4)
                0x00000000200c02d8                PROVIDE (_loadcode_vma_end = .)

.highcodelalign
                0x00000000000000e0        0x0
                0x00000000000000e0                . = ALIGN (0x4)
                0x00000000000000e0                PROVIDE (_highcode_lma = .)

.highcode       0x00000000200a0000     0xa808 load address 0x00000000000000e0
                0x00000000200a0000                . = ALIGN (0x4)
                0x00000000200a0000                PROVIDE (_highcode_vma_start = .)
 *(.vector)
 .vector        0x00000000200a0000      0x254 ./Startup/startup_ch32h417_v5f.o
 *(SORT_NONE(.vector_handler))
 *(.text)
 *fill*         0x00000000200a0254       0xac 
 .text          0x00000000200a0300      0x2e6 ./FreeRTOS/portable/GCC/RISC-V/portASM.o
                0x00000000200a0300                SW_Handler
                0x00000000200a0400                xPortStartFirstTask
                0x00000000200a0500                pxPortInitialiseStack
 .text          0x00000000200a05e6       0x60 /Users/litianyi/Desktop/MounRiver Studio 2.app/Contents/Resources/app/resources/darwin/components/WCH/Toolchain/RISC-V Embedded GCC12/bin/../lib/gcc/riscv-wch-elf/12.2.0/rv32imac_zba_zbb_zbc_zbs_xw/ilp32/libgcc.a(save-restore.o)
                0x00000000200a05e6                __riscv_save_12
                0x00000000200a05ee                __riscv_save_10
                0x00000000200a05ee                __riscv_save_8
                0x00000000200a05ee                __riscv_save_11
                0x00000000200a05ee                __riscv_save_9
                0x00000000200a05fc                __riscv_save_4
                0x00000000200a05fc                __riscv_save_7
                0x00000000200a05fc                __riscv_save_6
                0x00000000200a05fc                __riscv_save_5
                0x00000000200a0616                __riscv_save_3
                0x00000000200a0616                __riscv_save_2
                0x00000000200a0616                __riscv_save_0
                0x00000000200a0616                __riscv_save_1
                0x00000000200a0622                __riscv_restore_12
                0x00000000200a0626                __riscv_restore_8
                0x00000000200a0626                __riscv_restore_10
                0x00000000200a0626                __riscv_restore_9
                0x00000000200a0626                __riscv_restore_11
                0x00000000200a0630                __riscv_restore_5
                0x00000000200a0630                __riscv_restore_7
                0x00000000200a0630                __riscv_restore_4
                0x00000000200a0630                __riscv_restore_6
                0x00000000200a063a                __riscv_restore_3
                0x00000000200a063a                __riscv_restore_1
                0x00000000200a063a                __riscv_restore_0
                0x00000000200a063a                __riscv_restore_2
 .text          0x00000000200a0646       0x16 /Users/litianyi/Desktop/MounRiver Studio 2.app/Contents/Resources/app/resources/darwin/components/WCH/Toolchain/RISC-V Embedded GCC12/bin/../lib/gcc/riscv-wch-elf/12.2.0/../../../../riscv-wch-elf/lib/rv32imac_zba_zbb_zbc_zbs_xw/ilp32/libg_nano.a(lib_a-memcpy-asm.o)
                0x00000000200a0646                memcpy
 .text          0x00000000200a065c       0x10 /Users/litianyi/Desktop/MounRiver Studio 2.app/Contents/Resources/app/resources/darwin/components/WCH/Toolchain/RISC-V Embedded GCC12/bin/../lib/gcc/riscv-wch-elf/12.2.0/../../../../riscv-wch-elf/lib/rv32imac_zba_zbb_zbc_zbs_xw/ilp32/libg_nano.a(lib_a-memset.o)
                0x00000000200a065c                memset
 *(.text.*)
 .text.enter_mode
                0x00000000200a066c       0xc6 ./tasks/Src/commander_task.o
 .text.CommanderTask
                0x00000000200a0732      0x1f8 ./tasks/Src/commander_task.o
                0x00000000200a0732                CommanderTask
 .text.ControlTask
                0x00000000200a092a       0x6a ./tasks/Src/control_task.o
                0x00000000200a092a                ControlTask
 .text.rc_channel_to_axis
                0x00000000200a0994       0x4a ./tasks/Src/decision_task.o
 .text.DecisionTask
                0x00000000200a09de      0x188 ./tasks/Src/decision_task.o
                0x00000000200a09de                DecisionTask
 .text.task_period_ticks
                0x00000000200a0b66       0x1e ./tasks/Src/initial_task.o
                0x00000000200a0b66                task_period_ticks
 .text.task_record_heartbeat
                0x00000000200a0b84       0xa8 ./tasks/Src/initial_task.o
                0x00000000200a0b84                task_record_heartbeat
 .text.tasks_create_all
                0x00000000200a0c2c      0x170 ./tasks/Src/initial_task.o
                0x00000000200a0c2c                tasks_create_all
 .text.LoggerTask
                0x00000000200a0d9c       0x40 ./tasks/Src/logger_task.o
                0x00000000200a0d9c                LoggerTask
 .text.SensorTask
                0x00000000200a0ddc       0x7a ./tasks/Src/sensor_task.o
                0x00000000200a0ddc                SensorTask
 .text.safety_init
                0x00000000200a0e56        0x2 ./modules/safety/safety.o
                0x00000000200a0e56                safety_init
 .text.safety_update
                0x00000000200a0e58       0x38 ./modules/safety/safety.o
                0x00000000200a0e58                safety_update
 .text.mission_init
                0x00000000200a0e90        0x2 ./modules/navigation/mission.o
                0x00000000200a0e90                mission_init
 .text.mission_update
                0x00000000200a0e92        0x2 ./modules/navigation/mission.o
                0x00000000200a0e92                mission_update
 .text.attitude_estimator_init
                0x00000000200a0e94       0x16 ./modules/estimator/attitude_estimator.o
                0x00000000200a0e94                attitude_estimator_init
 .text.attitude_estimator_update
                0x00000000200a0eaa       0xac ./modules/estimator/attitude_estimator.o
                0x00000000200a0eaa                attitude_estimator_update
 .text.reset_altitude_controller
                0x00000000200a0f56       0x14 ./modules/control/flight_controller.o
 .text.reset_rate_controllers
                0x00000000200a0f6a       0x20 ./modules/control/flight_controller.o
 .text.flight_controller_init
                0x00000000200a0f8a       0x72 ./modules/control/flight_controller.o
                0x00000000200a0f8a                flight_controller_init
 .text.flight_controller_update
                0x00000000200a0ffc      0x36e ./modules/control/flight_controller.o
                0x00000000200a0ffc                flight_controller_update
 .text.norm_to_pwm
                0x00000000200a136a       0x44 ./modules/control/mixer.o
 .text.mixer_init
                0x00000000200a13ae        0x2 ./modules/control/mixer.o
                0x00000000200a13ae                mixer_init
 .text.mixer_mix_x_quad
                0x00000000200a13b0       0xa2 ./modules/control/mixer.o
                0x00000000200a13b0                mixer_mix_x_quad
 .text.pid_init
                0x00000000200a1452       0x1a ./modules/control/pid.o
                0x00000000200a1452                pid_init
 .text.pid_reset
                0x00000000200a146c        0xc ./modules/control/pid.o
                0x00000000200a146c                pid_reset
 .text.pid_update
                0x00000000200a1478       0xb2 ./modules/control/pid.o
                0x00000000200a1478                pid_update
 .text.logger_init
                0x00000000200a152a        0x2 ./modules/comm/logger.o
                0x00000000200a152a                logger_init
 .text.barometer_init
                0x00000000200a152c        0x4 ./drivers/sensors/barometer.o
                0x00000000200a152c                barometer_init
 .text.barometer_read
                0x00000000200a1530        0x4 ./drivers/sensors/barometer.o
                0x00000000200a1530                barometer_read
 .text.hex_nibble
                0x00000000200a1534       0x44 ./drivers/sensors/gps.o
 .text.parse_decimal_field
                0x00000000200a1578      0x102 ./drivers/sensors/gps.o
 .text.parse_coord_field
                0x00000000200a167a       0xda ./drivers/sensors/gps.o
 .text.parse_uint8_field
                0x00000000200a1754       0x4c ./drivers/sensors/gps.o
 .text.nmea_get_field.constprop.0
                0x00000000200a17a0       0x56 ./drivers/sensors/gps.o
 .text.gps_init
                0x00000000200a17f6       0x28 ./drivers/sensors/gps.o
                0x00000000200a17f6                gps_init
 .text.gps_poll
                0x00000000200a181e      0x44a ./drivers/sensors/gps.o
                0x00000000200a181e                gps_poll
 .text.imu_decode_f32_le
                0x00000000200a1c68        0x4 ./drivers/sensors/imu.o
 .text.imu_uart_process
                0x00000000200a1c6c      0x236 ./drivers/sensors/imu.o
 .text.imu_uart_send_command.constprop.0.isra.0
                0x00000000200a1ea2       0x48 ./drivers/sensors/imu.o
 .text.imu_retry_init
                0x00000000200a1eea       0xa4 ./drivers/sensors/imu.o
 .text.imu_init
                0x00000000200a1f8e       0x76 ./drivers/sensors/imu.o
                0x00000000200a1f8e                imu_init
 .text.imu_read
                0x00000000200a2004       0x96 ./drivers/sensors/imu.o
                0x00000000200a2004                imu_read
 .text.imu_read_barometer
                0x00000000200a209a       0x5e ./drivers/sensors/imu.o
                0x00000000200a209a                imu_read_barometer
 .text.rc_input_init
                0x00000000200a20f8       0x1c ./drivers/sensors/rc_input.o
                0x00000000200a20f8                rc_input_init
 .text.rc_input_poll
                0x00000000200a2114      0x258 ./drivers/sensors/rc_input.o
                0x00000000200a2114                rc_input_poll
 .text.bsp_adc_init
                0x00000000200a236c       0xde ./bsp/bsp_adc.o
                0x00000000200a236c                bsp_adc_init
 .text.bsp_board_led_set
                0x00000000200a244a       0x26 ./bsp/bsp_board.o
                0x00000000200a244a                bsp_board_led_set
 .text.bsp_board_init
                0x00000000200a2470       0xcc ./bsp/bsp_board.o
                0x00000000200a2470                bsp_board_init
 .text.bsp_board_millis
                0x00000000200a253c        0x6 ./bsp/bsp_board.o
                0x00000000200a253c                bsp_board_millis
 .text.vApplicationTickHook
                0x00000000200a2542       0x1a ./bsp/bsp_board.o
                0x00000000200a2542                vApplicationTickHook
 .text.bsp_pwm_motor_set_us
                0x00000000200a255c       0x62 ./bsp/bsp_pwm.o
                0x00000000200a255c                bsp_pwm_motor_set_us
 .text.bsp_pwm_motors_set_all_us
                0x00000000200a25be       0x20 ./bsp/bsp_pwm.o
                0x00000000200a25be                bsp_pwm_motors_set_all_us
 .text.bsp_pwm_motors_init
                0x00000000200a25de      0x14c ./bsp/bsp_pwm.o
                0x00000000200a25de                bsp_pwm_motors_init
 .text.bsp_pwm_motors_debug
                0x00000000200a272a       0x6c ./bsp/bsp_pwm.o
                0x00000000200a272a                bsp_pwm_motors_debug
 .text.init_usart_common
                0x00000000200a2796       0x28 ./bsp/bsp_uart.o
 .text.gps_uart_clear_rx_status
                0x00000000200a27be       0x76 ./bsp/bsp_uart.o
 .text.rc_uart_clear_rx_status
                0x00000000200a2834       0x76 ./bsp/bsp_uart.o
 .text.imu_uart_clear_rx_status
                0x00000000200a28aa       0x76 ./bsp/bsp_uart.o
 .text.uart_wait_txe
                0x00000000200a2920       0x38 ./bsp/bsp_uart.o
 .text.bsp_uart_gps_init
                0x00000000200a2958       0xbc ./bsp/bsp_uart.o
                0x00000000200a2958                bsp_uart_gps_init
 .text.bsp_uart_gps_start_rx_irq
                0x00000000200a2a14       0x5e ./bsp/bsp_uart.o
                0x00000000200a2a14                bsp_uart_gps_start_rx_irq
 .text.bsp_uart_rc_init
                0x00000000200a2a72       0xbc ./bsp/bsp_uart.o
                0x00000000200a2a72                bsp_uart_rc_init
 .text.bsp_uart_rc_start_rx_irq
                0x00000000200a2b2e       0x66 ./bsp/bsp_uart.o
                0x00000000200a2b2e                bsp_uart_rc_start_rx_irq
 .text.bsp_uart_debug_sample_rc_rx
                0x00000000200a2b94       0x9c ./bsp/bsp_uart.o
                0x00000000200a2b94                bsp_uart_debug_sample_rc_rx
 .text.bsp_uart_imu_init
                0x00000000200a2c30       0xd8 ./bsp/bsp_uart.o
                0x00000000200a2c30                bsp_uart_imu_init
 .text.bsp_uart_imu_start_rx_irq
                0x00000000200a2d08       0x66 ./bsp/bsp_uart.o
                0x00000000200a2d08                bsp_uart_imu_start_rx_irq
 .text.bsp_uart_debug_sample_imu_rx
                0x00000000200a2d6e       0xa4 ./bsp/bsp_uart.o
                0x00000000200a2d6e                bsp_uart_debug_sample_imu_rx
 .text.bsp_uart_gps_read_byte
                0x00000000200a2e12       0x96 ./bsp/bsp_uart.o
                0x00000000200a2e12                bsp_uart_gps_read_byte
 .text.bsp_uart_rc_read_byte
                0x00000000200a2ea8       0x80 ./bsp/bsp_uart.o
                0x00000000200a2ea8                bsp_uart_rc_read_byte
 .text.bsp_uart_imu_read_byte
                0x00000000200a2f28       0x80 ./bsp/bsp_uart.o
                0x00000000200a2f28                bsp_uart_imu_read_byte
 .text.bsp_uart_imu_write_byte
                0x00000000200a2fa8       0x26 ./bsp/bsp_uart.o
                0x00000000200a2fa8                bsp_uart_imu_write_byte
 .text.bsp_uart_imu_write
                0x00000000200a2fce       0x20 ./bsp/bsp_uart.o
                0x00000000200a2fce                bsp_uart_imu_write
 .text.USART2_IRQHandler
                0x00000000200a2fee       0xf4 ./bsp/bsp_uart.o
                0x00000000200a2fee                USART2_IRQHandler
 .text.USART3_IRQHandler
                0x00000000200a30e2       0xe4 ./bsp/bsp_uart.o
                0x00000000200a30e2                USART3_IRQHandler
 .text.USART4_IRQHandler
                0x00000000200a31c6       0xf6 ./bsp/bsp_uart.o
                0x00000000200a31c6                USART4_IRQHandler
 .text.app_state
                0x00000000200a32bc        0x6 ./app/app.o
                0x00000000200a32bc                app_state
 .text.app_start
                0x00000000200a32c2       0xa0 ./app/app.o
                0x00000000200a32c2                app_start
 .text.vApplicationMallocFailedHook
                0x00000000200a3362       0x34 ./app/app.o
                0x00000000200a3362                vApplicationMallocFailedHook
 .text.vApplicationStackOverflowHook
                0x00000000200a3396       0x38 ./app/app.o
                0x00000000200a3396                vApplicationStackOverflowHook
 .text.vApplicationAssertFailed
                0x00000000200a33ce       0x74 ./app/app.o
                0x00000000200a33ce                vApplicationAssertFailed
 .text.NMI_Handler
                0x00000000200a3442       0x1c ./User/ch32h417_it.o
                0x00000000200a3442                NMI_Handler
 .text.HardFault_Handler
                0x00000000200a345e       0x38 ./User/ch32h417_it.o
                0x00000000200a345e                HardFault_Handler
 .text.startup.main
                0x00000000200a3496       0x38 ./User/main.o
                0x00000000200a3496                main
 .text.SystemAndCoreClockUpdate
                0x00000000200a34ce      0x15a ./User/system_ch32h417.o
                0x00000000200a34ce                SystemAndCoreClockUpdate
 .text.vector_handler
                0x00000000200a3628        0x2 ./Startup/startup_ch32h417_v5f.o
                0x00000000200a3628                DMA2_Channel3_IRQHandler
                0x00000000200a3628                TIM8_CC_IRQHandler
                0x00000000200a3628                USART_WKUP_IRQHandler
                0x00000000200a3628                SPI4_IRQHandler
                0x00000000200a3628                DFSDM0_IRQHandler
                0x00000000200a3628                TIM1_CC_IRQHandler
                0x00000000200a3628                TIM10_IRQHandler
                0x00000000200a3628                IPC_CH2_Handler
                0x00000000200a3628                USBPD_IRQHandler
                0x00000000200a3628                TIM6_IRQHandler
                0x00000000200a3628                CAN3_RX1_IRQHandler
                0x00000000200a3628                I3C_ER_IRQHandler
                0x00000000200a3628                SDIO_IRQHandler
                0x00000000200a3628                DMA2_Channel8_IRQHandler
                0x00000000200a3628                CAN2_RX1_IRQHandler
                0x00000000200a3628                HSEM_Handler
                0x00000000200a3628                USBHS_IRQHandler
                0x00000000200a3628                LPTIM2_IRQHandler
                0x00000000200a3628                USBFSWakeup_IRQHandler
                0x00000000200a3628                I2C3_ER_IRQHandler
                0x00000000200a3628                USBFS_IRQHandler
                0x00000000200a3628                USART8_IRQHandler
                0x00000000200a3628                I2C2_EV_IRQHandler
                0x00000000200a3628                CAN1_RX0_IRQHandler
                0x00000000200a3628                CAN3_SCE_IRQHandler
                0x00000000200a3628                CAN2_SCE_IRQHandler
                0x00000000200a3628                ADC1_2_IRQHandler
                0x00000000200a3628                Break_Point_Handler
                0x00000000200a3628                IPC_CH0_Handler
                0x00000000200a3628                SPI1_IRQHandler
                0x00000000200a3628                USART5_IRQHandler
                0x00000000200a3628                SysTick0_Handler
                0x00000000200a3628                EXTI7_0_IRQHandler
                0x00000000200a3628                CAN2_RX0_IRQHandler
                0x00000000200a3628                TIM8_UP_IRQHandler
                0x00000000200a3628                Ecall_M_Mode_Handler
                0x00000000200a3628                ECDC_IRQHandler
                0x00000000200a3628                SDMMC_IRQHandler
                0x00000000200a3628                USART7_IRQHandler
                0x00000000200a3628                DMA2_Channel2_IRQHandler
                0x00000000200a3628                DMA1_Channel4_IRQHandler
                0x00000000200a3628                USART6_IRQHandler
                0x00000000200a3628                CAN3_RX0_IRQHandler
                0x00000000200a3628                HSADC_IRQHandler
                0x00000000200a3628                RTC_IRQHandler
                0x00000000200a3628                DMA1_Channel7_IRQHandler
                0x00000000200a3628                CAN1_RX1_IRQHandler
                0x00000000200a3628                DVP_IRQHandler
                0x00000000200a3628                USBSS_IRQHandler
                0x00000000200a3628                SWPMI_IRQHandler
                0x00000000200a3628                USBPDWakeUp_IRQHandler
                0x00000000200a3628                EXTI15_8_IRQHandler
                0x00000000200a3628                TIM4_IRQHandler
                0x00000000200a3628                DMA2_Channel1_IRQHandler
                0x00000000200a3628                SWPMI_WKUP_IRQHandler
                0x00000000200a3628                I2C1_EV_IRQHandler
                0x00000000200a3628                USBSSWakeup_IRQHandler
                0x00000000200a3628                DMA1_Channel6_IRQHandler
                0x00000000200a3628                DMA2_Channel4_IRQHandler
                0x00000000200a3628                TIM3_IRQHandler
                0x00000000200a3628                RCC_IRQHandler
                0x00000000200a3628                TIM1_TRG_COM_IRQHandler
                0x00000000200a3628                DMA1_Channel1_IRQHandler
                0x00000000200a3628                DMA2_Channel7_IRQHandler
                0x00000000200a3628                QSPI1_IRQHandler
                0x00000000200a3628                DMA1_Channel8_IRQHandler
                0x00000000200a3628                IPC_CH3_Handler
                0x00000000200a3628                I3C_EV_IRQHandler
                0x00000000200a3628                I3C_WKUP_IRQHandler
                0x00000000200a3628                TIM12_IRQHandler
                0x00000000200a3628                TIM7_IRQHandler
                0x00000000200a3628                CAN2_TX_IRQHandler
                0x00000000200a3628                TIM5_IRQHandler
                0x00000000200a3628                I2C3_EV_IRQHandler
                0x00000000200a3628                PIOC_IRQHandler
                0x00000000200a3628                TIM9_IRQHandler
                0x00000000200a3628                LTDC_IRQHandler
                0x00000000200a3628                SAI_IRQHandler
                0x00000000200a3628                ETH_WKUP_IRQHandler
                0x00000000200a3628                SPI2_IRQHandler
                0x00000000200a3628                IPC_CH1_Handler
                0x00000000200a3628                LPTIM1_WKUP_IRQHandler
                0x00000000200a3628                CAN1_TX_IRQHandler
                0x00000000200a3628                DMA2_Channel5_IRQHandler
                0x00000000200a3628                DMA1_Channel5_IRQHandler
                0x00000000200a3628                QSPI2_IRQHandler
                0x00000000200a3628                RNG_IRQHandler
                0x00000000200a3628                DMA1_Channel3_IRQHandler
                0x00000000200a3628                ETH_IRQHandler
                0x00000000200a3628                TIM1_UP_IRQHandler
                0x00000000200a3628                WWDG_IRQHandler
                0x00000000200a3628                USBHSWakeup_IRQHandler
                0x00000000200a3628                Ecall_U_Mode_Handler
                0x00000000200a3628                I2C4_EV_IRQHandler
                0x00000000200a3628                CAN3_TX_IRQHandler
                0x00000000200a3628                DMA2_Channel6_IRQHandler
                0x00000000200a3628                TIM2_IRQHandler
                0x00000000200a3628                TIM1_BRK_IRQHandler
                0x00000000200a3628                GPHA_IRQHandler
                0x00000000200a3628                LPTIM2_WKUP_IRQHandler
                0x00000000200a3628                RTCAlarm_IRQHandler
                0x00000000200a3628                TIM11_IRQHandler
                0x00000000200a3628                UHSIF_IRQHandler
                0x00000000200a3628                I2C2_ER_IRQHandler
                0x00000000200a3628                DMA1_Channel2_IRQHandler
                0x00000000200a3628                TIM8_BRK_IRQHandler
                0x00000000200a3628                CAN1_SCE_IRQHandler
                0x00000000200a3628                FLASH_IRQHandler
                0x00000000200a3628                USART1_IRQHandler
                0x00000000200a3628                SPI3_IRQHandler
                0x00000000200a3628                I2C1_ER_IRQHandler
                0x00000000200a3628                FMC_IRQHandler
                0x00000000200a3628                LPTIM1_IRQHandler
                0x00000000200a3628                DFSDM1_IRQHandler
                0x00000000200a3628                I2C4_ER_IRQHandler
                0x00000000200a3628                SERDES_IRQHandler
                0x00000000200a3628                USBSS_LINK_IRQHandler
                0x00000000200a3628                TIM8_TRG_COM_IRQHandler
 .text.ADC_DeInit
                0x00000000200a362a       0x40 ./Peripheral/src/ch32h417_adc.o
                0x00000000200a362a                ADC_DeInit
 .text.ADC_Init
                0x00000000200a366a       0x56 ./Peripheral/src/ch32h417_adc.o
                0x00000000200a366a                ADC_Init
 .text.ADC_Cmd  0x00000000200a36c0       0x10 ./Peripheral/src/ch32h417_adc.o
                0x00000000200a36c0                ADC_Cmd
 .text.ADC_ResetCalibration
                0x00000000200a36d0        0xa ./Peripheral/src/ch32h417_adc.o
                0x00000000200a36d0                ADC_ResetCalibration
 .text.ADC_GetResetCalibrationStatus
                0x00000000200a36da        0x8 ./Peripheral/src/ch32h417_adc.o
                0x00000000200a36da                ADC_GetResetCalibrationStatus
 .text.ADC_StartCalibration
                0x00000000200a36e2       0x14 ./Peripheral/src/ch32h417_adc.o
                0x00000000200a36e2                ADC_StartCalibration
 .text.ADC_GetCalibrationStatus
                0x00000000200a36f6        0x8 ./Peripheral/src/ch32h417_adc.o
                0x00000000200a36f6                ADC_GetCalibrationStatus
 .text.GPIO_Init
                0x00000000200a36fe       0xe0 ./Peripheral/src/ch32h417_gpio.o
                0x00000000200a36fe                GPIO_Init
 .text.GPIO_ReadInputData
                0x00000000200a37de        0x8 ./Peripheral/src/ch32h417_gpio.o
                0x00000000200a37de                GPIO_ReadInputData
 .text.GPIO_SetBits
                0x00000000200a37e6        0x4 ./Peripheral/src/ch32h417_gpio.o
                0x00000000200a37e6                GPIO_SetBits
 .text.GPIO_ResetBits
                0x00000000200a37ea        0x4 ./Peripheral/src/ch32h417_gpio.o
                0x00000000200a37ea                GPIO_ResetBits
 .text.GPIO_PinAFConfig
                0x00000000200a37ee      0x1e8 ./Peripheral/src/ch32h417_gpio.o
                0x00000000200a37ee                GPIO_PinAFConfig
 .text.RCC_ADCHCLKCLKAsSourceConfig
                0x00000000200a39d6       0x1a ./Peripheral/src/ch32h417_rcc.o
                0x00000000200a39d6                RCC_ADCHCLKCLKAsSourceConfig
 .text.RCC_GetClocksFreq
                0x00000000200a39f0      0x1aa ./Peripheral/src/ch32h417_rcc.o
                0x00000000200a39f0                RCC_GetClocksFreq
 .text.RCC_HB2PeriphClockCmd
                0x00000000200a3b9a       0x1c ./Peripheral/src/ch32h417_rcc.o
                0x00000000200a3b9a                RCC_HB2PeriphClockCmd
 .text.RCC_HB1PeriphClockCmd
                0x00000000200a3bb6       0x1c ./Peripheral/src/ch32h417_rcc.o
                0x00000000200a3bb6                RCC_HB1PeriphClockCmd
 .text.RCC_HB2PeriphResetCmd
                0x00000000200a3bd2       0x1c ./Peripheral/src/ch32h417_rcc.o
                0x00000000200a3bd2                RCC_HB2PeriphResetCmd
 .text.RCC_ADCCLKConfig
                0x00000000200a3bee       0x16 ./Peripheral/src/ch32h417_rcc.o
                0x00000000200a3bee                RCC_ADCCLKConfig
 .text.TIM_TimeBaseInit
                0x00000000200a3c04       0x7c ./Peripheral/src/ch32h417_tim.o
                0x00000000200a3c04                TIM_TimeBaseInit
 .text.TIM_OC1Init
                0x00000000200a3c80       0x72 ./Peripheral/src/ch32h417_tim.o
                0x00000000200a3c80                TIM_OC1Init
 .text.TIM_OC2Init
                0x00000000200a3cf2       0x9a ./Peripheral/src/ch32h417_tim.o
                0x00000000200a3cf2                TIM_OC2Init
 .text.TIM_OC3Init
                0x00000000200a3d8c       0x98 ./Peripheral/src/ch32h417_tim.o
                0x00000000200a3d8c                TIM_OC3Init
 .text.TIM_OC4Init
                0x00000000200a3e24       0x70 ./Peripheral/src/ch32h417_tim.o
                0x00000000200a3e24                TIM_OC4Init
 .text.TIM_Cmd  0x00000000200a3e94       0x18 ./Peripheral/src/ch32h417_tim.o
                0x00000000200a3e94                TIM_Cmd
 .text.TIM_CtrlPWMOutputs
                0x00000000200a3eac       0x16 ./Peripheral/src/ch32h417_tim.o
                0x00000000200a3eac                TIM_CtrlPWMOutputs
 .text.TIM_ARRPreloadConfig
                0x00000000200a3ec2       0x1a ./Peripheral/src/ch32h417_tim.o
                0x00000000200a3ec2                TIM_ARRPreloadConfig
 .text.TIM_OC1PreloadConfig
                0x00000000200a3edc        0xe ./Peripheral/src/ch32h417_tim.o
                0x00000000200a3edc                TIM_OC1PreloadConfig
 .text.TIM_OC2PreloadConfig
                0x00000000200a3eea       0x16 ./Peripheral/src/ch32h417_tim.o
                0x00000000200a3eea                TIM_OC2PreloadConfig
 .text.TIM_OC3PreloadConfig
                0x00000000200a3f00        0xe ./Peripheral/src/ch32h417_tim.o
                0x00000000200a3f00                TIM_OC3PreloadConfig
 .text.TIM_OC4PreloadConfig
                0x00000000200a3f0e       0x16 ./Peripheral/src/ch32h417_tim.o
                0x00000000200a3f0e                TIM_OC4PreloadConfig
 .text.TIM_SetCompare1
                0x00000000200a3f24        0x4 ./Peripheral/src/ch32h417_tim.o
                0x00000000200a3f24                TIM_SetCompare1
 .text.TIM_SetCompare2
                0x00000000200a3f28        0x4 ./Peripheral/src/ch32h417_tim.o
                0x00000000200a3f28                TIM_SetCompare2
 .text.TIM_SetCompare3
                0x00000000200a3f2c        0x4 ./Peripheral/src/ch32h417_tim.o
                0x00000000200a3f2c                TIM_SetCompare3
 .text.TIM_SetCompare4
                0x00000000200a3f30        0x6 ./Peripheral/src/ch32h417_tim.o
                0x00000000200a3f30                TIM_SetCompare4
 .text.USART_Init
                0x00000000200a3f36       0xb0 ./Peripheral/src/ch32h417_usart.o
                0x00000000200a3f36                USART_Init
 .text.USART_Cmd
                0x00000000200a3fe6       0x14 ./Peripheral/src/ch32h417_usart.o
                0x00000000200a3fe6                USART_Cmd
 .text.USART_ITConfig
                0x00000000200a3ffa       0x42 ./Peripheral/src/ch32h417_usart.o
                0x00000000200a3ffa                USART_ITConfig
 .text.USART_SendData
                0x00000000200a403c        0x8 ./Peripheral/src/ch32h417_usart.o
                0x00000000200a403c                USART_SendData
 .text.USART_ReceiveData
                0x00000000200a4044        0x8 ./Peripheral/src/ch32h417_usart.o
                0x00000000200a4044                USART_ReceiveData
 .text.USART_GetFlagStatus
                0x00000000200a404c        0xa ./Peripheral/src/ch32h417_usart.o
                0x00000000200a404c                USART_GetFlagStatus
 .text.pvPortMalloc
                0x00000000200a4056      0x1e8 ./FreeRTOS/portable/MemMang/heap_4.o
                0x00000000200a4056                pvPortMalloc
 .text.vPortFree
                0x00000000200a423e      0x120 ./FreeRTOS/portable/MemMang/heap_4.o
                0x00000000200a423e                vPortFree
 .text.xPortGetFreeHeapSize
                0x00000000200a435e        0x6 ./FreeRTOS/portable/MemMang/heap_4.o
                0x00000000200a435e                xPortGetFreeHeapSize
 .text.xPortGetMinimumEverFreeHeapSize
                0x00000000200a4364        0x6 ./FreeRTOS/portable/MemMang/heap_4.o
                0x00000000200a4364                xPortGetMinimumEverFreeHeapSize
 .text.vPortSetupTimerInterrupt
                0x00000000200a436a       0x4e ./FreeRTOS/portable/GCC/RISC-V/port.o
                0x00000000200a436a                vPortSetupTimerInterrupt
 .text.xPortStartScheduler
                0x00000000200a43b8       0x68 ./FreeRTOS/portable/GCC/RISC-V/port.o
                0x00000000200a43b8                xPortStartScheduler
 .text.SysTick1_Handler
                0x00000000200a4420       0xa6 ./FreeRTOS/portable/GCC/RISC-V/port.o
                0x00000000200a4420                SysTick1_Handler
 .text.vPortEnterCritical
                0x00000000200a44c6       0x16 ./FreeRTOS/portable/GCC/RISC-V/port.o
                0x00000000200a44c6                vPortEnterCritical
 .text.vPortExitCritical
                0x00000000200a44dc       0x34 ./FreeRTOS/portable/GCC/RISC-V/port.o
                0x00000000200a44dc                vPortExitCritical
 .text.vListInitialise
                0x00000000200a4510       0x14 ./FreeRTOS/list.o
                0x00000000200a4510                vListInitialise
 .text.vListInitialiseItem
                0x00000000200a4524        0x6 ./FreeRTOS/list.o
                0x00000000200a4524                vListInitialiseItem
 .text.vListInsert
                0x00000000200a452a       0x2e ./FreeRTOS/list.o
                0x00000000200a452a                vListInsert
 .text.uxListRemove
                0x00000000200a4558       0x1e ./FreeRTOS/list.o
                0x00000000200a4558                uxListRemove
 .text.prvAddCurrentTaskToDelayedList
                0x00000000200a4576       0x96 ./FreeRTOS/tasks.o
 .text.prvResetNextTaskUnblockTime
                0x00000000200a460c       0x1a ./FreeRTOS/tasks.o
 .text.prvCheckTasksWaitingTermination
                0x00000000200a4626       0x50 ./FreeRTOS/tasks.o
 .text.prvIdleTask
                0x00000000200a4676        0xa ./FreeRTOS/tasks.o
 .text.xTaskCreate
                0x00000000200a4680      0x1ce ./FreeRTOS/tasks.o
                0x00000000200a4680                xTaskCreate
 .text.vTaskStartScheduler
                0x00000000200a484e       0x84 ./FreeRTOS/tasks.o
                0x00000000200a484e                vTaskStartScheduler
 .text.vTaskSuspendAll
                0x00000000200a48d2        0xc ./FreeRTOS/tasks.o
                0x00000000200a48d2                vTaskSuspendAll
 .text.xTaskGetTickCount
                0x00000000200a48de        0x6 ./FreeRTOS/tasks.o
                0x00000000200a48de                xTaskGetTickCount
 .text.xTaskIncrementTick
                0x00000000200a48e4      0x166 ./FreeRTOS/tasks.o
                0x00000000200a48e4                xTaskIncrementTick
 .text.xTaskResumeAll
                0x00000000200a4a4a      0x11e ./FreeRTOS/tasks.o
                0x00000000200a4a4a                xTaskResumeAll
 .text.xTaskDelayUntil
                0x00000000200a4b68       0x94 ./FreeRTOS/tasks.o
                0x00000000200a4b68                xTaskDelayUntil
 .text.vTaskDelay
                0x00000000200a4bfc       0x50 ./FreeRTOS/tasks.o
                0x00000000200a4bfc                vTaskDelay
 .text.vTaskSwitchContext
                0x00000000200a4c4c      0x110 ./FreeRTOS/tasks.o
                0x00000000200a4c4c                vTaskSwitchContext
 .text.uxTaskGetStackHighWaterMark
                0x00000000200a4d5c       0x40 ./FreeRTOS/tasks.o
                0x00000000200a4d5c                uxTaskGetStackHighWaterMark
 .text.xTaskGetCurrentTaskHandle
                0x00000000200a4d9c        0x6 ./FreeRTOS/tasks.o
                0x00000000200a4d9c                xTaskGetCurrentTaskHandle
 .text.xTaskGetSchedulerState
                0x00000000200a4da2       0x14 ./FreeRTOS/tasks.o
                0x00000000200a4da2                xTaskGetSchedulerState
 .text.delay_systick_cycles.part.0
                0x00000000200a4db6       0x5c ./Debug/debug.o
 .text.Delay_Init
                0x00000000200a4e12       0x22 ./Debug/debug.o
                0x00000000200a4e12                Delay_Init
 .text.Delay_Ms
                0x00000000200a4e34       0x2a ./Debug/debug.o
                0x00000000200a4e34                Delay_Ms
 .text.USART_Printf_Init
                0x00000000200a4e5e       0x76 ./Debug/debug.o
                0x00000000200a4e5e                USART_Printf_Init
 .text._write   0x00000000200a4ed4       0x54 ./Debug/debug.o
                0x00000000200a4ed4                _write
 .text._sbrk    0x00000000200a4f28       0x2a ./Debug/debug.o
                0x00000000200a4f28                _sbrk
 .text.cosf     0x00000000200a4f52       0x64 /Users/litianyi/Desktop/MounRiver Studio 2.app/Contents/Resources/app/resources/darwin/components/WCH/Toolchain/RISC-V Embedded GCC12/bin/../lib/gcc/riscv-wch-elf/12.2.0/../../../../riscv-wch-elf/lib/rv32imac_zba_zbb_zbc_zbs_xw/ilp32/libm_nano.a(lib_a-sf_cos.o)
                0x00000000200a4f52                cosf
 .text.__ieee754_rem_pio2f
                0x00000000200a4fb6      0x36a /Users/litianyi/Desktop/MounRiver Studio 2.app/Contents/Resources/app/resources/darwin/components/WCH/Toolchain/RISC-V Embedded GCC12/bin/../lib/gcc/riscv-wch-elf/12.2.0/../../../../riscv-wch-elf/lib/rv32imac_zba_zbb_zbc_zbs_xw/ilp32/libm_nano.a(lib_a-ef_rem_pio2.o)
                0x00000000200a4fb6                __ieee754_rem_pio2f
 .text.__kernel_cosf
                0x00000000200a5320      0x13a /Users/litianyi/Desktop/MounRiver Studio 2.app/Contents/Resources/app/resources/darwin/components/WCH/Toolchain/RISC-V Embedded GCC12/bin/../lib/gcc/riscv-wch-elf/12.2.0/../../../../riscv-wch-elf/lib/rv32imac_zba_zbb_zbc_zbs_xw/ilp32/libm_nano.a(lib_a-kf_cos.o)
                0x00000000200a5320                __kernel_cosf
 .text.__kernel_rem_pio2f
                0x00000000200a545a      0x628 /Users/litianyi/Desktop/MounRiver Studio 2.app/Contents/Resources/app/resources/darwin/components/WCH/Toolchain/RISC-V Embedded GCC12/bin/../lib/gcc/riscv-wch-elf/12.2.0/../../../../riscv-wch-elf/lib/rv32imac_zba_zbb_zbc_zbs_xw/ilp32/libm_nano.a(lib_a-kf_rem_pio2.o)
                0x00000000200a545a                __kernel_rem_pio2f
 .text.__kernel_sinf
                0x00000000200a5a82      0x118 /Users/litianyi/Desktop/MounRiver Studio 2.app/Contents/Resources/app/resources/darwin/components/WCH/Toolchain/RISC-V Embedded GCC12/bin/../lib/gcc/riscv-wch-elf/12.2.0/../../../../riscv-wch-elf/lib/rv32imac_zba_zbb_zbc_zbs_xw/ilp32/libm_nano.a(lib_a-kf_sin.o)
                0x00000000200a5a82                __kernel_sinf
 .text.fabsf    0x00000000200a5b9a        0x6 /Users/litianyi/Desktop/MounRiver Studio 2.app/Contents/Resources/app/resources/darwin/components/WCH/Toolchain/RISC-V Embedded GCC12/bin/../lib/gcc/riscv-wch-elf/12.2.0/../../../../riscv-wch-elf/lib/rv32imac_zba_zbb_zbc_zbs_xw/ilp32/libm_nano.a(lib_a-sf_fabs.o)
                0x00000000200a5b9a                fabsf
 .text.floorf   0x00000000200a5ba0       0xae /Users/litianyi/Desktop/MounRiver Studio 2.app/Contents/Resources/app/resources/darwin/components/WCH/Toolchain/RISC-V Embedded GCC12/bin/../lib/gcc/riscv-wch-elf/12.2.0/../../../../riscv-wch-elf/lib/rv32imac_zba_zbb_zbc_zbs_xw/ilp32/libm_nano.a(lib_a-sf_floor.o)
                0x00000000200a5ba0                floorf
 .text.scalbnf  0x00000000200a5c4e       0xe2 /Users/litianyi/Desktop/MounRiver Studio 2.app/Contents/Resources/app/resources/darwin/components/WCH/Toolchain/RISC-V Embedded GCC12/bin/../lib/gcc/riscv-wch-elf/12.2.0/../../../../riscv-wch-elf/lib/rv32imac_zba_zbb_zbc_zbs_xw/ilp32/libm_nano.a(lib_a-sf_scalbn.o)
                0x00000000200a5c4e                scalbnf
 .text.__udivdi3
                0x00000000200a5d30      0x39a /Users/litianyi/Desktop/MounRiver Studio 2.app/Contents/Resources/app/resources/darwin/components/WCH/Toolchain/RISC-V Embedded GCC12/bin/../lib/gcc/riscv-wch-elf/12.2.0/rv32imac_zba_zbb_zbc_zbs_xw/ilp32/libgcc.a(_udivdi3.o)
                0x00000000200a5d30                __udivdi3
 .text.__adddf3
                0x00000000200a60ca      0x706 /Users/litianyi/Desktop/MounRiver Studio 2.app/Contents/Resources/app/resources/darwin/components/WCH/Toolchain/RISC-V Embedded GCC12/bin/../lib/gcc/riscv-wch-elf/12.2.0/rv32imac_zba_zbb_zbc_zbs_xw/ilp32/libgcc.a(adddf3.o)
                0x00000000200a60ca                __adddf3
 .text.__divdf3
                0x00000000200a67d0      0x56e /Users/litianyi/Desktop/MounRiver Studio 2.app/Contents/Resources/app/resources/darwin/components/WCH/Toolchain/RISC-V Embedded GCC12/bin/../lib/gcc/riscv-wch-elf/12.2.0/rv32imac_zba_zbb_zbc_zbs_xw/ilp32/libgcc.a(divdf3.o)
                0x00000000200a67d0                __divdf3
 .text.__gedf2  0x00000000200a6d3e       0xbe /Users/litianyi/Desktop/MounRiver Studio 2.app/Contents/Resources/app/resources/darwin/components/WCH/Toolchain/RISC-V Embedded GCC12/bin/../lib/gcc/riscv-wch-elf/12.2.0/rv32imac_zba_zbb_zbc_zbs_xw/ilp32/libgcc.a(gedf2.o)
                0x00000000200a6d3e                __gtdf2
                0x00000000200a6d3e                __gedf2
 .text.__ledf2  0x00000000200a6dfc       0xbc /Users/litianyi/Desktop/MounRiver Studio 2.app/Contents/Resources/app/resources/darwin/components/WCH/Toolchain/RISC-V Embedded GCC12/bin/../lib/gcc/riscv-wch-elf/12.2.0/rv32imac_zba_zbb_zbc_zbs_xw/ilp32/libgcc.a(ledf2.o)
                0x00000000200a6dfc                __ltdf2
                0x00000000200a6dfc                __ledf2
 .text.__muldf3
                0x00000000200a6eb8      0x508 /Users/litianyi/Desktop/MounRiver Studio 2.app/Contents/Resources/app/resources/darwin/components/WCH/Toolchain/RISC-V Embedded GCC12/bin/../lib/gcc/riscv-wch-elf/12.2.0/rv32imac_zba_zbb_zbc_zbs_xw/ilp32/libgcc.a(muldf3.o)
                0x00000000200a6eb8                __muldf3
 .text.__subdf3
                0x00000000200a73c0      0x71e /Users/litianyi/Desktop/MounRiver Studio 2.app/Contents/Resources/app/resources/darwin/components/WCH/Toolchain/RISC-V Embedded GCC12/bin/../lib/gcc/riscv-wch-elf/12.2.0/rv32imac_zba_zbb_zbc_zbs_xw/ilp32/libgcc.a(subdf3.o)
                0x00000000200a73c0                __subdf3
 .text.__fixunsdfsi
                0x00000000200a7ade       0x56 /Users/litianyi/Desktop/MounRiver Studio 2.app/Contents/Resources/app/resources/darwin/components/WCH/Toolchain/RISC-V Embedded GCC12/bin/../lib/gcc/riscv-wch-elf/12.2.0/rv32imac_zba_zbb_zbc_zbs_xw/ilp32/libgcc.a(fixunsdfsi.o)
                0x00000000200a7ade                __fixunsdfsi
 .text.__floatsidf
                0x00000000200a7b34       0x70 /Users/litianyi/Desktop/MounRiver Studio 2.app/Contents/Resources/app/resources/darwin/components/WCH/Toolchain/RISC-V Embedded GCC12/bin/../lib/gcc/riscv-wch-elf/12.2.0/rv32imac_zba_zbb_zbc_zbs_xw/ilp32/libgcc.a(floatsidf.o)
                0x00000000200a7b34                __floatsidf
 .text.__floatunsidf
                0x00000000200a7ba4       0x52 /Users/litianyi/Desktop/MounRiver Studio 2.app/Contents/Resources/app/resources/darwin/components/WCH/Toolchain/RISC-V Embedded GCC12/bin/../lib/gcc/riscv-wch-elf/12.2.0/rv32imac_zba_zbb_zbc_zbs_xw/ilp32/libgcc.a(floatunsidf.o)
                0x00000000200a7ba4                __floatunsidf
 .text.__addsf3
                0x00000000200a7bf6      0x358 /Users/litianyi/Desktop/MounRiver Studio 2.app/Contents/Resources/app/resources/darwin/components/WCH/Toolchain/RISC-V Embedded GCC12/bin/../lib/gcc/riscv-wch-elf/12.2.0/rv32imac_zba_zbb_zbc_zbs_xw/ilp32/libgcc.a(addsf3.o)
                0x00000000200a7bf6                __addsf3
 .text.__divsf3
                0x00000000200a7f4e      0x2be /Users/litianyi/Desktop/MounRiver Studio 2.app/Contents/Resources/app/resources/darwin/components/WCH/Toolchain/RISC-V Embedded GCC12/bin/../lib/gcc/riscv-wch-elf/12.2.0/rv32imac_zba_zbb_zbc_zbs_xw/ilp32/libgcc.a(divsf3.o)
                0x00000000200a7f4e                __divsf3
 .text.__eqsf2  0x00000000200a820c       0x5e /Users/litianyi/Desktop/MounRiver Studio 2.app/Contents/Resources/app/resources/darwin/components/WCH/Toolchain/RISC-V Embedded GCC12/bin/../lib/gcc/riscv-wch-elf/12.2.0/rv32imac_zba_zbb_zbc_zbs_xw/ilp32/libgcc.a(eqsf2.o)
                0x00000000200a820c                __nesf2
                0x00000000200a820c                __eqsf2
 .text.__gesf2  0x00000000200a826a       0x96 /Users/litianyi/Desktop/MounRiver Studio 2.app/Contents/Resources/app/resources/darwin/components/WCH/Toolchain/RISC-V Embedded GCC12/bin/../lib/gcc/riscv-wch-elf/12.2.0/rv32imac_zba_zbb_zbc_zbs_xw/ilp32/libgcc.a(gesf2.o)
                0x00000000200a826a                __gtsf2
                0x00000000200a826a                __gesf2
 .text.__lesf2  0x00000000200a8300       0x98 /Users/litianyi/Desktop/MounRiver Studio 2.app/Contents/Resources/app/resources/darwin/components/WCH/Toolchain/RISC-V Embedded GCC12/bin/../lib/gcc/riscv-wch-elf/12.2.0/rv32imac_zba_zbb_zbc_zbs_xw/ilp32/libgcc.a(lesf2.o)
                0x00000000200a8300                __lesf2
                0x00000000200a8300                __ltsf2
 .text.__mulsf3
                0x00000000200a8398      0x2c6 /Users/litianyi/Desktop/MounRiver Studio 2.app/Contents/Resources/app/resources/darwin/components/WCH/Toolchain/RISC-V Embedded GCC12/bin/../lib/gcc/riscv-wch-elf/12.2.0/rv32imac_zba_zbb_zbc_zbs_xw/ilp32/libgcc.a(mulsf3.o)
                0x00000000200a8398                __mulsf3
 .text.__subsf3
                0x00000000200a865e      0x378 /Users/litianyi/Desktop/MounRiver Studio 2.app/Contents/Resources/app/resources/darwin/components/WCH/Toolchain/RISC-V Embedded GCC12/bin/../lib/gcc/riscv-wch-elf/12.2.0/rv32imac_zba_zbb_zbc_zbs_xw/ilp32/libgcc.a(subsf3.o)
                0x00000000200a865e                __subsf3
 .text.__fixsfsi
                0x00000000200a89d6       0x5e /Users/litianyi/Desktop/MounRiver Studio 2.app/Contents/Resources/app/resources/darwin/components/WCH/Toolchain/RISC-V Embedded GCC12/bin/../lib/gcc/riscv-wch-elf/12.2.0/rv32imac_zba_zbb_zbc_zbs_xw/ilp32/libgcc.a(fixsfsi.o)
                0x00000000200a89d6                __fixsfsi
 .text.__fixunssfsi
                0x00000000200a8a34       0x4e /Users/litianyi/Desktop/MounRiver Studio 2.app/Contents/Resources/app/resources/darwin/components/WCH/Toolchain/RISC-V Embedded GCC12/bin/../lib/gcc/riscv-wch-elf/12.2.0/rv32imac_zba_zbb_zbc_zbs_xw/ilp32/libgcc.a(fixunssfsi.o)
                0x00000000200a8a34                __fixunssfsi
 .text.__floatsisf
                0x00000000200a8a82       0xc0 /Users/litianyi/Desktop/MounRiver Studio 2.app/Contents/Resources/app/resources/darwin/components/WCH/Toolchain/RISC-V Embedded GCC12/bin/../lib/gcc/riscv-wch-elf/12.2.0/rv32imac_zba_zbb_zbc_zbs_xw/ilp32/libgcc.a(floatsisf.o)
                0x00000000200a8a82                __floatsisf
 .text.__floatunsisf
                0x00000000200a8b42       0xa8 /Users/litianyi/Desktop/MounRiver Studio 2.app/Contents/Resources/app/resources/darwin/components/WCH/Toolchain/RISC-V Embedded GCC12/bin/../lib/gcc/riscv-wch-elf/12.2.0/rv32imac_zba_zbb_zbc_zbs_xw/ilp32/libgcc.a(floatunsisf.o)
                0x00000000200a8b42                __floatunsisf
 .text.__truncdfsf2
                0x00000000200a8bea      0x16c /Users/litianyi/Desktop/MounRiver Studio 2.app/Contents/Resources/app/resources/darwin/components/WCH/Toolchain/RISC-V Embedded GCC12/bin/../lib/gcc/riscv-wch-elf/12.2.0/rv32imac_zba_zbb_zbc_zbs_xw/ilp32/libgcc.a(truncdfsf2.o)
                0x00000000200a8bea                __truncdfsf2
 .text.printf   0x00000000200a8d56       0x38 /Users/litianyi/Desktop/MounRiver Studio 2.app/Contents/Resources/app/resources/darwin/components/WCH/Toolchain/RISC-V Embedded GCC12/bin/../lib/gcc/riscv-wch-elf/12.2.0/../../../../riscv-wch-elf/lib/rv32imac_zba_zbb_zbc_zbs_xw/ilp32/libg_nano.a(lib_a-printf.o)
                0x00000000200a8d56                printf
                0x00000000200a8d56                iprintf
 .text.std      0x00000000200a8d8e       0x66 /Users/litianyi/Desktop/MounRiver Studio 2.app/Contents/Resources/app/resources/darwin/components/WCH/Toolchain/RISC-V Embedded GCC12/bin/../lib/gcc/riscv-wch-elf/12.2.0/../../../../riscv-wch-elf/lib/rv32imac_zba_zbb_zbc_zbs_xw/ilp32/libg_nano.a(lib_a-findfp.o)
 .text._cleanup_r
                0x00000000200a8df4        0xa /Users/litianyi/Desktop/MounRiver Studio 2.app/Contents/Resources/app/resources/darwin/components/WCH/Toolchain/RISC-V Embedded GCC12/bin/../lib/gcc/riscv-wch-elf/12.2.0/../../../../riscv-wch-elf/lib/rv32imac_zba_zbb_zbc_zbs_xw/ilp32/libg_nano.a(lib_a-findfp.o)
                0x00000000200a8df4                _cleanup_r
 .text.__sfmoreglue
                0x00000000200a8dfe       0x46 /Users/litianyi/Desktop/MounRiver Studio 2.app/Contents/Resources/app/resources/darwin/components/WCH/Toolchain/RISC-V Embedded GCC12/bin/../lib/gcc/riscv-wch-elf/12.2.0/../../../../riscv-wch-elf/lib/rv32imac_zba_zbb_zbc_zbs_xw/ilp32/libg_nano.a(lib_a-findfp.o)
                0x00000000200a8dfe                __sfmoreglue
 .text.__sfp_lock_acquire
                0x00000000200a8e44        0x6 /Users/litianyi/Desktop/MounRiver Studio 2.app/Contents/Resources/app/resources/darwin/components/WCH/Toolchain/RISC-V Embedded GCC12/bin/../lib/gcc/riscv-wch-elf/12.2.0/../../../../riscv-wch-elf/lib/rv32imac_zba_zbb_zbc_zbs_xw/ilp32/libg_nano.a(lib_a-findfp.o)
                0x00000000200a8e44                __sfp_lock_acquire
 .text.__sfp_lock_release
                0x00000000200a8e4a        0x6 /Users/litianyi/Desktop/MounRiver Studio 2.app/Contents/Resources/app/resources/darwin/components/WCH/Toolchain/RISC-V Embedded GCC12/bin/../lib/gcc/riscv-wch-elf/12.2.0/../../../../riscv-wch-elf/lib/rv32imac_zba_zbb_zbc_zbs_xw/ilp32/libg_nano.a(lib_a-findfp.o)
                0x00000000200a8e4a                __sfp_lock_release
 .text.__sinit_lock_acquire
                0x00000000200a8e50        0x6 /Users/litianyi/Desktop/MounRiver Studio 2.app/Contents/Resources/app/resources/darwin/components/WCH/Toolchain/RISC-V Embedded GCC12/bin/../lib/gcc/riscv-wch-elf/12.2.0/../../../../riscv-wch-elf/lib/rv32imac_zba_zbb_zbc_zbs_xw/ilp32/libg_nano.a(lib_a-findfp.o)
                0x00000000200a8e50                __sinit_lock_acquire
 .text.__sinit_lock_release
                0x00000000200a8e56        0x6 /Users/litianyi/Desktop/MounRiver Studio 2.app/Contents/Resources/app/resources/darwin/components/WCH/Toolchain/RISC-V Embedded GCC12/bin/../lib/gcc/riscv-wch-elf/12.2.0/../../../../riscv-wch-elf/lib/rv32imac_zba_zbb_zbc_zbs_xw/ilp32/libg_nano.a(lib_a-findfp.o)
                0x00000000200a8e56                __sinit_lock_release
 .text.__sinit  0x00000000200a8e5c       0x72 /Users/litianyi/Desktop/MounRiver Studio 2.app/Contents/Resources/app/resources/darwin/components/WCH/Toolchain/RISC-V Embedded GCC12/bin/../lib/gcc/riscv-wch-elf/12.2.0/../../../../riscv-wch-elf/lib/rv32imac_zba_zbb_zbc_zbs_xw/ilp32/libg_nano.a(lib_a-findfp.o)
                0x00000000200a8e5c                __sinit
 .text.__sfp    0x00000000200a8ece       0xb0 /Users/litianyi/Desktop/MounRiver Studio 2.app/Contents/Resources/app/resources/darwin/components/WCH/Toolchain/RISC-V Embedded GCC12/bin/../lib/gcc/riscv-wch-elf/12.2.0/../../../../riscv-wch-elf/lib/rv32imac_zba_zbb_zbc_zbs_xw/ilp32/libg_nano.a(lib_a-findfp.o)
                0x00000000200a8ece                __sfp
 .text._fwalk_reent
                0x00000000200a8f7e       0x68 /Users/litianyi/Desktop/MounRiver Studio 2.app/Contents/Resources/app/resources/darwin/components/WCH/Toolchain/RISC-V Embedded GCC12/bin/../lib/gcc/riscv-wch-elf/12.2.0/../../../../riscv-wch-elf/lib/rv32imac_zba_zbb_zbc_zbs_xw/ilp32/libg_nano.a(lib_a-fwalk.o)
                0x00000000200a8f7e                _fwalk_reent
 .text.__retarget_lock_init_recursive
                0x00000000200a8fe6        0x2 /Users/litianyi/Desktop/MounRiver Studio 2.app/Contents/Resources/app/resources/darwin/components/WCH/Toolchain/RISC-V Embedded GCC12/bin/../lib/gcc/riscv-wch-elf/12.2.0/../../../../riscv-wch-elf/lib/rv32imac_zba_zbb_zbc_zbs_xw/ilp32/libg_nano.a(lib_a-lock.o)
                0x00000000200a8fe6                __retarget_lock_init_recursive
 .text.__retarget_lock_acquire_recursive
                0x00000000200a8fe8        0x2 /Users/litianyi/Desktop/MounRiver Studio 2.app/Contents/Resources/app/resources/darwin/components/WCH/Toolchain/RISC-V Embedded GCC12/bin/../lib/gcc/riscv-wch-elf/12.2.0/../../../../riscv-wch-elf/lib/rv32imac_zba_zbb_zbc_zbs_xw/ilp32/libg_nano.a(lib_a-lock.o)
                0x00000000200a8fe8                __retarget_lock_acquire_recursive
 .text.__retarget_lock_release_recursive
                0x00000000200a8fea        0x2 /Users/litianyi/Desktop/MounRiver Studio 2.app/Contents/Resources/app/resources/darwin/components/WCH/Toolchain/RISC-V Embedded GCC12/bin/../lib/gcc/riscv-wch-elf/12.2.0/../../../../riscv-wch-elf/lib/rv32imac_zba_zbb_zbc_zbs_xw/ilp32/libg_nano.a(lib_a-lock.o)
                0x00000000200a8fea                __retarget_lock_release_recursive
 .text.sbrk_aligned
                0x00000000200a8fec       0x54 /Users/litianyi/Desktop/MounRiver Studio 2.app/Contents/Resources/app/resources/darwin/components/WCH/Toolchain/RISC-V Embedded GCC12/bin/../lib/gcc/riscv-wch-elf/12.2.0/../../../../riscv-wch-elf/lib/rv32imac_zba_zbb_zbc_zbs_xw/ilp32/libg_nano.a(lib_a-nano-mallocr.o)
 .text._malloc_r
                0x00000000200a9040      0x10c /Users/litianyi/Desktop/MounRiver Studio 2.app/Contents/Resources/app/resources/darwin/components/WCH/Toolchain/RISC-V Embedded GCC12/bin/../lib/gcc/riscv-wch-elf/12.2.0/../../../../riscv-wch-elf/lib/rv32imac_zba_zbb_zbc_zbs_xw/ilp32/libg_nano.a(lib_a-nano-mallocr.o)
                0x00000000200a9040                _malloc_r
 .text.__sfputc_r
                0x00000000200a914c       0x26 /Users/litianyi/Desktop/MounRiver Studio 2.app/Contents/Resources/app/resources/darwin/components/WCH/Toolchain/RISC-V Embedded GCC12/bin/../lib/gcc/riscv-wch-elf/12.2.0/../../../../riscv-wch-elf/lib/rv32imac_zba_zbb_zbc_zbs_xw/ilp32/libg_nano.a(lib_a-nano-vfprintf.o)
 .text.__sfputs_r
                0x00000000200a9172       0x42 /Users/litianyi/Desktop/MounRiver Studio 2.app/Contents/Resources/app/resources/darwin/components/WCH/Toolchain/RISC-V Embedded GCC12/bin/../lib/gcc/riscv-wch-elf/12.2.0/../../../../riscv-wch-elf/lib/rv32imac_zba_zbb_zbc_zbs_xw/ilp32/libg_nano.a(lib_a-nano-vfprintf.o)
                0x00000000200a9172                __sfputs_r
 .text._vfprintf_r
                0x00000000200a91b4      0x2be /Users/litianyi/Desktop/MounRiver Studio 2.app/Contents/Resources/app/resources/darwin/components/WCH/Toolchain/RISC-V Embedded GCC12/bin/../lib/gcc/riscv-wch-elf/12.2.0/../../../../riscv-wch-elf/lib/rv32imac_zba_zbb_zbc_zbs_xw/ilp32/libg_nano.a(lib_a-nano-vfprintf.o)
                0x00000000200a91b4                _vfiprintf_r
                0x00000000200a91b4                _vfprintf_r
 .text._sbrk_r  0x00000000200a9472       0x28 /Users/litianyi/Desktop/MounRiver Studio 2.app/Contents/Resources/app/resources/darwin/components/WCH/Toolchain/RISC-V Embedded GCC12/bin/../lib/gcc/riscv-wch-elf/12.2.0/../../../../riscv-wch-elf/lib/rv32imac_zba_zbb_zbc_zbs_xw/ilp32/libg_nano.a(lib_a-sbrkr.o)
                0x00000000200a9472                _sbrk_r
 .text.__sread  0x00000000200a949a       0x2c /Users/litianyi/Desktop/MounRiver Studio 2.app/Contents/Resources/app/resources/darwin/components/WCH/Toolchain/RISC-V Embedded GCC12/bin/../lib/gcc/riscv-wch-elf/12.2.0/../../../../riscv-wch-elf/lib/rv32imac_zba_zbb_zbc_zbs_xw/ilp32/libg_nano.a(lib_a-stdio.o)
                0x00000000200a949a                __sread
 .text.__swrite
                0x00000000200a94c6       0x46 /Users/litianyi/Desktop/MounRiver Studio 2.app/Contents/Resources/app/resources/darwin/components/WCH/Toolchain/RISC-V Embedded GCC12/bin/../lib/gcc/riscv-wch-elf/12.2.0/../../../../riscv-wch-elf/lib/rv32imac_zba_zbb_zbc_zbs_xw/ilp32/libg_nano.a(lib_a-stdio.o)
                0x00000000200a94c6                __swrite
 .text.__sseek  0x00000000200a950c       0x2e /Users/litianyi/Desktop/MounRiver Studio 2.app/Contents/Resources/app/resources/darwin/components/WCH/Toolchain/RISC-V Embedded GCC12/bin/../lib/gcc/riscv-wch-elf/12.2.0/../../../../riscv-wch-elf/lib/rv32imac_zba_zbb_zbc_zbs_xw/ilp32/libg_nano.a(lib_a-stdio.o)
                0x00000000200a950c                __sseek
 .text.__sclose
                0x00000000200a953a        0x6 /Users/litianyi/Desktop/MounRiver Studio 2.app/Contents/Resources/app/resources/darwin/components/WCH/Toolchain/RISC-V Embedded GCC12/bin/../lib/gcc/riscv-wch-elf/12.2.0/../../../../riscv-wch-elf/lib/rv32imac_zba_zbb_zbc_zbs_xw/ilp32/libg_nano.a(lib_a-stdio.o)
                0x00000000200a953a                __sclose
 .text.__swbuf_r
                0x00000000200a9540       0xbe /Users/litianyi/Desktop/MounRiver Studio 2.app/Contents/Resources/app/resources/darwin/components/WCH/Toolchain/RISC-V Embedded GCC12/bin/../lib/gcc/riscv-wch-elf/12.2.0/../../../../riscv-wch-elf/lib/rv32imac_zba_zbb_zbc_zbs_xw/ilp32/libg_nano.a(lib_a-wbuf.o)
                0x00000000200a9540                __swbuf_r
 .text._write_r
                0x00000000200a95fe       0x2c /Users/litianyi/Desktop/MounRiver Studio 2.app/Contents/Resources/app/resources/darwin/components/WCH/Toolchain/RISC-V Embedded GCC12/bin/../lib/gcc/riscv-wch-elf/12.2.0/../../../../riscv-wch-elf/lib/rv32imac_zba_zbb_zbc_zbs_xw/ilp32/libg_nano.a(lib_a-writer.o)
                0x00000000200a95fe                _write_r
 .text.__swsetup_r
                0x00000000200a962a       0xf0 /Users/litianyi/Desktop/MounRiver Studio 2.app/Contents/Resources/app/resources/darwin/components/WCH/Toolchain/RISC-V Embedded GCC12/bin/../lib/gcc/riscv-wch-elf/12.2.0/../../../../riscv-wch-elf/lib/rv32imac_zba_zbb_zbc_zbs_xw/ilp32/libg_nano.a(lib_a-wsetup.o)
                0x00000000200a962a                __swsetup_r
 .text._close_r
                0x00000000200a971a       0x28 /Users/litianyi/Desktop/MounRiver Studio 2.app/Contents/Resources/app/resources/darwin/components/WCH/Toolchain/RISC-V Embedded GCC12/bin/../lib/gcc/riscv-wch-elf/12.2.0/../../../../riscv-wch-elf/lib/rv32imac_zba_zbb_zbc_zbs_xw/ilp32/libg_nano.a(lib_a-closer.o)
                0x00000000200a971a                _close_r
 .text.__sflush_r
                0x00000000200a9742      0x132 /Users/litianyi/Desktop/MounRiver Studio 2.app/Contents/Resources/app/resources/darwin/components/WCH/Toolchain/RISC-V Embedded GCC12/bin/../lib/gcc/riscv-wch-elf/12.2.0/../../../../riscv-wch-elf/lib/rv32imac_zba_zbb_zbc_zbs_xw/ilp32/libg_nano.a(lib_a-fflush.o)
                0x00000000200a9742                __sflush_r
 .text._fflush_r
                0x00000000200a9874       0x8e /Users/litianyi/Desktop/MounRiver Studio 2.app/Contents/Resources/app/resources/darwin/components/WCH/Toolchain/RISC-V Embedded GCC12/bin/../lib/gcc/riscv-wch-elf/12.2.0/../../../../riscv-wch-elf/lib/rv32imac_zba_zbb_zbc_zbs_xw/ilp32/libg_nano.a(lib_a-fflush.o)
                0x00000000200a9874                _fflush_r
 .text._lseek_r
                0x00000000200a9902       0x2a /Users/litianyi/Desktop/MounRiver Studio 2.app/Contents/Resources/app/resources/darwin/components/WCH/Toolchain/RISC-V Embedded GCC12/bin/../lib/gcc/riscv-wch-elf/12.2.0/../../../../riscv-wch-elf/lib/rv32imac_zba_zbb_zbc_zbs_xw/ilp32/libg_nano.a(lib_a-lseekr.o)
                0x00000000200a9902                _lseek_r
 .text.__swhatbuf_r
                0x00000000200a992c       0x58 /Users/litianyi/Desktop/MounRiver Studio 2.app/Contents/Resources/app/resources/darwin/components/WCH/Toolchain/RISC-V Embedded GCC12/bin/../lib/gcc/riscv-wch-elf/12.2.0/../../../../riscv-wch-elf/lib/rv32imac_zba_zbb_zbc_zbs_xw/ilp32/libg_nano.a(lib_a-makebuf.o)
                0x00000000200a992c                __swhatbuf_r
 .text.__smakebuf_r
                0x00000000200a9984       0x96 /Users/litianyi/Desktop/MounRiver Studio 2.app/Contents/Resources/app/resources/darwin/components/WCH/Toolchain/RISC-V Embedded GCC12/bin/../lib/gcc/riscv-wch-elf/12.2.0/../../../../riscv-wch-elf/lib/rv32imac_zba_zbb_zbc_zbs_xw/ilp32/libg_nano.a(lib_a-makebuf.o)
                0x00000000200a9984                __smakebuf_r
 .text.memchr   0x00000000200a9a1a       0x18 /Users/litianyi/Desktop/MounRiver Studio 2.app/Contents/Resources/app/resources/darwin/components/WCH/Toolchain/RISC-V Embedded GCC12/bin/../lib/gcc/riscv-wch-elf/12.2.0/../../../../riscv-wch-elf/lib/rv32imac_zba_zbb_zbc_zbs_xw/ilp32/libg_nano.a(lib_a-memchr.o)
                0x00000000200a9a1a                memchr
 .text.__malloc_lock
                0x00000000200a9a32        0x8 /Users/litianyi/Desktop/MounRiver Studio 2.app/Contents/Resources/app/resources/darwin/components/WCH/Toolchain/RISC-V Embedded GCC12/bin/../lib/gcc/riscv-wch-elf/12.2.0/../../../../riscv-wch-elf/lib/rv32imac_zba_zbb_zbc_zbs_xw/ilp32/libg_nano.a(lib_a-mlock.o)
                0x00000000200a9a32                __malloc_lock
 .text.__malloc_unlock
                0x00000000200a9a3a        0x8 /Users/litianyi/Desktop/MounRiver Studio 2.app/Contents/Resources/app/resources/darwin/components/WCH/Toolchain/RISC-V Embedded GCC12/bin/../lib/gcc/riscv-wch-elf/12.2.0/../../../../riscv-wch-elf/lib/rv32imac_zba_zbb_zbc_zbs_xw/ilp32/libg_nano.a(lib_a-mlock.o)
                0x00000000200a9a3a                __malloc_unlock
 .text._free_r  0x00000000200a9a42       0xa2 /Users/litianyi/Desktop/MounRiver Studio 2.app/Contents/Resources/app/resources/darwin/components/WCH/Toolchain/RISC-V Embedded GCC12/bin/../lib/gcc/riscv-wch-elf/12.2.0/../../../../riscv-wch-elf/lib/rv32imac_zba_zbb_zbc_zbs_xw/ilp32/libg_nano.a(lib_a-nano-freer.o)
                0x00000000200a9a42                _free_r
 .text._printf_common
                0x00000000200a9ae4      0x10a /Users/litianyi/Desktop/MounRiver Studio 2.app/Contents/Resources/app/resources/darwin/components/WCH/Toolchain/RISC-V Embedded GCC12/bin/../lib/gcc/riscv-wch-elf/12.2.0/../../../../riscv-wch-elf/lib/rv32imac_zba_zbb_zbc_zbs_xw/ilp32/libg_nano.a(lib_a-nano-vfprintf_i.o)
                0x00000000200a9ae4                _printf_common
 .text._printf_i
                0x00000000200a9bee      0x27c /Users/litianyi/Desktop/MounRiver Studio 2.app/Contents/Resources/app/resources/darwin/components/WCH/Toolchain/RISC-V Embedded GCC12/bin/../lib/gcc/riscv-wch-elf/12.2.0/../../../../riscv-wch-elf/lib/rv32imac_zba_zbb_zbc_zbs_xw/ilp32/libg_nano.a(lib_a-nano-vfprintf_i.o)
                0x00000000200a9bee                _printf_i
 .text._read_r  0x00000000200a9e6a       0x2a /Users/litianyi/Desktop/MounRiver Studio 2.app/Contents/Resources/app/resources/darwin/components/WCH/Toolchain/RISC-V Embedded GCC12/bin/../lib/gcc/riscv-wch-elf/12.2.0/../../../../riscv-wch-elf/lib/rv32imac_zba_zbb_zbc_zbs_xw/ilp32/libg_nano.a(lib_a-readr.o)
                0x00000000200a9e6a                _read_r
 .text._fstat_r
                0x00000000200a9e94       0x28 /Users/litianyi/Desktop/MounRiver Studio 2.app/Contents/Resources/app/resources/darwin/components/WCH/Toolchain/RISC-V Embedded GCC12/bin/../lib/gcc/riscv-wch-elf/12.2.0/../../../../riscv-wch-elf/lib/rv32imac_zba_zbb_zbc_zbs_xw/ilp32/libg_nano.a(lib_a-fstatr.o)
                0x00000000200a9e94                _fstat_r
 .text._isatty_r
                0x00000000200a9ebc       0x26 /Users/litianyi/Desktop/MounRiver Studio 2.app/Contents/Resources/app/resources/darwin/components/WCH/Toolchain/RISC-V Embedded GCC12/bin/../lib/gcc/riscv-wch-elf/12.2.0/../../../../riscv-wch-elf/lib/rv32imac_zba_zbb_zbc_zbs_xw/ilp32/libg_nano.a(lib_a-isattyr.o)
                0x00000000200a9ebc                _isatty_r
 .text._close   0x00000000200a9ee2        0xc /Users/litianyi/Desktop/MounRiver Studio 2.app/Contents/Resources/app/resources/darwin/components/WCH/Toolchain/RISC-V Embedded GCC12/bin/../lib/gcc/riscv-wch-elf/12.2.0/../../../../riscv-wch-elf/lib/rv32imac_zba_zbb_zbc_zbs_xw/ilp32/libnosys.a(close.o)
                0x00000000200a9ee2                _close
 .text._fstat   0x00000000200a9eee        0xc /Users/litianyi/Desktop/MounRiver Studio 2.app/Contents/Resources/app/resources/darwin/components/WCH/Toolchain/RISC-V Embedded GCC12/bin/../lib/gcc/riscv-wch-elf/12.2.0/../../../../riscv-wch-elf/lib/rv32imac_zba_zbb_zbc_zbs_xw/ilp32/libnosys.a(fstat.o)
                0x00000000200a9eee                _fstat
 .text._isatty  0x00000000200a9efa        0xc /Users/litianyi/Desktop/MounRiver Studio 2.app/Contents/Resources/app/resources/darwin/components/WCH/Toolchain/RISC-V Embedded GCC12/bin/../lib/gcc/riscv-wch-elf/12.2.0/../../../../riscv-wch-elf/lib/rv32imac_zba_zbb_zbc_zbs_xw/ilp32/libnosys.a(isatty.o)
                0x00000000200a9efa                _isatty
 .text._lseek   0x00000000200a9f06        0xc /Users/litianyi/Desktop/MounRiver Studio 2.app/Contents/Resources/app/resources/darwin/components/WCH/Toolchain/RISC-V Embedded GCC12/bin/../lib/gcc/riscv-wch-elf/12.2.0/../../../../riscv-wch-elf/lib/rv32imac_zba_zbb_zbc_zbs_xw/ilp32/libnosys.a(lseek.o)
                0x00000000200a9f06                _lseek
 .text._read    0x00000000200a9f12        0xc /Users/litianyi/Desktop/MounRiver Studio 2.app/Contents/Resources/app/resources/darwin/components/WCH/Toolchain/RISC-V Embedded GCC12/bin/../lib/gcc/riscv-wch-elf/12.2.0/../../../../riscv-wch-elf/lib/rv32imac_zba_zbb_zbc_zbs_xw/ilp32/libnosys.a(read.o)
                0x00000000200a9f12                _read
 *(.rodata)
 *(.rodata*)
 *fill*         0x00000000200a9f1e        0x2 
 .rodata.enter_mode
                0x00000000200a9f20       0x24 ./tasks/Src/commander_task.o
 .rodata.CommanderTask
                0x00000000200a9f44       0x24 ./tasks/Src/commander_task.o
 .rodata.tasks_create_all.str1.4
                0x00000000200a9f68       0x4b ./tasks/Src/initial_task.o
 *fill*         0x00000000200a9fb3        0x1 
 .rodata.imu_uart_process
                0x00000000200a9fb4       0x14 ./drivers/sensors/imu.o
 .rodata.imu_retry_init.str1.4
                0x00000000200a9fc8       0x2a ./drivers/sensors/imu.o
 *fill*         0x00000000200a9ff2        0x2 
 .rodata.imu_init.str1.4
                0x00000000200a9ff4       0x2c ./drivers/sensors/imu.o
 .rodata.str1.4
                0x00000000200aa020       0x35 ./drivers/sensors/imu.o
 *fill*         0x00000000200aa055        0x3 
 .rodata.CSWTCH.30
                0x00000000200aa058       0x10 ./drivers/sensors/imu.o
 .rodata.bsp_board_init.str1.4
                0x00000000200aa068       0x88 ./bsp/bsp_board.o
 .rodata.pvPortMalloc.str1.4
                0x00000000200aa0f0       0x26 ./FreeRTOS/portable/MemMang/heap_4.o
 *fill*         0x00000000200aa116        0x2 
 .rodata.xPortStartScheduler.str1.4
                0x00000000200aa118       0x27 ./FreeRTOS/portable/GCC/RISC-V/port.o
 *fill*         0x00000000200aa13f        0x1 
 .rodata.prvTaskIsTaskSuspended.str1.4
                0x00000000200aa140       0x14 ./FreeRTOS/tasks.o
 .rodata.vTaskStartScheduler.str1.4
                0x00000000200aa154        0x5 ./FreeRTOS/tasks.o
 *fill*         0x00000000200aa159        0x3 
 .rodata.npio2_hw
                0x00000000200aa15c       0x80 /Users/litianyi/Desktop/MounRiver Studio 2.app/Contents/Resources/app/resources/darwin/components/WCH/Toolchain/RISC-V Embedded GCC12/bin/../lib/gcc/riscv-wch-elf/12.2.0/../../../../riscv-wch-elf/lib/rv32imac_zba_zbb_zbc_zbs_xw/ilp32/libm_nano.a(lib_a-ef_rem_pio2.o)
 .rodata.two_over_pi
                0x00000000200aa1dc      0x318 /Users/litianyi/Desktop/MounRiver Studio 2.app/Contents/Resources/app/resources/darwin/components/WCH/Toolchain/RISC-V Embedded GCC12/bin/../lib/gcc/riscv-wch-elf/12.2.0/../../../../riscv-wch-elf/lib/rv32imac_zba_zbb_zbc_zbs_xw/ilp32/libm_nano.a(lib_a-ef_rem_pio2.o)
 .rodata.PIo2   0x00000000200aa4f4       0x2c /Users/litianyi/Desktop/MounRiver Studio 2.app/Contents/Resources/app/resources/darwin/components/WCH/Toolchain/RISC-V Embedded GCC12/bin/../lib/gcc/riscv-wch-elf/12.2.0/../../../../riscv-wch-elf/lib/rv32imac_zba_zbb_zbc_zbs_xw/ilp32/libm_nano.a(lib_a-kf_rem_pio2.o)
 .rodata.init_jk
                0x00000000200aa520        0xc /Users/litianyi/Desktop/MounRiver Studio 2.app/Contents/Resources/app/resources/darwin/components/WCH/Toolchain/RISC-V Embedded GCC12/bin/../lib/gcc/riscv-wch-elf/12.2.0/../../../../riscv-wch-elf/lib/rv32imac_zba_zbb_zbc_zbs_xw/ilp32/libm_nano.a(lib_a-kf_rem_pio2.o)
 .rodata.__divdf3
                0x00000000200aa52c       0x40 /Users/litianyi/Desktop/MounRiver Studio 2.app/Contents/Resources/app/resources/darwin/components/WCH/Toolchain/RISC-V Embedded GCC12/bin/../lib/gcc/riscv-wch-elf/12.2.0/rv32imac_zba_zbb_zbc_zbs_xw/ilp32/libgcc.a(divdf3.o)
 .rodata.__divsf3
                0x00000000200aa56c       0xa8 /Users/litianyi/Desktop/MounRiver Studio 2.app/Contents/Resources/app/resources/darwin/components/WCH/Toolchain/RISC-V Embedded GCC12/bin/../lib/gcc/riscv-wch-elf/12.2.0/rv32imac_zba_zbb_zbc_zbs_xw/ilp32/libgcc.a(divsf3.o)
 .rodata.__clz_tab
                0x00000000200aa614      0x100 /Users/litianyi/Desktop/MounRiver Studio 2.app/Contents/Resources/app/resources/darwin/components/WCH/Toolchain/RISC-V Embedded GCC12/bin/../lib/gcc/riscv-wch-elf/12.2.0/rv32imac_zba_zbb_zbc_zbs_xw/ilp32/libgcc.a(_clz.o)
                0x00000000200aa614                __clz_tab
 .rodata.__sf_fake_stderr
                0x00000000200aa714       0x20 /Users/litianyi/Desktop/MounRiver Studio 2.app/Contents/Resources/app/resources/darwin/components/WCH/Toolchain/RISC-V Embedded GCC12/bin/../lib/gcc/riscv-wch-elf/12.2.0/../../../../riscv-wch-elf/lib/rv32imac_zba_zbb_zbc_zbs_xw/ilp32/libg_nano.a(lib_a-findfp.o)
                0x00000000200aa714                __sf_fake_stderr
 .rodata.__sf_fake_stdout
                0x00000000200aa734       0x20 /Users/litianyi/Desktop/MounRiver Studio 2.app/Contents/Resources/app/resources/darwin/components/WCH/Toolchain/RISC-V Embedded GCC12/bin/../lib/gcc/riscv-wch-elf/12.2.0/../../../../riscv-wch-elf/lib/rv32imac_zba_zbb_zbc_zbs_xw/ilp32/libg_nano.a(lib_a-findfp.o)
                0x00000000200aa734                __sf_fake_stdout
 .rodata.__sf_fake_stdin
                0x00000000200aa754       0x20 /Users/litianyi/Desktop/MounRiver Studio 2.app/Contents/Resources/app/resources/darwin/components/WCH/Toolchain/RISC-V Embedded GCC12/bin/../lib/gcc/riscv-wch-elf/12.2.0/../../../../riscv-wch-elf/lib/rv32imac_zba_zbb_zbc_zbs_xw/ilp32/libg_nano.a(lib_a-findfp.o)
                0x00000000200aa754                __sf_fake_stdin
 .rodata._vfprintf_r.str1.4
                0x00000000200aa774       0x13 /Users/litianyi/Desktop/MounRiver Studio 2.app/Contents/Resources/app/resources/darwin/components/WCH/Toolchain/RISC-V Embedded GCC12/bin/../lib/gcc/riscv-wch-elf/12.2.0/../../../../riscv-wch-elf/lib/rv32imac_zba_zbb_zbc_zbs_xw/ilp32/libg_nano.a(lib_a-nano-vfprintf.o)
 *fill*         0x00000000200aa787        0x1 
 .rodata._printf_i.str1.4
                0x00000000200aa788       0x25 /Users/litianyi/Desktop/MounRiver Studio 2.app/Contents/Resources/app/resources/darwin/components/WCH/Toolchain/RISC-V Embedded GCC12/bin/../lib/gcc/riscv-wch-elf/12.2.0/../../../../riscv-wch-elf/lib/rv32imac_zba_zbb_zbc_zbs_xw/ilp32/libg_nano.a(lib_a-nano-vfprintf_i.o)
 *fill*         0x00000000200aa7ad        0x3 
 .rodata._printf_i
                0x00000000200aa7b0       0x58 /Users/litianyi/Desktop/MounRiver Studio 2.app/Contents/Resources/app/resources/darwin/components/WCH/Toolchain/RISC-V Embedded GCC12/bin/../lib/gcc/riscv-wch-elf/12.2.0/../../../../riscv-wch-elf/lib/rv32imac_zba_zbb_zbc_zbs_xw/ilp32/libg_nano.a(lib_a-nano-vfprintf_i.o)
 *(.sdata2.*)
 *(.glue_7)
 *(.glue_7t)
 *(.gnu.linkonce.t.*)
                0x00000000200aa808                . = ALIGN (0x4)
                0x00000000200aa808                PROVIDE (_highcode_vma_end = .)

.text           0x000000000000a8e8       0x50
                0x000000000000a8e8                . = ALIGN (0x4)
 *(SORT_NONE(.handle_reset))
 .handle_reset  0x000000000000a8e8       0x4e ./Startup/startup_ch32h417_v5f.o
                0x000000000000a8e8                handle_reset
                0x000000000000a938                . = ALIGN (0x4)
 *fill*         0x000000000000a936        0x2 

.rela.dyn       0x000000000000a938        0x0
 .rela.init     0x000000000000a938        0x0 ./tasks/Src/commander_task.o
 .rela.vector   0x000000000000a938        0x0 ./tasks/Src/commander_task.o
 .rela.load     0x000000000000a938        0x0 ./tasks/Src/commander_task.o
 .rela.handle_reset
                0x000000000000a938        0x0 ./tasks/Src/commander_task.o
 .rela.text.xPortStartScheduler
                0x000000000000a938        0x0 ./tasks/Src/commander_task.o
 .rela.srodata.xISRStackTop
                0x000000000000a938        0x0 ./tasks/Src/commander_task.o
 .rela.text._sbrk
                0x000000000000a938        0x0 ./tasks/Src/commander_task.o
 .rela.sdata.curbrk.0
                0x000000000000a938        0x0 ./tasks/Src/commander_task.o
 .rela.text._vfprintf_r
                0x000000000000a938        0x0 ./tasks/Src/commander_task.o

.shared         0x0000000020178000        0x0
                0x0000000020178000                . = ALIGN (0x4)
 *(SORT_NONE(.shared_data))
                0x0000000020178000                . = ALIGN (0x4)

.highcodelalign1
                0x000000000000a938        0x0
                0x000000000000a938                . = ALIGN (0x4)
                0x000000000000a938                PROVIDE (_highcode_lma1 = .)

.fini           0x00000000200aa808        0x0 load address 0x000000000000a938
                0x00000000200aa808                . = ALIGN (0x4)
                0x00000000200aa808                PROVIDE (_highcode_vma_start1 = .)
 *(SORT_NONE(.fini))
                0x00000000200aa808                . = ALIGN (0x4)
                [!provide]                        PROVIDE (_etext = .)
                [!provide]                        PROVIDE (_eitcm = .)

.preinit_array  0x00000000200aa808        0x0 load address 0x000000000000a938
                [!provide]                        PROVIDE (__preinit_array_start = .)
 *(.preinit_array)
                [!provide]                        PROVIDE (__preinit_array_end = .)

.init_array     0x00000000200aa808        0x0 load address 0x000000000000a938
                [!provide]                        PROVIDE (__init_array_start = .)
 *(SORT_BY_INIT_PRIORITY(.init_array.*) SORT_BY_INIT_PRIORITY(.ctors.*))
 *(.init_array EXCLUDE_FILE(*crtend?.o *crtend.o *crtbegin?.o *crtbegin.o) .ctors)
                [!provide]                        PROVIDE (__init_array_end = .)

.fini_array     0x00000000200aa808        0x0 load address 0x000000000000a938
                [!provide]                        PROVIDE (__fini_array_start = .)
 *(SORT_BY_INIT_PRIORITY(.fini_array.*) SORT_BY_INIT_PRIORITY(.dtors.*))
 *(.fini_array EXCLUDE_FILE(*crtend?.o *crtend.o *crtbegin?.o *crtbegin.o) .dtors)
                [!provide]                        PROVIDE (__fini_array_end = .)

.ctors
 *crtbegin.o(.ctors)
 *crtbegin?.o(.ctors)
 *(EXCLUDE_FILE(*crtend?.o *crtend.o) .ctors)
 *(SORT_BY_NAME(.ctors.*))
 *(.ctors)

.dtors          0x00000000200aa808        0x0 load address 0x000000000000a938
 *crtbegin.o(.dtors)
 *crtbegin?.o(.dtors)
 *(EXCLUDE_FILE(*crtend?.o *crtend.o) .dtors)
 *(SORT_BY_NAME(.dtors.*))
 *(.dtors)
                0x00000000200aa808                . = ALIGN (0x4)
                0x00000000200aa808                PROVIDE (_highcode_vma_end1 = .)

.dalign         0x00000000200c0300        0x0 load address 0x000000000000a938
                0x00000000200c0300                . = ALIGN (0x4)
                0x00000000200c0300                PROVIDE (_data_vma = .)

.dlalign        0x000000000000a938        0x0
                0x000000000000a938                . = ALIGN (0x4)
                0x000000000000a938                PROVIDE (_data_lma = .)

.data           0x00000000200c0300      0x248 load address 0x000000000000a938
                0x00000000200c0300                . = ALIGN (0x4)
 *(.gnu.linkonce.r.*)
 *(.data .data.*)
 .data.SERDESPLLMULTB
                0x00000000200c0300       0x10 ./User/system_ch32h417.o
 .data.HBPrescTB
                0x00000000200c0310       0x10 ./User/system_ch32h417.o
 .data.PLLMULTB
                0x00000000200c0320       0x20 ./User/system_ch32h417.o
 .data.SERDESPLLMULTable
                0x00000000200c0340       0x10 ./Peripheral/src/ch32h417_rcc.o
 .data.HBPrescTable
                0x00000000200c0350       0x10 ./Peripheral/src/ch32h417_rcc.o
 .data.PLLMULTable
                0x00000000200c0360       0x20 ./Peripheral/src/ch32h417_rcc.o
 .data.impure_data
                0x00000000200c0380       0x60 /Users/litianyi/Desktop/MounRiver Studio 2.app/Contents/Resources/app/resources/darwin/components/WCH/Toolchain/RISC-V Embedded GCC12/bin/../lib/gcc/riscv-wch-elf/12.2.0/../../../../riscv-wch-elf/lib/rv32imac_zba_zbb_zbc_zbs_xw/ilp32/libg_nano.a(lib_a-impure.o)
 *(.gnu.linkonce.d.*)
                0x00000000200c03e0                . = ALIGN (0x8)
                0x00000000200c0be0                PROVIDE (__global_pointer$ = (. + 0x800))
 *(.sdata .sdata.*)
 .sdata.FPRETB  0x00000000200c03e0        0x4 ./User/system_ch32h417.o
 .sdata.ADCPRETable
                0x00000000200c03e4        0x4 ./Peripheral/src/ch32h417_rcc.o
 .sdata.PPRE2Table
                0x00000000200c03e8        0x8 ./Peripheral/src/ch32h417_rcc.o
 .sdata.FPRETable
                0x00000000200c03f0        0x4 ./Peripheral/src/ch32h417_rcc.o
 .sdata.uxCriticalNesting
                0x00000000200c03f4        0x4 ./FreeRTOS/portable/GCC/RISC-V/port.o
 .sdata.uxTopUsedPriority
                0x00000000200c03f8        0x4 ./FreeRTOS/tasks.o
 .sdata.curbrk.0
                0x00000000200c03fc        0x4 ./Debug/debug.o
 .sdata._impure_ptr
                0x00000000200c0400        0x4 /Users/litianyi/Desktop/MounRiver Studio 2.app/Contents/Resources/app/resources/darwin/components/WCH/Toolchain/RISC-V Embedded GCC12/bin/../lib/gcc/riscv-wch-elf/12.2.0/../../../../riscv-wch-elf/lib/rv32imac_zba_zbb_zbc_zbs_xw/ilp32/libg_nano.a(lib_a-impure.o)
                0x00000000200c0400                _impure_ptr
 *(.sdata2.*)
 *(.gnu.linkonce.s.*)
                0x00000000200c0408                . = ALIGN (0x8)
 *fill*         0x00000000200c0404        0x4 
 *(.srodata.cst16)
 *(.srodata.cst8)
 .srodata.cst8  0x00000000200c0408       0x20 ./drivers/sensors/gps.o
 *(.srodata.cst4)
 .srodata.cst4  0x00000000200c0428       0x14 ./tasks/Src/commander_task.o
 .srodata.cst4  0x00000000200c043c        0x4 ./tasks/Src/control_task.o
 .srodata.cst4  0x00000000200c0440       0x24 ./tasks/Src/decision_task.o
 .srodata.cst4  0x00000000200c0464        0xc ./modules/estimator/attitude_estimator.o
 .srodata.cst4  0x00000000200c0470       0x38 ./modules/control/flight_controller.o
                                         0x4c (size before relaxing)
 .srodata.cst4  0x00000000200c04a8        0xc ./modules/control/mixer.o
                                         0x10 (size before relaxing)
 .srodata.cst4  0x00000000200c04b4        0x4 ./drivers/sensors/gps.o
 .srodata.cst4  0x00000000200c04b8       0x10 ./drivers/sensors/imu.o
 .srodata.cst4  0x00000000200c04c8       0x20 /Users/litianyi/Desktop/MounRiver Studio 2.app/Contents/Resources/app/resources/darwin/components/WCH/Toolchain/RISC-V Embedded GCC12/bin/../lib/gcc/riscv-wch-elf/12.2.0/../../../../riscv-wch-elf/lib/rv32imac_zba_zbb_zbc_zbs_xw/ilp32/libm_nano.a(lib_a-ef_rem_pio2.o)
                                         0x24 (size before relaxing)
 .srodata.cst4  0x00000000200c04e8       0x1c /Users/litianyi/Desktop/MounRiver Studio 2.app/Contents/Resources/app/resources/darwin/components/WCH/Toolchain/RISC-V Embedded GCC12/bin/../lib/gcc/riscv-wch-elf/12.2.0/../../../../riscv-wch-elf/lib/rv32imac_zba_zbb_zbc_zbs_xw/ilp32/libm_nano.a(lib_a-kf_cos.o)
                                         0x24 (size before relaxing)
 .srodata.cst4  0x00000000200c0504        0xc /Users/litianyi/Desktop/MounRiver Studio 2.app/Contents/Resources/app/resources/darwin/components/WCH/Toolchain/RISC-V Embedded GCC12/bin/../lib/gcc/riscv-wch-elf/12.2.0/../../../../riscv-wch-elf/lib/rv32imac_zba_zbb_zbc_zbs_xw/ilp32/libm_nano.a(lib_a-kf_rem_pio2.o)
                                         0x18 (size before relaxing)
 .srodata.cst4  0x00000000200c0510       0x18 /Users/litianyi/Desktop/MounRiver Studio 2.app/Contents/Resources/app/resources/darwin/components/WCH/Toolchain/RISC-V Embedded GCC12/bin/../lib/gcc/riscv-wch-elf/12.2.0/../../../../riscv-wch-elf/lib/rv32imac_zba_zbb_zbc_zbs_xw/ilp32/libm_nano.a(lib_a-kf_sin.o)
                                         0x1c (size before relaxing)
 .srodata.cst4  0x00000000200c0528        0x4 /Users/litianyi/Desktop/MounRiver Studio 2.app/Contents/Resources/app/resources/darwin/components/WCH/Toolchain/RISC-V Embedded GCC12/bin/../lib/gcc/riscv-wch-elf/12.2.0/../../../../riscv-wch-elf/lib/rv32imac_zba_zbb_zbc_zbs_xw/ilp32/libm_nano.a(lib_a-sf_floor.o)
 .srodata.cst4  0x00000000200c052c       0x14 /Users/litianyi/Desktop/MounRiver Studio 2.app/Contents/Resources/app/resources/darwin/components/WCH/Toolchain/RISC-V Embedded GCC12/bin/../lib/gcc/riscv-wch-elf/12.2.0/../../../../riscv-wch-elf/lib/rv32imac_zba_zbb_zbc_zbs_xw/ilp32/libm_nano.a(lib_a-sf_scalbn.o)
                                         0x18 (size before relaxing)
 *(.srodata.cst2)
 *(.srodata .srodata.*)
 .srodata.xISRStackTop
                0x00000000200c0540        0x4 ./FreeRTOS/portable/GCC/RISC-V/port.o
                0x00000000200c0540                xISRStackTop
 .srodata._global_impure_ptr
                0x00000000200c0544        0x4 /Users/litianyi/Desktop/MounRiver Studio 2.app/Contents/Resources/app/resources/darwin/components/WCH/Toolchain/RISC-V Embedded GCC12/bin/../lib/gcc/riscv-wch-elf/12.2.0/../../../../riscv-wch-elf/lib/rv32imac_zba_zbb_zbc_zbs_xw/ilp32/libg_nano.a(lib_a-impure.o)
                0x00000000200c0544                _global_impure_ptr
                0x00000000200c0548                . = ALIGN (0x4)
                0x00000000200c0548                PROVIDE (_edata = .)

.bss            0x00000000200c0548    0x19048 load address 0x000000000000ab80
                0x00000000200c0548                . = ALIGN (0x4)
                0x00000000200c0548                PROVIDE (_sbss = .)
 *(.sbss*)
 .sbss.loggerTaskHandle
                0x00000000200c0548        0x4 ./tasks/Src/initial_task.o
                0x00000000200c0548                loggerTaskHandle
 .sbss.commanderTaskHandle
                0x00000000200c054c        0x4 ./tasks/Src/initial_task.o
                0x00000000200c054c                commanderTaskHandle
 .sbss.controlTaskHandle
                0x00000000200c0550        0x4 ./tasks/Src/initial_task.o
                0x00000000200c0550                controlTaskHandle
 .sbss.decisionTaskHandle
                0x00000000200c0554        0x4 ./tasks/Src/initial_task.o
                0x00000000200c0554                decisionTaskHandle
 .sbss.sensorTaskHandle
                0x00000000200c0558        0x4 ./tasks/Src/initial_task.o
                0x00000000200c0558                sensorTaskHandle
 .sbss.g_last_mode
                0x00000000200c055c        0x4 ./modules/control/flight_controller.o
 .sbss.g_hover_delta_reference_m
                0x00000000200c0560        0x4 ./modules/control/flight_controller.o
 .sbss.g_altitude_reference_m
                0x00000000200c0564        0x4 ./modules/control/flight_controller.o
 .sbss.g_altitude_reference_valid
                0x00000000200c0568        0x1 ./modules/control/flight_controller.o
 .sbss.g_nmea_line_active
                0x00000000200c0569        0x1 ./drivers/sensors/gps.o
 .sbss.g_nmea_line_len
                0x00000000200c056a        0x1 ./drivers/sensors/gps.o
 .sbss.g_gps_have_sample
                0x00000000200c056b        0x1 ./drivers/sensors/gps.o
 .sbss.g_gps_last_sentence_ms
                0x00000000200c056c        0x4 ./drivers/sensors/gps.o
 .sbss.frame_index.1
                0x00000000200c0570        0x1 ./drivers/sensors/imu.o
 .sbss.frame_function.2
                0x00000000200c0571        0x1 ./drivers/sensors/imu.o
 .sbss.frame_len.3
                0x00000000200c0572        0x1 ./drivers/sensors/imu.o
 .sbss.rx_state.4
                0x00000000200c0573        0x1 ./drivers/sensors/imu.o
 .sbss.g_board_millis
                0x00000000200c0574        0x4 ./bsp/bsp_board.o
 .sbss.debug_calls.0
                0x00000000200c0578        0x4 ./bsp/bsp_pwm.o
 .sbss.g_imu_uart_rx_started
                0x00000000200c057c        0x1 ./bsp/bsp_uart.o
 *fill*         0x00000000200c057d        0x1 
 .sbss.g_imu_uart_rx_read
                0x00000000200c057e        0x2 ./bsp/bsp_uart.o
 .sbss.g_imu_uart_rx_write
                0x00000000200c0580        0x2 ./bsp/bsp_uart.o
 .sbss.g_rc_uart_rx_started
                0x00000000200c0582        0x1 ./bsp/bsp_uart.o
 *fill*         0x00000000200c0583        0x1 
 .sbss.g_rc_uart_rx_read
                0x00000000200c0584        0x2 ./bsp/bsp_uart.o
 .sbss.g_rc_uart_rx_write
                0x00000000200c0586        0x2 ./bsp/bsp_uart.o
 .sbss.g_gps_uart_rx_started
                0x00000000200c0588        0x1 ./bsp/bsp_uart.o
 *fill*         0x00000000200c0589        0x1 
 .sbss.g_gps_uart_rx_read
                0x00000000200c058a        0x2 ./bsp/bsp_uart.o
 .sbss.g_gps_uart_rx_write
                0x00000000200c058c        0x2 ./bsp/bsp_uart.o
 *fill*         0x00000000200c058e        0x2 
 .sbss.SystemCoreClock
                0x00000000200c0590        0x4 ./User/system_ch32h417.o
                0x00000000200c0590                SystemCoreClock
 .sbss.SystemClock
                0x00000000200c0594        0x4 ./User/system_ch32h417.o
                0x00000000200c0594                SystemClock
 .sbss.HCLKClock
                0x00000000200c0598        0x4 ./User/system_ch32h417.o
                0x00000000200c0598                HCLKClock
 .sbss.xNumberOfSuccessfulFrees
                0x00000000200c059c        0x4 ./FreeRTOS/portable/MemMang/heap_4.o
 .sbss.xNumberOfSuccessfulAllocations
                0x00000000200c05a0        0x4 ./FreeRTOS/portable/MemMang/heap_4.o
 .sbss.xMinimumEverFreeBytesRemaining
                0x00000000200c05a4        0x4 ./FreeRTOS/portable/MemMang/heap_4.o
 .sbss.xFreeBytesRemaining
                0x00000000200c05a8        0x4 ./FreeRTOS/portable/MemMang/heap_4.o
 .sbss.pxEnd    0x00000000200c05ac        0x4 ./FreeRTOS/portable/MemMang/heap_4.o
 .sbss.xStart   0x00000000200c05b0        0x8 ./FreeRTOS/portable/MemMang/heap_4.o
 .sbss.uxSchedulerSuspended
                0x00000000200c05b8        0x4 ./FreeRTOS/tasks.o
 .sbss.xIdleTaskHandles
                0x00000000200c05bc        0x4 ./FreeRTOS/tasks.o
 .sbss.xNextTaskUnblockTime
                0x00000000200c05c0        0x4 ./FreeRTOS/tasks.o
 .sbss.uxTaskNumber
                0x00000000200c05c4        0x4 ./FreeRTOS/tasks.o
 .sbss.xNumOfOverflows
                0x00000000200c05c8        0x4 ./FreeRTOS/tasks.o
 .sbss.xYieldPendings
                0x00000000200c05cc        0x4 ./FreeRTOS/tasks.o
 .sbss.xPendedTicks
                0x00000000200c05d0        0x4 ./FreeRTOS/tasks.o
 .sbss.xSchedulerRunning
                0x00000000200c05d4        0x4 ./FreeRTOS/tasks.o
 .sbss.uxTopReadyPriority
                0x00000000200c05d8        0x4 ./FreeRTOS/tasks.o
 .sbss.xTickCount
                0x00000000200c05dc        0x4 ./FreeRTOS/tasks.o
 .sbss.uxCurrentNumberOfTasks
                0x00000000200c05e0        0x4 ./FreeRTOS/tasks.o
 .sbss.uxDeletedTasksWaitingCleanUp
                0x00000000200c05e4        0x4 ./FreeRTOS/tasks.o
 .sbss.pxOverflowDelayedTaskList
                0x00000000200c05e8        0x4 ./FreeRTOS/tasks.o
 .sbss.pxDelayedTaskList
                0x00000000200c05ec        0x4 ./FreeRTOS/tasks.o
 .sbss.pxCurrentTCB
                0x00000000200c05f0        0x4 ./FreeRTOS/tasks.o